00000000000i[      ] BXSHARE not set. using compile time default '/usr/local/share/bochs'
00000000000i[      ] reading configuration from /mnt/volume1/tmp-astra/native-owned-in8-runtime-controls-r3-20261002/in-reply-offset/guest.bochsrc
00000000000i[      ] installing nogui module as the Bochs GUI
00000000000i[      ] using log file /mnt/volume1/tmp-astra/native-owned-in8-runtime-controls-r3-20261002/in-reply-offset/guest.bochs.log
BWSD1	PROBE	resume-before-activation	rejected
BWSD1	PROBE	irq-before-activation	rejected
BWSD1	RESET	00000000	00000000	00000000	00000000	00000000	00000000	00000000	00000000	0000fff0	00000002	7ffffff0	00000000	00000000	f000	0000	0000	00000000	ffff	00000000	ffff
BWSD1	RESET_EXTRA	ffff1ff0	00000400	0000	0000	0000	7680	0	0	00000007	1	0	1	3	ffff0000	0000ffff	0	0	0	00000000	00000f40
BWSD1	RESET_SEG	0	0000	0	0	0	00000007	1	0	1	3	00000000	0000ffff	0	0	0
BWSD1	RESET_SEG	1	f000	7680	0	0	00000007	1	0	1	3	ffff0000	0000ffff	0	0	0
BWSD1	RESET_SEG	2	0000	0	0	0	00000007	1	0	1	3	00000000	0000ffff	0	0	0
BWSD1	RESET_SEG	3	0000	0	0	0	00000007	1	0	1	3	00000000	0000ffff	0	0	0
BWSD1	RESET_SEG	4	0000	0	0	0	00000007	1	0	1	3	00000000	0000ffff	0	0	0
BWSD1	RESET_SEG	5	0000	0	0	0	00000007	1	0	1	3	00000000	0000ffff	0	0	0
BWSD1	RESET_SYS	6	0000	0	0	0	00000001	1	0	0	2	00000000	0000ffff	0	0	0
BWSD1	RESET_SYS	7	0000	0	0	0	00000001	1	0	0	11	00000000	0000ffff	0	0	0
BWSD1	RESET_DR	00000000	00000000	00000000	00000000	ffff1ff0	00000400
BWSD1	TLB_OBSERVED	bridge	activation	0	1	1	0	0	1	-
BWSD1	ACTIVATE	f000	0000fff0	0	1
BWSD1	PREFETCH	fffffff0	0	0	2	0	1
BWSD1	EXEC	fffff000	00fff000	rom	0	3	0	5f4dd953eb30d573f201fbf100925b4a533c1678f64ff052eb0d8312151cbc75	0	1	1
BWSD1	EXEC	fffff000	00fff000	rom	0	4	0	5f4dd953eb30d573f201fbf100925b4a533c1678f64ff052eb0d8312151cbc75	0	1	1
BWSD1	ATTEMPT	f000	0000fff0	0	0	5	fffffff0	5	ea000100f0	00fffff0	rom	0	0	1	1
BWSD1	QUANTUM	0	f000	0000fff0	00000000	0000	00000000	0	1	0	6
BWSD1	BOUNDARY	ordinary	f000	0000fff0	0	1	7
BWSD1	COHERENCE	publish-only	0	1	0	0	1	8	ordinary	0	0	0	0
BWSD1	POST_STATE	00000000	00000000	00000000	00000000	00000000	00000000	00000000	00000000	00000100	00000002	7ffffff0	00000000	00000000	f000	0000	0000	00000000	ffff	00000000	ffff	0	1	9
BWSD1	POST_EXTRA	ffff1ff0	00000400	0000	0000	0000	7680	0	0	00000001	1	0	1	3	000f0000	0000ffff	0	0	0	00000000	00000f40	0	1	10
BWSD1	POST_SEG	0	0000	0	0	0	00000007	1	0	1	3	00000000	0000ffff	0	0	0	0	1	11
BWSD1	POST_SEG	1	f000	7680	0	0	00000001	1	0	1	3	000f0000	0000ffff	0	0	0	0	1	12
BWSD1	POST_SEG	2	0000	0	0	0	00000007	1	0	1	3	00000000	0000ffff	0	0	0	0	1	13
BWSD1	POST_SEG	3	0000	0	0	0	00000007	1	0	1	3	00000000	0000ffff	0	0	0	0	1	14
BWSD1	POST_SEG	4	0000	0	0	0	00000007	1	0	1	3	00000000	0000ffff	0	0	0	0	1	15
BWSD1	POST_SEG	5	0000	0	0	0	00000007	1	0	1	3	00000000	0000ffff	0	0	0	0	1	16
BWSD1	POST_SYS	6	0000	0	0	0	00000001	1	0	0	2	00000000	0000ffff	0	0	0	0	1	17
BWSD1	POST_SYS	7	0000	0	0	0	00000001	1	0	0	11	00000000	0000ffff	0	0	0	0	1	18
BWSD1	POST_DR	00000000	00000000	00000000	00000000	ffff1ff0	00000400	0	1	19
BWSD1	PROBE	callback-reentry	rejected
BWSD1	PROBE	line-reentry	rejected
BWSD1	NATIVE_TICK	1	0	1	1	20
BWSD1	PREFETCH	000f0100	1	1	21	0	1
BWSD1	EXEC	000f0000	000f0000	rom	1	22	0	6dec9f5450b2073c575d799de282b853380472836bec9e48527237e1a77a948e	0	1	1
BWSD1	EXEC	000f0000	000f0000	rom	1	23	0	6dec9f5450b2073c575d799de282b853380472836bec9e48527237e1a77a948e	0	1	1
BWSD1	ATTEMPT	f000	00000100	1	1	24	000f0100	1	fa	000f0100	rom	0	0	1	1
BWSD1	QUANTUM	0	f000	00000100	00000000	0000	00000000	1	2	1	25
BWSD1	BOUNDARY	ordinary	f000	00000100	1	2	26
BWSD1	COHERENCE	publish-only	0	1	0	1	2	27	ordinary	0	0	0	0
BWSD1	POST_STATE	00000000	00000000	00000000	00000000	00000000	00000000	00000000	00000000	00000101	00000002	7ffffff0	00000000	00000000	f000	0000	0000	00000000	ffff	00000000	ffff	1	2	28
BWSD1	POST_EXTRA	ffff1ff0	00000400	0000	0000	0000	7680	0	0	00000001	1	0	1	3	000f0000	0000ffff	0	0	0	00000000	00000f40	1	2	29
BWSD1	POST_SEG	0	0000	0	0	0	00000007	1	0	1	3	00000000	0000ffff	0	0	0	1	2	30
BWSD1	POST_SEG	1	f000	7680	0	0	00000001	1	0	1	3	000f0000	0000ffff	0	0	0	1	2	31
BWSD1	POST_SEG	2	0000	0	0	0	00000007	1	0	1	3	00000000	0000ffff	0	0	0	1	2	32
BWSD1	POST_SEG	3	0000	0	0	0	00000007	1	0	1	3	00000000	0000ffff	0	0	0	1	2	33
BWSD1	POST_SEG	4	0000	0	0	0	00000007	1	0	1	3	00000000	0000ffff	0	0	0	1	2	34
BWSD1	POST_SEG	5	0000	0	0	0	00000007	1	0	1	3	00000000	0000ffff	0	0	0	1	2	35
BWSD1	POST_SYS	6	0000	0	0	0	00000001	1	0	0	2	00000000	0000ffff	0	0	0	1	2	36
BWSD1	POST_SYS	7	0000	0	0	0	00000001	1	0	0	11	00000000	0000ffff	0	0	0	1	2	37
BWSD1	POST_DR	00000000	00000000	00000000	00000000	ffff1ff0	00000400	1	2	38
BWSD1	NATIVE_TICK	1	1	2	2	39
BWSD1	ATTEMPT	f000	00000101	2	2	40	000f0101	1	fc	000f0101	rom	0	0	1	1
BWSD1	QUANTUM	0	f000	00000101	00000000	0000	00000000	2	3	2	41
BWSD1	BOUNDARY	ordinary	f000	00000101	2	3	42
BWSD1	COHERENCE	publish-only	0	1	0	2	3	43	ordinary	0	0	0	0
BWSD1	POST_STATE	00000000	00000000	00000000	00000000	00000000	00000000	00000000	00000000	00000102	00000002	7ffffff0	00000000	00000000	f000	0000	0000	00000000	ffff	00000000	ffff	2	3	44
BWSD1	POST_EXTRA	ffff1ff0	00000400	0000	0000	0000	7680	0	0	00000001	1	0	1	3	000f0000	0000ffff	0	0	0	00000000	00000f40	2	3	45
BWSD1	POST_SEG	0	0000	0	0	0	00000007	1	0	1	3	00000000	0000ffff	0	0	0	2	3	46
BWSD1	POST_SEG	1	f000	7680	0	0	00000001	1	0	1	3	000f0000	0000ffff	0	0	0	2	3	47
BWSD1	POST_SEG	2	0000	0	0	0	00000007	1	0	1	3	00000000	0000ffff	0	0	0	2	3	48
BWSD1	POST_SEG	3	0000	0	0	0	00000007	1	0	1	3	00000000	0000ffff	0	0	0	2	3	49
BWSD1	POST_SEG	4	0000	0	0	0	00000007	1	0	1	3	00000000	0000ffff	0	0	0	2	3	50
BWSD1	POST_SEG	5	0000	0	0	0	00000007	1	0	1	3	00000000	0000ffff	0	0	0	2	3	51
BWSD1	POST_SYS	6	0000	0	0	0	00000001	1	0	0	2	00000000	0000ffff	0	0	0	2	3	52
BWSD1	POST_SYS	7	0000	0	0	0	00000001	1	0	0	11	00000000	0000ffff	0	0	0	2	3	53
BWSD1	POST_DR	00000000	00000000	00000000	00000000	ffff1ff0	00000400	2	3	54
BWSD1	NATIVE_TICK	1	2	3	3	55
BWSD1	ATTEMPT	f000	00000102	3	3	56	000f0102	2	31c0	000f0102	rom	0	0	1	1
BWSD1	QUANTUM	0	f000	00000102	00000000	0000	00000000	3	4	3	57
BWSD1	BOUNDARY	ordinary	f000	00000102	3	4	58
BWSD1	COHERENCE	publish-only	0	1	0	3	4	59	ordinary	0	0	0	0
BWSD1	POST_STATE	00000000	00000000	00000000	00000000	00000000	00000000	00000000	00000000	00000104	00000046	7ffffff0	00000000	00000000	f000	0000	0000	00000000	ffff	00000000	ffff	3	4	60
BWSD1	POST_EXTRA	ffff1ff0	00000400	0000	0000	0000	7680	0	0	00000001	1	0	1	3	000f0000	0000ffff	0	0	0	00000000	00000f40	3	4	61
BWSD1	POST_SEG	0	0000	0	0	0	00000007	1	0	1	3	00000000	0000ffff	0	0	0	3	4	62
BWSD1	POST_SEG	1	f000	7680	0	0	00000001	1	0	1	3	000f0000	0000ffff	0	0	0	3	4	63
BWSD1	POST_SEG	2	0000	0	0	0	00000007	1	0	1	3	00000000	0000ffff	0	0	0	3	4	64
BWSD1	POST_SEG	3	0000	0	0	0	00000007	1	0	1	3	00000000	0000ffff	0	0	0	3	4	65
BWSD1	POST_SEG	4	0000	0	0	0	00000007	1	0	1	3	00000000	0000ffff	0	0	0	3	4	66
BWSD1	POST_SEG	5	0000	0	0	0	00000007	1	0	1	3	00000000	0000ffff	0	0	0	3	4	67
BWSD1	POST_SYS	6	0000	0	0	0	00000001	1	0	0	2	00000000	0000ffff	0	0	0	3	4	68
BWSD1	POST_SYS	7	0000	0	0	0	00000001	1	0	0	11	00000000	0000ffff	0	0	0	3	4	69
BWSD1	POST_DR	00000000	00000000	00000000	00000000	ffff1ff0	00000400	3	4	70
BWSD1	NATIVE_TICK	1	3	4	4	71
BWSD1	ATTEMPT	f000	00000104	4	4	72	000f0104	2	8ed8	000f0104	rom	0	0	1	1
BWSD1	QUANTUM	0	f000	00000104	00000000	0000	00000000	4	5	4	73
BWSD1	BOUNDARY	ordinary	f000	00000104	4	5	74
BWSD1	COHERENCE	publish-only	0	1	0	4	5	75	ordinary	0	0	0	0
BWSD1	POST_STATE	00000000	00000000	00000000	00000000	00000000	00000000	00000000	00000000	00000106	00000046	7ffffff0	00000000	00000000	f000	0000	0000	00000000	ffff	00000000	ffff	4	5	76
BWSD1	POST_EXTRA	ffff1ff0	00000400	0000	0000	0000	7680	0	0	00000001	1	0	1	3	000f0000	0000ffff	0	0	0	00000000	00000f40	4	5	77
BWSD1	POST_SEG	0	0000	0	0	0	00000007	1	0	1	3	00000000	0000ffff	0	0	0	4	5	78
BWSD1	POST_SEG	1	f000	7680	0	0	00000001	1	0	1	3	000f0000	0000ffff	0	0	0	4	5	79
BWSD1	POST_SEG	2	0000	0	0	0	00000007	1	0	1	3	00000000	0000ffff	0	0	0	4	5	80
BWSD1	POST_SEG	3	0000	0	0	0	00000001	1	0	1	3	00000000	0000ffff	0	0	0	4	5	81
BWSD1	POST_SEG	4	0000	0	0	0	00000007	1	0	1	3	00000000	0000ffff	0	0	0	4	5	82
BWSD1	POST_SEG	5	0000	0	0	0	00000007	1	0	1	3	00000000	0000ffff	0	0	0	4	5	83
BWSD1	POST_SYS	6	0000	0	0	0	00000001	1	0	0	2	00000000	0000ffff	0	0	0	4	5	84
BWSD1	POST_SYS	7	0000	0	0	0	00000001	1	0	0	11	00000000	0000ffff	0	0	0	4	5	85
BWSD1	POST_DR	00000000	00000000	00000000	00000000	ffff1ff0	00000400	4	5	86
BWSD1	NATIVE_TICK	1	4	5	5	87
BWSD1	ATTEMPT	f000	00000106	5	5	88	000f0106	2	8ec0	000f0106	rom	0	0	1	1
BWSD1	QUANTUM	0	f000	00000106	00000000	0000	00000000	5	6	5	89
BWSD1	BOUNDARY	ordinary	f000	00000106	5	6	90
BWSD1	COHERENCE	publish-only	0	1	0	5	6	91	ordinary	0	0	0	0
BWSD1	POST_STATE	00000000	00000000	00000000	00000000	00000000	00000000	00000000	00000000	00000108	00000046	7ffffff0	00000000	00000000	f000	0000	0000	00000000	ffff	00000000	ffff	5	6	92
BWSD1	POST_EXTRA	ffff1ff0	00000400	0000	0000	0000	7680	0	0	00000001	1	0	1	3	000f0000	0000ffff	0	0	0	00000000	00000f40	5	6	93
BWSD1	POST_SEG	0	0000	0	0	0	00000001	1	0	1	3	00000000	0000ffff	0	0	0	5	6	94
BWSD1	POST_SEG	1	f000	7680	0	0	00000001	1	0	1	3	000f0000	0000ffff	0	0	0	5	6	95
BWSD1	POST_SEG	2	0000	0	0	0	00000007	1	0	1	3	00000000	0000ffff	0	0	0	5	6	96
BWSD1	POST_SEG	3	0000	0	0	0	00000001	1	0	1	3	00000000	0000ffff	0	0	0	5	6	97
BWSD1	POST_SEG	4	0000	0	0	0	00000007	1	0	1	3	00000000	0000ffff	0	0	0	5	6	98
BWSD1	POST_SEG	5	0000	0	0	0	00000007	1	0	1	3	00000000	0000ffff	0	0	0	5	6	99
BWSD1	POST_SYS	6	0000	0	0	0	00000001	1	0	0	2	00000000	0000ffff	0	0	0	5	6	100
BWSD1	POST_SYS	7	0000	0	0	0	00000001	1	0	0	11	00000000	0000ffff	0	0	0	5	6	101
BWSD1	POST_DR	00000000	00000000	00000000	00000000	ffff1ff0	00000400	5	6	102
BWSD1	NATIVE_TICK	1	5	6	6	103
BWSD1	ATTEMPT	f000	00000108	6	6	104	000f0108	2	8ed0	000f0108	rom	0	0	1	1
BWSD1	QUANTUM	0	f000	00000108	00000000	0000	00000000	6	7	6	105
BWSD1	BOUNDARY	ordinary	f000	00000108	6	7	106
BWSD1	COHERENCE	publish-only	0	1	0	6	7	107	ordinary	0	0	0	0
BWSD1	POST_STATE	00000000	00000000	00000000	00000000	00000000	00000000	00000000	00000000	0000010a	00000046	7ffffff0	00000000	00000000	f000	0000	0000	00000000	ffff	00000000	ffff	6	7	108
BWSD1	POST_EXTRA	ffff1ff0	00000400	0000	0000	0000	7680	0	0	00000001	1	0	1	3	000f0000	0000ffff	0	0	0	00000000	00000f40	6	7	109
BWSD1	POST_SEG	0	0000	0	0	0	00000001	1	0	1	3	00000000	0000ffff	0	0	0	6	7	110
BWSD1	POST_SEG	1	f000	7680	0	0	00000001	1	0	1	3	000f0000	0000ffff	0	0	0	6	7	111
BWSD1	POST_SEG	2	0000	0	0	0	00000001	1	0	1	3	00000000	0000ffff	0	0	0	6	7	112
BWSD1	POST_SEG	3	0000	0	0	0	00000001	1	0	1	3	00000000	0000ffff	0	0	0	6	7	113
BWSD1	POST_SEG	4	0000	0	0	0	00000007	1	0	1	3	00000000	0000ffff	0	0	0	6	7	114
BWSD1	POST_SEG	5	0000	0	0	0	00000007	1	0	1	3	00000000	0000ffff	0	0	0	6	7	115
BWSD1	POST_SYS	6	0000	0	0	0	00000001	1	0	0	2	00000000	0000ffff	0	0	0	6	7	116
BWSD1	POST_SYS	7	0000	0	0	0	00000001	1	0	0	11	00000000	0000ffff	0	0	0	6	7	117
BWSD1	POST_DR	00000000	00000000	00000000	00000000	ffff1ff0	00000400	6	7	118
BWSD1	NATIVE_TICK	1	6	7	7	119
BWSD1	ATTEMPT	f000	0000010a	7	7	120	000f010a	3	bc0090	000f010a	rom	0	0	1	1
BWSD1	QUANTUM	0	f000	0000010a	00000000	0000	00000000	7	8	7	121
BWSD1	BOUNDARY	ordinary	f000	0000010a	7	8	122
BWSD1	COHERENCE	publish-only	0	1	0	7	8	123	ordinary	0	0	0	0
BWSD1	POST_STATE	00000000	00000000	00000000	00000000	00009000	00000000	00000000	00000000	0000010d	00000046	7ffffff0	00000000	00000000	f000	0000	0000	00000000	ffff	00000000	ffff	7	8	124
BWSD1	POST_EXTRA	ffff1ff0	00000400	0000	0000	0000	7680	0	0	00000001	1	0	1	3	000f0000	0000ffff	0	0	0	00000000	00000f40	7	8	125
BWSD1	POST_SEG	0	0000	0	0	0	00000001	1	0	1	3	00000000	0000ffff	0	0	0	7	8	126
BWSD1	POST_SEG	1	f000	7680	0	0	00000001	1	0	1	3	000f0000	0000ffff	0	0	0	7	8	127
BWSD1	POST_SEG	2	0000	0	0	0	00000001	1	0	1	3	00000000	0000ffff	0	0	0	7	8	128
BWSD1	POST_SEG	3	0000	0	0	0	00000001	1	0	1	3	00000000	0000ffff	0	0	0	7	8	129
BWSD1	POST_SEG	4	0000	0	0	0	00000007	1	0	1	3	00000000	0000ffff	0	0	0	7	8	130
BWSD1	POST_SEG	5	0000	0	0	0	00000007	1	0	1	3	00000000	0000ffff	0	0	0	7	8	131
BWSD1	POST_SYS	6	0000	0	0	0	00000001	1	0	0	2	00000000	0000ffff	0	0	0	7	8	132
BWSD1	POST_SYS	7	0000	0	0	0	00000001	1	0	0	11	00000000	0000ffff	0	0	0	7	8	133
BWSD1	POST_DR	00000000	00000000	00000000	00000000	ffff1ff0	00000400	7	8	134
BWSD1	NATIVE_TICK	1	7	8	8	135
BWSD1	ATTEMPT	f000	0000010d	8	8	136	000f010d	5	6689161005	000f010d	rom	0	0	1	1
BWSD1	MEM	W	00000510	00000510	ram	00	ram-commit	8	137	data	0	1
BWSD1	MEM	W	00000511	00000511	ram	00	ram-commit	8	138	data	0	1
BWSD1	MEM	W	00000512	00000512	ram	00	ram-commit	8	139	data	0	1
BWSD1	MEM	W	00000513	00000513	ram	00	ram-commit	8	140	data	0	1
BWSD1	QUANTUM	0	f000	0000010d	00000000	0000	00000000	8	9	8	141
BWSD1	BOUNDARY	ordinary	f000	0000010d	8	9	142
BWSD1	COMMIT	00000510	00000510	4	00000000	1	0	8	9	143	ordinary	1	data
BWSD1	COHERENCE	publish-only	0	1	0	8	9	144	ordinary	0	0	0	0
BWSD1	POST_STATE	00000000	00000000	00000000	00000000	00009000	00000000	00000000	00000000	00000112	00000046	7ffffff0	00000000	00000000	f000	0000	0000	00000000	ffff	00000000	ffff	8	9	145
BWSD1	POST_EXTRA	ffff1ff0	00000400	0000	0000	0000	7680	0	0	00000001	1	0	1	3	000f0000	0000ffff	0	0	0	00000000	00000f40	8	9	146
BWSD1	POST_SEG	0	0000	0	0	0	00000001	1	0	1	3	00000000	0000ffff	0	0	0	8	9	147
BWSD1	POST_SEG	1	f000	7680	0	0	00000001	1	0	1	3	000f0000	0000ffff	0	0	0	8	9	148
BWSD1	POST_SEG	2	0000	0	0	0	00000001	1	0	1	3	00000000	0000ffff	0	0	0	8	9	149
BWSD1	POST_SEG	3	0000	0	0	0	00000007	1	0	1	3	00000000	0000ffff	0	0	0	8	9	150
BWSD1	POST_SEG	4	0000	0	0	0	00000007	1	0	1	3	00000000	0000ffff	0	0	0	8	9	151
BWSD1	POST_SEG	5	0000	0	0	0	00000007	1	0	1	3	00000000	0000ffff	0	0	0	8	9	152
BWSD1	POST_SYS	6	0000	0	0	0	00000001	1	0	0	2	00000000	0000ffff	0	0	0	8	9	153
BWSD1	POST_SYS	7	0000	0	0	0	00000001	1	0	0	11	00000000	0000ffff	0	0	0	8	9	154
BWSD1	POST_DR	00000000	00000000	00000000	00000000	ffff1ff0	00000400	8	9	155
BWSD1	NATIVE_TICK	1	8	9	9	156
BWSD1	ATTEMPT	f000	00000112	9	9	157	000f0112	2	b034	000f0112	rom	0	0	1	1
BWSD1	QUANTUM	0	f000	00000112	00000000	0000	00000000	9	10	9	158
BWSD1	BOUNDARY	ordinary	f000	00000112	9	10	159
BWSD1	COHERENCE	publish-only	0	1	0	9	10	160	ordinary	0	0	0	0
BWSD1	POST_STATE	00000034	00000000	00000000	00000000	00009000	00000000	00000000	00000000	00000114	00000046	7ffffff0	00000000	00000000	f000	0000	0000	00000000	ffff	00000000	ffff	9	10	161
BWSD1	POST_EXTRA	ffff1ff0	00000400	0000	0000	0000	7680	0	0	00000001	1	0	1	3	000f0000	0000ffff	0	0	0	00000000	00000f40	9	10	162
BWSD1	POST_SEG	0	0000	0	0	0	00000001	1	0	1	3	00000000	0000ffff	0	0	0	9	10	163
BWSD1	POST_SEG	1	f000	7680	0	0	00000001	1	0	1	3	000f0000	0000ffff	0	0	0	9	10	164
BWSD1	POST_SEG	2	0000	0	0	0	00000001	1	0	1	3	00000000	0000ffff	0	0	0	9	10	165
BWSD1	POST_SEG	3	0000	0	0	0	00000007	1	0	1	3	00000000	0000ffff	0	0	0	9	10	166
BWSD1	POST_SEG	4	0000	0	0	0	00000007	1	0	1	3	00000000	0000ffff	0	0	0	9	10	167
BWSD1	POST_SEG	5	0000	0	0	0	00000007	1	0	1	3	00000000	0000ffff	0	0	0	9	10	168
BWSD1	POST_SYS	6	0000	0	0	0	00000001	1	0	0	2	00000000	0000ffff	0	0	0	9	10	169
BWSD1	POST_SYS	7	0000	0	0	0	00000001	1	0	0	11	00000000	0000ffff	0	0	0	9	10	170
BWSD1	POST_DR	00000000	00000000	00000000	00000000	ffff1ff0	00000400	9	10	171
BWSD1	NATIVE_TICK	1	9	10	10	172
BWSD1	ATTEMPT	f000	00000114	10	10	173	000f0114	2	e643	000f0114	rom	0	0	1	1
BWSD1	PORT	out	0043	1	00000034	10	174
BWSD1	QUANTUM	0	f000	00000114	00000000	0000	00000000	10	11	10	175
BWSD1	BOUNDARY	ordinary	f000	00000114	10	11	176
BWSD1	COHERENCE	publish-only	0	1	0	10	11	177	ordinary	0	0	0	0
BWSD1	POST_STATE	00000034	00000000	00000000	00000000	00009000	00000000	00000000	00000000	00000116	00000046	7ffffff0	00000000	00000000	f000	0000	0000	00000000	ffff	00000000	ffff	10	11	178
BWSD1	POST_EXTRA	ffff1ff0	00000400	0000	0000	0000	7680	0	0	00000001	1	0	1	3	000f0000	0000ffff	0	0	0	00000000	00000f40	10	11	179
BWSD1	POST_SEG	0	0000	0	0	0	00000001	1	0	1	3	00000000	0000ffff	0	0	0	10	11	180
BWSD1	POST_SEG	1	f000	7680	0	0	00000001	1	0	1	3	000f0000	0000ffff	0	0	0	10	11	181
BWSD1	POST_SEG	2	0000	0	0	0	00000001	1	0	1	3	00000000	0000ffff	0	0	0	10	11	182
BWSD1	POST_SEG	3	0000	0	0	0	00000007	1	0	1	3	00000000	0000ffff	0	0	0	10	11	183
BWSD1	POST_SEG	4	0000	0	0	0	00000007	1	0	1	3	00000000	0000ffff	0	0	0	10	11	184
BWSD1	POST_SEG	5	0000	0	0	0	00000007	1	0	1	3	00000000	0000ffff	0	0	0	10	11	185
BWSD1	POST_SYS	6	0000	0	0	0	00000001	1	0	0	2	00000000	0000ffff	0	0	0	10	11	186
BWSD1	POST_SYS	7	0000	0	0	0	00000001	1	0	0	11	00000000	0000ffff	0	0	0	10	11	187
BWSD1	POST_DR	00000000	00000000	00000000	00000000	ffff1ff0	00000400	10	11	188
BWSD1	NATIVE_TICK	1	10	11	11	189
BWSD1	IRQ_LINE	1	11	11	190
BWSD1	ATTEMPT	f000	00000116	11	11	191	000f0116	2	b034	000f0116	rom	0	0	1	1
BWSD1	QUANTUM	0	f000	00000116	00000000	0000	00000000	11	12	11	192
BWSD1	BOUNDARY	ordinary	f000	00000116	11	12	193
BWSD1	COHERENCE	publish-only	0	1	0	11	12	194	ordinary	0	0	0	0
BWSD1	POST_STATE	00000034	00000000	00000000	00000000	00009000	00000000	00000000	00000000	00000118	00000046	7ffffff0	00000000	00000000	f000	0000	0000	00000000	ffff	00000000	ffff	11	12	195
BWSD1	POST_EXTRA	ffff1ff0	00000400	0000	0000	0000	7680	0	0	00000001	1	0	1	3	000f0000	0000ffff	0	0	0	00000400	00000f40	11	12	196
BWSD1	POST_SEG	0	0000	0	0	0	00000001	1	0	1	3	00000000	0000ffff	0	0	0	11	12	197
BWSD1	POST_SEG	1	f000	7680	0	0	00000001	1	0	1	3	000f0000	0000ffff	0	0	0	11	12	198
BWSD1	POST_SEG	2	0000	0	0	0	00000001	1	0	1	3	00000000	0000ffff	0	0	0	11	12	199
BWSD1	POST_SEG	3	0000	0	0	0	00000007	1	0	1	3	00000000	0000ffff	0	0	0	11	12	200
BWSD1	POST_SEG	4	0000	0	0	0	00000007	1	0	1	3	00000000	0000ffff	0	0	0	11	12	201
BWSD1	POST_SEG	5	0000	0	0	0	00000007	1	0	1	3	00000000	0000ffff	0	0	0	11	12	202
BWSD1	POST_SYS	6	0000	0	0	0	00000001	1	0	0	2	00000000	0000ffff	0	0	0	11	12	203
BWSD1	POST_SYS	7	0000	0	0	0	00000001	1	0	0	11	00000000	0000ffff	0	0	0	11	12	204
BWSD1	POST_DR	00000000	00000000	00000000	00000000	ffff1ff0	00000400	11	12	205
BWSD1	NATIVE_TICK	1	11	12	12	206
BWSD1	ATTEMPT	f000	00000118	12	12	207	000f0118	2	e640	000f0118	rom	0	0	1	1
BWSD1	PORT	out	0040	1	00000034	12	208
BWSD1	QUANTUM	0	f000	00000118	00000000	0000	00000000	12	13	12	209
BWSD1	BOUNDARY	ordinary	f000	00000118	12	13	210
BWSD1	COHERENCE	publish-only	0	1	0	12	13	211	ordinary	0	0	0	0
BWSD1	POST_STATE	00000034	00000000	00000000	00000000	00009000	00000000	00000000	00000000	0000011a	00000046	7ffffff0	00000000	00000000	f000	0000	0000	00000000	ffff	00000000	ffff	12	13	212
BWSD1	POST_EXTRA	ffff1ff0	00000400	0000	0000	0000	7680	0	0	00000001	1	0	1	3	000f0000	0000ffff	0	0	0	00000400	00000f40	12	13	213
BWSD1	POST_SEG	0	0000	0	0	0	00000001	1	0	1	3	00000000	0000ffff	0	0	0	12	13	214
BWSD1	POST_SEG	1	f000	7680	0	0	00000001	1	0	1	3	000f0000	0000ffff	0	0	0	12	13	215
BWSD1	POST_SEG	2	0000	0	0	0	00000001	1	0	1	3	00000000	0000ffff	0	0	0	12	13	216
BWSD1	POST_SEG	3	0000	0	0	0	00000007	1	0	1	3	00000000	0000ffff	0	0	0	12	13	217
BWSD1	POST_SEG	4	0000	0	0	0	00000007	1	0	1	3	00000000	0000ffff	0	0	0	12	13	218
BWSD1	POST_SEG	5	0000	0	0	0	00000007	1	0	1	3	00000000	0000ffff	0	0	0	12	13	219
BWSD1	POST_SYS	6	0000	0	0	0	00000001	1	0	0	2	00000000	0000ffff	0	0	0	12	13	220
BWSD1	POST_SYS	7	0000	0	0	0	00000001	1	0	0	11	00000000	0000ffff	0	0	0	12	13	221
BWSD1	POST_DR	00000000	00000000	00000000	00000000	ffff1ff0	00000400	12	13	222
BWSD1	NATIVE_TICK	1	12	13	13	223
BWSD1	ATTEMPT	f000	0000011a	13	13	224	000f011a	2	b012	000f011a	rom	0	0	1	1
BWSD1	QUANTUM	0	f000	0000011a	00000000	0000	00000000	13	14	13	225
BWSD1	BOUNDARY	ordinary	f000	0000011a	13	14	226
BWSD1	COHERENCE	publish-only	0	1	0	13	14	227	ordinary	0	0	0	0
BWSD1	POST_STATE	00000012	00000000	00000000	00000000	00009000	00000000	00000000	00000000	0000011c	00000046	7ffffff0	00000000	00000000	f000	0000	0000	00000000	ffff	00000000	ffff	13	14	228
BWSD1	POST_EXTRA	ffff1ff0	00000400	0000	0000	0000	7680	0	0	00000001	1	0	1	3	000f0000	0000ffff	0	0	0	00000400	00000f40	13	14	229
BWSD1	POST_SEG	0	0000	0	0	0	00000001	1	0	1	3	00000000	0000ffff	0	0	0	13	14	230
BWSD1	POST_SEG	1	f000	7680	0	0	00000001	1	0	1	3	000f0000	0000ffff	0	0	0	13	14	231
BWSD1	POST_SEG	2	0000	0	0	0	00000001	1	0	1	3	00000000	0000ffff	0	0	0	13	14	232
BWSD1	POST_SEG	3	0000	0	0	0	00000007	1	0	1	3	00000000	0000ffff	0	0	0	13	14	233
BWSD1	POST_SEG	4	0000	0	0	0	00000007	1	0	1	3	00000000	0000ffff	0	0	0	13	14	234
BWSD1	POST_SEG	5	0000	0	0	0	00000007	1	0	1	3	00000000	0000ffff	0	0	0	13	14	235
BWSD1	POST_SYS	6	0000	0	0	0	00000001	1	0	0	2	00000000	0000ffff	0	0	0	13	14	236
BWSD1	POST_SYS	7	0000	0	0	0	00000001	1	0	0	11	00000000	0000ffff	0	0	0	13	14	237
BWSD1	POST_DR	00000000	00000000	00000000	00000000	ffff1ff0	00000400	13	14	238
BWSD1	NATIVE_TICK	1	13	14	14	239
BWSD1	ATTEMPT	f000	0000011c	14	14	240	000f011c	2	e640	000f011c	rom	0	0	1	1
BWSD1	PORT	out	0040	1	00000012	14	241
BWSD1	QUANTUM	0	f000	0000011c	00000000	0000	00000000	14	15	14	242
BWSD1	BOUNDARY	ordinary	f000	0000011c	14	15	243
BWSD1	COHERENCE	publish-only	0	1	0	14	15	244	ordinary	0	0	0	0
BWSD1	POST_STATE	00000012	00000000	00000000	00000000	00009000	00000000	00000000	00000000	0000011e	00000046	7ffffff0	00000000	00000000	f000	0000	0000	00000000	ffff	00000000	ffff	14	15	245
BWSD1	POST_EXTRA	ffff1ff0	00000400	0000	0000	0000	7680	0	0	00000001	1	0	1	3	000f0000	0000ffff	0	0	0	00000400	00000f40	14	15	246
BWSD1	POST_SEG	0	0000	0	0	0	00000001	1	0	1	3	00000000	0000ffff	0	0	0	14	15	247
BWSD1	POST_SEG	1	f000	7680	0	0	00000001	1	0	1	3	000f0000	0000ffff	0	0	0	14	15	248
BWSD1	POST_SEG	2	0000	0	0	0	00000001	1	0	1	3	00000000	0000ffff	0	0	0	14	15	249
BWSD1	POST_SEG	3	0000	0	0	0	00000007	1	0	1	3	00000000	0000ffff	0	0	0	14	15	250
BWSD1	POST_SEG	4	0000	0	0	0	00000007	1	0	1	3	00000000	0000ffff	0	0	0	14	15	251
BWSD1	POST_SEG	5	0000	0	0	0	00000007	1	0	1	3	00000000	0000ffff	0	0	0	14	15	252
BWSD1	POST_SYS	6	0000	0	0	0	00000001	1	0	0	2	00000000	0000ffff	0	0	0	14	15	253
BWSD1	POST_SYS	7	0000	0	0	0	00000001	1	0	0	11	00000000	0000ffff	0	0	0	14	15	254
BWSD1	POST_DR	00000000	00000000	00000000	00000000	ffff1ff0	00000400	14	15	255
BWSD1	NATIVE_TICK	1	14	15	15	256
BWSD1	ATTEMPT	f000	0000011e	15	15	257	000f011e	2	b000	000f011e	rom	0	0	1	1
BWSD1	QUANTUM	0	f000	0000011e	00000000	0000	00000000	15	16	15	258
BWSD1	BOUNDARY	ordinary	f000	0000011e	15	16	259
BWSD1	COHERENCE	publish-only	0	1	0	15	16	260	ordinary	0	0	0	0
BWSD1	POST_STATE	00000000	00000000	00000000	00000000	00009000	00000000	00000000	00000000	00000120	00000046	7ffffff0	00000000	00000000	f000	0000	0000	00000000	ffff	00000000	ffff	15	16	261
BWSD1	POST_EXTRA	ffff1ff0	00000400	0000	0000	0000	7680	0	0	00000001	1	0	1	3	000f0000	0000ffff	0	0	0	00000400	00000f40	15	16	262
BWSD1	POST_SEG	0	0000	0	0	0	00000001	1	0	1	3	00000000	0000ffff	0	0	0	15	16	263
BWSD1	POST_SEG	1	f000	7680	0	0	00000001	1	0	1	3	000f0000	0000ffff	0	0	0	15	16	264
BWSD1	POST_SEG	2	0000	0	0	0	00000001	1	0	1	3	00000000	0000ffff	0	0	0	15	16	265
BWSD1	POST_SEG	3	0000	0	0	0	00000007	1	0	1	3	00000000	0000ffff	0	0	0	15	16	266
BWSD1	POST_SEG	4	0000	0	0	0	00000007	1	0	1	3	00000000	0000ffff	0	0	0	15	16	267
BWSD1	POST_SEG	5	0000	0	0	0	00000007	1	0	1	3	00000000	0000ffff	0	0	0	15	16	268
BWSD1	POST_SYS	6	0000	0	0	0	00000001	1	0	0	2	00000000	0000ffff	0	0	0	15	16	269
BWSD1	POST_SYS	7	0000	0	0	0	00000001	1	0	0	11	00000000	0000ffff	0	0	0	15	16	270
BWSD1	POST_DR	00000000	00000000	00000000	00000000	ffff1ff0	00000400	15	16	271
BWSD1	NATIVE_TICK	1	15	16	16	272
BWSD1	ATTEMPT	f000	00000120	16	16	273	000f0120	2	e643	000f0120	rom	0	0	1	1
BWSD1	PORT	out	0043	1	00000000	16	274
BWSD1	QUANTUM	0	f000	00000120	00000000	0000	00000000	16	17	16	275
BWSD1	BOUNDARY	ordinary	f000	00000120	16	17	276
BWSD1	COHERENCE	publish-only	0	1	0	16	17	277	ordinary	0	0	0	0
BWSD1	POST_STATE	00000000	00000000	00000000	00000000	00009000	00000000	00000000	00000000	00000122	00000046	7ffffff0	00000000	00000000	f000	0000	0000	00000000	ffff	00000000	ffff	16	17	278
BWSD1	POST_EXTRA	ffff1ff0	00000400	0000	0000	0000	7680	0	0	00000001	1	0	1	3	000f0000	0000ffff	0	0	0	00000400	00000f40	16	17	279
BWSD1	POST_SEG	0	0000	0	0	0	00000001	1	0	1	3	00000000	0000ffff	0	0	0	16	17	280
BWSD1	POST_SEG	1	f000	7680	0	0	00000001	1	0	1	3	000f0000	0000ffff	0	0	0	16	17	281
BWSD1	POST_SEG	2	0000	0	0	0	00000001	1	0	1	3	00000000	0000ffff	0	0	0	16	17	282
BWSD1	POST_SEG	3	0000	0	0	0	00000007	1	0	1	3	00000000	0000ffff	0	0	0	16	17	283
BWSD1	POST_SEG	4	0000	0	0	0	00000007	1	0	1	3	00000000	0000ffff	0	0	0	16	17	284
BWSD1	POST_SEG	5	0000	0	0	0	00000007	1	0	1	3	00000000	0000ffff	0	0	0	16	17	285
BWSD1	POST_SYS	6	0000	0	0	0	00000001	1	0	0	2	00000000	0000ffff	0	0	0	16	17	286
BWSD1	POST_SYS	7	0000	0	0	0	00000001	1	0	0	11	00000000	0000ffff	0	0	0	16	17	287
BWSD1	POST_DR	00000000	00000000	00000000	00000000	ffff1ff0	00000400	16	17	288
BWSD1	NATIVE_TICK	1	16	17	17	289
BWSD1	ATTEMPT	f000	00000122	17	17	290	000f0122	2	e440	000f0122	rom	0	0	1	1
BWSD1	FAIL	owned-IN8-callback
