00000000000i[      ] BXSHARE not set. using compile time default '/usr/local/share/bochs'
00000000000i[      ] reading configuration from /home/runner/work/_temp/fixed-8042-evidence/guest-source.bochsrc
00000000000i[      ] installing nogui module as the Bochs GUI
00000000000i[      ] using log file /home/runner/work/_temp/fixed-8042-evidence/guest.bochs.log
BWSD1	PROBE	resume-before-activation	rejected
BWSD1	PROBE	irq-before-activation	rejected
BWSD1	RESET	00000000	00000000	00000000	00000000	00000000	00000000	00000000	00000000	0000fff0	00000002	7ffffff0	00000000	00000000	f000	0000	0000	00000000	ffff	00000000	ffff
BWSD1	RESET_EXTRA	ffff1ff0	00000400	0000	0000	0000	7680	0	0	00000007	1	0	1	3	ffff0000	0000ffff	0	0	0	00000000	00000f40
BWSD1	RESET_SEG	0	0000	0	0	0	00000007	1	0	1	3	00000000	0000ffff	0	0	0
BWSD1	RESET_SEG	1	f000	7680	0	0	00000007	1	0	1	3	ffff0000	0000ffff	0	0	0
BWSD1	RESET_SEG	2	0000	0	0	0	00000007	1	0	1	3	00000000	0000ffff	0	0	0
BWSD1	RESET_SEG	3	0000	0	0	0	00000007	1	0	1	3	00000000	0000ffff	0	0	0
BWSD1	RESET_SEG	4	0000	0	0	0	00000007	1	0	1	3	00000000	0000ffff	0	0	0
BWSD1	RESET_SEG	5	0000	0	0	0	00000007	1	0	1	3	00000000	0000ffff	0	0	0
BWSD1	RESET_SYS	6	0000	0	0	0	00000001	1	0	0	2	00000000	0000ffff	0	0	0
BWSD1	RESET_SYS	7	0000	0	0	0	00000001	1	0	0	11	00000000	0000ffff	0	0	0
BWSD1	RESET_DR	00000000	00000000	00000000	00000000	ffff1ff0	00000400
BWSD1	TLB_OBSERVED	bridge	activation	0	1	1	0	0	1	-
BWSD1	ACTIVATE	f000	0000fff0	0	1
BWSD1	PREFETCH	fffffff0	0	0	2	0	1
BWSD1	EXEC	fffff000	00fff000	rom	0	3	0	9d7ee77f75d06184f37704df0c73bdeb8fa46a7c5b4c151801ded97cd8bee447	0	1	1
BWSD1	EXEC	fffff000	00fff000	rom	0	4	0	9d7ee77f75d06184f37704df0c73bdeb8fa46a7c5b4c151801ded97cd8bee447	0	1	1
BWSD1	ATTEMPT	f000	0000fff0	0	0	5	fffffff0	5	ea000000f0	00fffff0	rom	0	0	1	1
BWSD1	QUANTUM	0	f000	0000fff0	00000000	0000	00000000	0	1	0	6
BWSD1	BOUNDARY	ordinary	f000	0000fff0	0	1	7
BWSD1	COHERENCE	publish-only	0	1	0	0	1	8	ordinary	0	0	0	0
BWSD1	POST_STATE	00000000	00000000	00000000	00000000	00000000	00000000	00000000	00000000	00000000	00000002	7ffffff0	00000000	00000000	f000	0000	0000	00000000	ffff	00000000	ffff	0	1	9
BWSD1	POST_EXTRA	ffff1ff0	00000400	0000	0000	0000	7680	0	0	00000001	1	0	1	3	000f0000	0000ffff	0	0	0	00000000	00000f40	0	1	10
BWSD1	POST_SEG	0	0000	0	0	0	00000007	1	0	1	3	00000000	0000ffff	0	0	0	0	1	11
BWSD1	POST_SEG	1	f000	7680	0	0	00000001	1	0	1	3	000f0000	0000ffff	0	0	0	0	1	12
BWSD1	POST_SEG	2	0000	0	0	0	00000007	1	0	1	3	00000000	0000ffff	0	0	0	0	1	13
BWSD1	POST_SEG	3	0000	0	0	0	00000007	1	0	1	3	00000000	0000ffff	0	0	0	0	1	14
BWSD1	POST_SEG	4	0000	0	0	0	00000007	1	0	1	3	00000000	0000ffff	0	0	0	0	1	15
BWSD1	POST_SEG	5	0000	0	0	0	00000007	1	0	1	3	00000000	0000ffff	0	0	0	0	1	16
BWSD1	POST_SYS	6	0000	0	0	0	00000001	1	0	0	2	00000000	0000ffff	0	0	0	0	1	17
BWSD1	POST_SYS	7	0000	0	0	0	00000001	1	0	0	11	00000000	0000ffff	0	0	0	0	1	18
BWSD1	POST_DR	00000000	00000000	00000000	00000000	ffff1ff0	00000400	0	1	19
BWSD1	PROBE	callback-reentry	rejected
BWSD1	PROBE	line-reentry	rejected
BWSD1	NATIVE_TICK	1	0	1	1	20
BWSD1	PREFETCH	000f0000	1	1	21	0	1
BWSD1	EXEC	000f0000	000f0000	rom	1	22	0	8325717ac8fb1ca5714e50100bf640fb8338df4c7e6d4160640a9c81e1448b1c	0	1	1
BWSD1	EXEC	000f0000	000f0000	rom	1	23	0	8325717ac8fb1ca5714e50100bf640fb8338df4c7e6d4160640a9c81e1448b1c	0	1	1
BWSD1	ATTEMPT	f000	00000000	1	1	24	000f0000	1	fa	000f0000	rom	0	0	1	1
BWSD1	QUANTUM	0	f000	00000000	00000000	0000	00000000	1	2	1	25
BWSD1	BOUNDARY	ordinary	f000	00000000	1	2	26
BWSD1	COHERENCE	publish-only	0	1	0	1	2	27	ordinary	0	0	0	0
BWSD1	POST_STATE	00000000	00000000	00000000	00000000	00000000	00000000	00000000	00000000	00000001	00000002	7ffffff0	00000000	00000000	f000	0000	0000	00000000	ffff	00000000	ffff	1	2	28
BWSD1	POST_EXTRA	ffff1ff0	00000400	0000	0000	0000	7680	0	0	00000001	1	0	1	3	000f0000	0000ffff	0	0	0	00000000	00000f40	1	2	29
BWSD1	POST_SEG	0	0000	0	0	0	00000007	1	0	1	3	00000000	0000ffff	0	0	0	1	2	30
BWSD1	POST_SEG	1	f000	7680	0	0	00000001	1	0	1	3	000f0000	0000ffff	0	0	0	1	2	31
BWSD1	POST_SEG	2	0000	0	0	0	00000007	1	0	1	3	00000000	0000ffff	0	0	0	1	2	32
BWSD1	POST_SEG	3	0000	0	0	0	00000007	1	0	1	3	00000000	0000ffff	0	0	0	1	2	33
BWSD1	POST_SEG	4	0000	0	0	0	00000007	1	0	1	3	00000000	0000ffff	0	0	0	1	2	34
BWSD1	POST_SEG	5	0000	0	0	0	00000007	1	0	1	3	00000000	0000ffff	0	0	0	1	2	35
BWSD1	POST_SYS	6	0000	0	0	0	00000001	1	0	0	2	00000000	0000ffff	0	0	0	1	2	36
BWSD1	POST_SYS	7	0000	0	0	0	00000001	1	0	0	11	00000000	0000ffff	0	0	0	1	2	37
BWSD1	POST_DR	00000000	00000000	00000000	00000000	ffff1ff0	00000400	1	2	38
BWSD1	NATIVE_TICK	1	1	2	2	39
BWSD1	ATTEMPT	f000	00000001	2	2	40	000f0001	2	31c0	000f0001	rom	0	0	1	1
BWSD1	QUANTUM	0	f000	00000001	00000000	0000	00000000	2	3	2	41
BWSD1	BOUNDARY	ordinary	f000	00000001	2	3	42
BWSD1	COHERENCE	publish-only	0	1	0	2	3	43	ordinary	0	0	0	0
BWSD1	POST_STATE	00000000	00000000	00000000	00000000	00000000	00000000	00000000	00000000	00000003	00000046	7ffffff0	00000000	00000000	f000	0000	0000	00000000	ffff	00000000	ffff	2	3	44
BWSD1	POST_EXTRA	ffff1ff0	00000400	0000	0000	0000	7680	0	0	00000001	1	0	1	3	000f0000	0000ffff	0	0	0	00000000	00000f40	2	3	45
BWSD1	POST_SEG	0	0000	0	0	0	00000007	1	0	1	3	00000000	0000ffff	0	0	0	2	3	46
BWSD1	POST_SEG	1	f000	7680	0	0	00000001	1	0	1	3	000f0000	0000ffff	0	0	0	2	3	47
BWSD1	POST_SEG	2	0000	0	0	0	00000007	1	0	1	3	00000000	0000ffff	0	0	0	2	3	48
BWSD1	POST_SEG	3	0000	0	0	0	00000007	1	0	1	3	00000000	0000ffff	0	0	0	2	3	49
BWSD1	POST_SEG	4	0000	0	0	0	00000007	1	0	1	3	00000000	0000ffff	0	0	0	2	3	50
BWSD1	POST_SEG	5	0000	0	0	0	00000007	1	0	1	3	00000000	0000ffff	0	0	0	2	3	51
BWSD1	POST_SYS	6	0000	0	0	0	00000001	1	0	0	2	00000000	0000ffff	0	0	0	2	3	52
BWSD1	POST_SYS	7	0000	0	0	0	00000001	1	0	0	11	00000000	0000ffff	0	0	0	2	3	53
BWSD1	POST_DR	00000000	00000000	00000000	00000000	ffff1ff0	00000400	2	3	54
BWSD1	NATIVE_TICK	1	2	3	3	55
BWSD1	ATTEMPT	f000	00000003	3	3	56	000f0003	2	8ed8	000f0003	rom	0	0	1	1
BWSD1	QUANTUM	0	f000	00000003	00000000	0000	00000000	3	4	3	57
BWSD1	BOUNDARY	ordinary	f000	00000003	3	4	58
BWSD1	COHERENCE	publish-only	0	1	0	3	4	59	ordinary	0	0	0	0
BWSD1	POST_STATE	00000000	00000000	00000000	00000000	00000000	00000000	00000000	00000000	00000005	00000046	7ffffff0	00000000	00000000	f000	0000	0000	00000000	ffff	00000000	ffff	3	4	60
BWSD1	POST_EXTRA	ffff1ff0	00000400	0000	0000	0000	7680	0	0	00000001	1	0	1	3	000f0000	0000ffff	0	0	0	00000000	00000f40	3	4	61
BWSD1	POST_SEG	0	0000	0	0	0	00000007	1	0	1	3	00000000	0000ffff	0	0	0	3	4	62
BWSD1	POST_SEG	1	f000	7680	0	0	00000001	1	0	1	3	000f0000	0000ffff	0	0	0	3	4	63
BWSD1	POST_SEG	2	0000	0	0	0	00000007	1	0	1	3	00000000	0000ffff	0	0	0	3	4	64
BWSD1	POST_SEG	3	0000	0	0	0	00000001	1	0	1	3	00000000	0000ffff	0	0	0	3	4	65
BWSD1	POST_SEG	4	0000	0	0	0	00000007	1	0	1	3	00000000	0000ffff	0	0	0	3	4	66
BWSD1	POST_SEG	5	0000	0	0	0	00000007	1	0	1	3	00000000	0000ffff	0	0	0	3	4	67
BWSD1	POST_SYS	6	0000	0	0	0	00000001	1	0	0	2	00000000	0000ffff	0	0	0	3	4	68
BWSD1	POST_SYS	7	0000	0	0	0	00000001	1	0	0	11	00000000	0000ffff	0	0	0	3	4	69
BWSD1	POST_DR	00000000	00000000	00000000	00000000	ffff1ff0	00000400	3	4	70
BWSD1	NATIVE_TICK	1	3	4	4	71
BWSD1	ATTEMPT	f000	00000005	4	4	72	000f0005	2	b0ff	000f0005	rom	0	0	1	1
BWSD1	QUANTUM	0	f000	00000005	00000000	0000	00000000	4	5	4	73
BWSD1	BOUNDARY	ordinary	f000	00000005	4	5	74
BWSD1	COHERENCE	publish-only	0	1	0	4	5	75	ordinary	0	0	0	0
BWSD1	POST_STATE	000000ff	00000000	00000000	00000000	00000000	00000000	00000000	00000000	00000007	00000046	7ffffff0	00000000	00000000	f000	0000	0000	00000000	ffff	00000000	ffff	4	5	76
BWSD1	POST_EXTRA	ffff1ff0	00000400	0000	0000	0000	7680	0	0	00000001	1	0	1	3	000f0000	0000ffff	0	0	0	00000000	00000f40	4	5	77
BWSD1	POST_SEG	0	0000	0	0	0	00000007	1	0	1	3	00000000	0000ffff	0	0	0	4	5	78
BWSD1	POST_SEG	1	f000	7680	0	0	00000001	1	0	1	3	000f0000	0000ffff	0	0	0	4	5	79
BWSD1	POST_SEG	2	0000	0	0	0	00000007	1	0	1	3	00000000	0000ffff	0	0	0	4	5	80
BWSD1	POST_SEG	3	0000	0	0	0	00000001	1	0	1	3	00000000	0000ffff	0	0	0	4	5	81
BWSD1	POST_SEG	4	0000	0	0	0	00000007	1	0	1	3	00000000	0000ffff	0	0	0	4	5	82
BWSD1	POST_SEG	5	0000	0	0	0	00000007	1	0	1	3	00000000	0000ffff	0	0	0	4	5	83
BWSD1	POST_SYS	6	0000	0	0	0	00000001	1	0	0	2	00000000	0000ffff	0	0	0	4	5	84
BWSD1	POST_SYS	7	0000	0	0	0	00000001	1	0	0	11	00000000	0000ffff	0	0	0	4	5	85
BWSD1	POST_DR	00000000	00000000	00000000	00000000	ffff1ff0	00000400	4	5	86
BWSD1	NATIVE_TICK	1	4	5	5	87
BWSD1	ATTEMPT	f000	00000007	5	5	88	000f0007	2	e621	000f0007	rom	0	0	1	1
BWSD1	PORT	out	0021	1	000000ff	5	89
BWSD1	QUANTUM	0	f000	00000007	00000000	0000	00000000	5	6	5	90
BWSD1	BOUNDARY	ordinary	f000	00000007	5	6	91
BWSD1	COHERENCE	publish-only	0	1	0	5	6	92	ordinary	0	0	0	0
BWSD1	POST_STATE	000000ff	00000000	00000000	00000000	00000000	00000000	00000000	00000000	00000009	00000046	7ffffff0	00000000	00000000	f000	0000	0000	00000000	ffff	00000000	ffff	5	6	93
BWSD1	POST_EXTRA	ffff1ff0	00000400	0000	0000	0000	7680	0	0	00000001	1	0	1	3	000f0000	0000ffff	0	0	0	00000000	00000f40	5	6	94
BWSD1	POST_SEG	0	0000	0	0	0	00000007	1	0	1	3	00000000	0000ffff	0	0	0	5	6	95
BWSD1	POST_SEG	1	f000	7680	0	0	00000001	1	0	1	3	000f0000	0000ffff	0	0	0	5	6	96
BWSD1	POST_SEG	2	0000	0	0	0	00000007	1	0	1	3	00000000	0000ffff	0	0	0	5	6	97
BWSD1	POST_SEG	3	0000	0	0	0	00000001	1	0	1	3	00000000	0000ffff	0	0	0	5	6	98
BWSD1	POST_SEG	4	0000	0	0	0	00000007	1	0	1	3	00000000	0000ffff	0	0	0	5	6	99
BWSD1	POST_SEG	5	0000	0	0	0	00000007	1	0	1	3	00000000	0000ffff	0	0	0	5	6	100
BWSD1	POST_SYS	6	0000	0	0	0	00000001	1	0	0	2	00000000	0000ffff	0	0	0	5	6	101
BWSD1	POST_SYS	7	0000	0	0	0	00000001	1	0	0	11	00000000	0000ffff	0	0	0	5	6	102
BWSD1	POST_DR	00000000	00000000	00000000	00000000	ffff1ff0	00000400	5	6	103
BWSD1	NATIVE_TICK	1	5	6	6	104
BWSD1	ATTEMPT	f000	00000009	6	6	105	000f0009	2	e6a1	000f0009	rom	0	0	1	1
BWSD1	PORT	out	00a1	1	000000ff	6	106
BWSD1	QUANTUM	0	f000	00000009	00000000	0000	00000000	6	7	6	107
BWSD1	BOUNDARY	ordinary	f000	00000009	6	7	108
BWSD1	COHERENCE	publish-only	0	1	0	6	7	109	ordinary	0	0	0	0
BWSD1	POST_STATE	000000ff	00000000	00000000	00000000	00000000	00000000	00000000	00000000	0000000b	00000046	7ffffff0	00000000	00000000	f000	0000	0000	00000000	ffff	00000000	ffff	6	7	110
BWSD1	POST_EXTRA	ffff1ff0	00000400	0000	0000	0000	7680	0	0	00000001	1	0	1	3	000f0000	0000ffff	0	0	0	00000000	00000f40	6	7	111
BWSD1	POST_SEG	0	0000	0	0	0	00000007	1	0	1	3	00000000	0000ffff	0	0	0	6	7	112
BWSD1	POST_SEG	1	f000	7680	0	0	00000001	1	0	1	3	000f0000	0000ffff	0	0	0	6	7	113
BWSD1	POST_SEG	2	0000	0	0	0	00000007	1	0	1	3	00000000	0000ffff	0	0	0	6	7	114
BWSD1	POST_SEG	3	0000	0	0	0	00000001	1	0	1	3	00000000	0000ffff	0	0	0	6	7	115
BWSD1	POST_SEG	4	0000	0	0	0	00000007	1	0	1	3	00000000	0000ffff	0	0	0	6	7	116
BWSD1	POST_SEG	5	0000	0	0	0	00000007	1	0	1	3	00000000	0000ffff	0	0	0	6	7	117
BWSD1	POST_SYS	6	0000	0	0	0	00000001	1	0	0	2	00000000	0000ffff	0	0	0	6	7	118
BWSD1	POST_SYS	7	0000	0	0	0	00000001	1	0	0	11	00000000	0000ffff	0	0	0	6	7	119
BWSD1	POST_DR	00000000	00000000	00000000	00000000	ffff1ff0	00000400	6	7	120
BWSD1	NATIVE_TICK	1	6	7	7	121
BWSD1	ATTEMPT	f000	0000000b	7	7	122	000f000b	2	b0aa	000f000b	rom	0	0	1	1
BWSD1	QUANTUM	0	f000	0000000b	00000000	0000	00000000	7	8	7	123
BWSD1	BOUNDARY	ordinary	f000	0000000b	7	8	124
BWSD1	COHERENCE	publish-only	0	1	0	7	8	125	ordinary	0	0	0	0
BWSD1	POST_STATE	000000aa	00000000	00000000	00000000	00000000	00000000	00000000	00000000	0000000d	00000046	7ffffff0	00000000	00000000	f000	0000	0000	00000000	ffff	00000000	ffff	7	8	126
BWSD1	POST_EXTRA	ffff1ff0	00000400	0000	0000	0000	7680	0	0	00000001	1	0	1	3	000f0000	0000ffff	0	0	0	00000000	00000f40	7	8	127
BWSD1	POST_SEG	0	0000	0	0	0	00000007	1	0	1	3	00000000	0000ffff	0	0	0	7	8	128
BWSD1	POST_SEG	1	f000	7680	0	0	00000001	1	0	1	3	000f0000	0000ffff	0	0	0	7	8	129
BWSD1	POST_SEG	2	0000	0	0	0	00000007	1	0	1	3	00000000	0000ffff	0	0	0	7	8	130
BWSD1	POST_SEG	3	0000	0	0	0	00000001	1	0	1	3	00000000	0000ffff	0	0	0	7	8	131
BWSD1	POST_SEG	4	0000	0	0	0	00000007	1	0	1	3	00000000	0000ffff	0	0	0	7	8	132
BWSD1	POST_SEG	5	0000	0	0	0	00000007	1	0	1	3	00000000	0000ffff	0	0	0	7	8	133
BWSD1	POST_SYS	6	0000	0	0	0	00000001	1	0	0	2	00000000	0000ffff	0	0	0	7	8	134
BWSD1	POST_SYS	7	0000	0	0	0	00000001	1	0	0	11	00000000	0000ffff	0	0	0	7	8	135
BWSD1	POST_DR	00000000	00000000	00000000	00000000	ffff1ff0	00000400	7	8	136
BWSD1	NATIVE_TICK	1	7	8	8	137
BWSD1	ATTEMPT	f000	0000000d	8	8	138	000f000d	2	e664	000f000d	rom	0	0	1	1
BWSD1	PORT	out	0064	1	000000aa	8	139
BWSD1	QUANTUM	0	f000	0000000d	00000000	0000	00000000	8	9	8	140
BWSD1	BOUNDARY	ordinary	f000	0000000d	8	9	141
BWSD1	COHERENCE	publish-only	0	1	0	8	9	142	ordinary	0	0	0	0
BWSD1	POST_STATE	000000aa	00000000	00000000	00000000	00000000	00000000	00000000	00000000	0000000f	00000046	7ffffff0	00000000	00000000	f000	0000	0000	00000000	ffff	00000000	ffff	8	9	143
BWSD1	POST_EXTRA	ffff1ff0	00000400	0000	0000	0000	7680	0	0	00000001	1	0	1	3	000f0000	0000ffff	0	0	0	00000000	00000f40	8	9	144
BWSD1	POST_SEG	0	0000	0	0	0	00000007	1	0	1	3	00000000	0000ffff	0	0	0	8	9	145
BWSD1	POST_SEG	1	f000	7680	0	0	00000001	1	0	1	3	000f0000	0000ffff	0	0	0	8	9	146
BWSD1	POST_SEG	2	0000	0	0	0	00000007	1	0	1	3	00000000	0000ffff	0	0	0	8	9	147
BWSD1	POST_SEG	3	0000	0	0	0	00000001	1	0	1	3	00000000	0000ffff	0	0	0	8	9	148
BWSD1	POST_SEG	4	0000	0	0	0	00000007	1	0	1	3	00000000	0000ffff	0	0	0	8	9	149
BWSD1	POST_SEG	5	0000	0	0	0	00000007	1	0	1	3	00000000	0000ffff	0	0	0	8	9	150
BWSD1	POST_SYS	6	0000	0	0	0	00000001	1	0	0	2	00000000	0000ffff	0	0	0	8	9	151
BWSD1	POST_SYS	7	0000	0	0	0	00000001	1	0	0	11	00000000	0000ffff	0	0	0	8	9	152
BWSD1	POST_DR	00000000	00000000	00000000	00000000	ffff1ff0	00000400	8	9	153
BWSD1	NATIVE_TICK	1	8	9	9	154
BWSD1	ATTEMPT	f000	0000000f	9	9	155	000f000f	3	b94000	000f000f	rom	0	0	1	1
BWSD1	QUANTUM	0	f000	0000000f	00000040	0040	00000000	9	10	9	156
BWSD1	BOUNDARY	ordinary	f000	0000000f	9	10	157
BWSD1	COHERENCE	publish-only	0	1	0	9	10	158	ordinary	0	0	0	0
BWSD1	POST_STATE	000000aa	00000040	00000000	00000000	00000000	00000000	00000000	00000000	00000012	00000046	7ffffff0	00000000	00000000	f000	0000	0000	00000000	ffff	00000000	ffff	9	10	159
BWSD1	POST_EXTRA	ffff1ff0	00000400	0000	0000	0000	7680	0	0	00000001	1	0	1	3	000f0000	0000ffff	0	0	0	00000000	00000f40	9	10	160
BWSD1	POST_SEG	0	0000	0	0	0	00000007	1	0	1	3	00000000	0000ffff	0	0	0	9	10	161
BWSD1	POST_SEG	1	f000	7680	0	0	00000001	1	0	1	3	000f0000	0000ffff	0	0	0	9	10	162
BWSD1	POST_SEG	2	0000	0	0	0	00000007	1	0	1	3	00000000	0000ffff	0	0	0	9	10	163
BWSD1	POST_SEG	3	0000	0	0	0	00000001	1	0	1	3	00000000	0000ffff	0	0	0	9	10	164
BWSD1	POST_SEG	4	0000	0	0	0	00000007	1	0	1	3	00000000	0000ffff	0	0	0	9	10	165
BWSD1	POST_SEG	5	0000	0	0	0	00000007	1	0	1	3	00000000	0000ffff	0	0	0	9	10	166
BWSD1	POST_SYS	6	0000	0	0	0	00000001	1	0	0	2	00000000	0000ffff	0	0	0	9	10	167
BWSD1	POST_SYS	7	0000	0	0	0	00000001	1	0	0	11	00000000	0000ffff	0	0	0	9	10	168
BWSD1	POST_DR	00000000	00000000	00000000	00000000	ffff1ff0	00000400	9	10	169
BWSD1	NATIVE_TICK	1	9	10	10	170
BWSD1	ATTEMPT	f000	00000012	10	10	171	000f0012	2	e464	000f0012	rom	0	0	1	1
BWSD1	PORT	in	0064	1	00000000	10	172
BWSD1	QUANTUM	0	f000	00000012	00000040	0040	00000000	10	11	10	173
BWSD1	BOUNDARY	ordinary	f000	00000012	10	11	174
BWSD1	COHERENCE	publish-only	0	1	0	10	11	175	ordinary	0	0	0	0
BWSD1	POST_STATE	00000000	00000040	00000000	00000000	00000000	00000000	00000000	00000000	00000014	00000046	7ffffff0	00000000	00000000	f000	0000	0000	00000000	ffff	00000000	ffff	10	11	176
BWSD1	POST_EXTRA	ffff1ff0	00000400	0000	0000	0000	7680	0	0	00000001	1	0	1	3	000f0000	0000ffff	0	0	0	00000000	00000f40	10	11	177
BWSD1	POST_SEG	0	0000	0	0	0	00000007	1	0	1	3	00000000	0000ffff	0	0	0	10	11	178
BWSD1	POST_SEG	1	f000	7680	0	0	00000001	1	0	1	3	000f0000	0000ffff	0	0	0	10	11	179
BWSD1	POST_SEG	2	0000	0	0	0	00000007	1	0	1	3	00000000	0000ffff	0	0	0	10	11	180
BWSD1	POST_SEG	3	0000	0	0	0	00000001	1	0	1	3	00000000	0000ffff	0	0	0	10	11	181
BWSD1	POST_SEG	4	0000	0	0	0	00000007	1	0	1	3	00000000	0000ffff	0	0	0	10	11	182
BWSD1	POST_SEG	5	0000	0	0	0	00000007	1	0	1	3	00000000	0000ffff	0	0	0	10	11	183
BWSD1	POST_SYS	6	0000	0	0	0	00000001	1	0	0	2	00000000	0000ffff	0	0	0	10	11	184
BWSD1	POST_SYS	7	0000	0	0	0	00000001	1	0	0	11	00000000	0000ffff	0	0	0	10	11	185
BWSD1	POST_DR	00000000	00000000	00000000	00000000	ffff1ff0	00000400	10	11	186
BWSD1	NATIVE_TICK	1	10	11	11	187
BWSD1	ATTEMPT	f000	00000014	11	11	188	000f0014	2	a801	000f0014	rom	0	0	1	1
BWSD1	QUANTUM	0	f000	00000014	00000040	0040	00000000	11	12	11	189
BWSD1	BOUNDARY	ordinary	f000	00000014	11	12	190
BWSD1	COHERENCE	publish-only	0	1	0	11	12	191	ordinary	0	0	0	0
BWSD1	POST_STATE	00000000	00000040	00000000	00000000	00000000	00000000	00000000	00000000	00000016	00000046	7ffffff0	00000000	00000000	f000	0000	0000	00000000	ffff	00000000	ffff	11	12	192
BWSD1	POST_EXTRA	ffff1ff0	00000400	0000	0000	0000	7680	0	0	00000001	1	0	1	3	000f0000	0000ffff	0	0	0	00000000	00000f40	11	12	193
BWSD1	POST_SEG	0	0000	0	0	0	00000007	1	0	1	3	00000000	0000ffff	0	0	0	11	12	194
BWSD1	POST_SEG	1	f000	7680	0	0	00000001	1	0	1	3	000f0000	0000ffff	0	0	0	11	12	195
BWSD1	POST_SEG	2	0000	0	0	0	00000007	1	0	1	3	00000000	0000ffff	0	0	0	11	12	196
BWSD1	POST_SEG	3	0000	0	0	0	00000001	1	0	1	3	00000000	0000ffff	0	0	0	11	12	197
BWSD1	POST_SEG	4	0000	0	0	0	00000007	1	0	1	3	00000000	0000ffff	0	0	0	11	12	198
BWSD1	POST_SEG	5	0000	0	0	0	00000007	1	0	1	3	00000000	0000ffff	0	0	0	11	12	199
BWSD1	POST_SYS	6	0000	0	0	0	00000001	1	0	0	2	00000000	0000ffff	0	0	0	11	12	200
BWSD1	POST_SYS	7	0000	0	0	0	00000001	1	0	0	11	00000000	0000ffff	0	0	0	11	12	201
BWSD1	POST_DR	00000000	00000000	00000000	00000000	ffff1ff0	00000400	11	12	202
BWSD1	NATIVE_TICK	1	11	12	12	203
BWSD1	ATTEMPT	f000	00000016	12	12	204	000f0016	2	7504	000f0016	rom	0	0	1	1
BWSD1	QUANTUM	0	f000	00000016	00000040	0040	00000000	12	13	12	205
BWSD1	BOUNDARY	ordinary	f000	00000016	12	13	206
BWSD1	COHERENCE	publish-only	0	1	0	12	13	207	ordinary	0	0	0	0
BWSD1	POST_STATE	00000000	00000040	00000000	00000000	00000000	00000000	00000000	00000000	00000018	00000046	7ffffff0	00000000	00000000	f000	0000	0000	00000000	ffff	00000000	ffff	12	13	208
BWSD1	POST_EXTRA	ffff1ff0	00000400	0000	0000	0000	7680	0	0	00000001	1	0	1	3	000f0000	0000ffff	0	0	0	00000000	00000f40	12	13	209
BWSD1	POST_SEG	0	0000	0	0	0	00000007	1	0	1	3	00000000	0000ffff	0	0	0	12	13	210
BWSD1	POST_SEG	1	f000	7680	0	0	00000001	1	0	1	3	000f0000	0000ffff	0	0	0	12	13	211
BWSD1	POST_SEG	2	0000	0	0	0	00000007	1	0	1	3	00000000	0000ffff	0	0	0	12	13	212
BWSD1	POST_SEG	3	0000	0	0	0	00000001	1	0	1	3	00000000	0000ffff	0	0	0	12	13	213
BWSD1	POST_SEG	4	0000	0	0	0	00000007	1	0	1	3	00000000	0000ffff	0	0	0	12	13	214
BWSD1	POST_SEG	5	0000	0	0	0	00000007	1	0	1	3	00000000	0000ffff	0	0	0	12	13	215
BWSD1	POST_SYS	6	0000	0	0	0	00000001	1	0	0	2	00000000	0000ffff	0	0	0	12	13	216
BWSD1	POST_SYS	7	0000	0	0	0	00000001	1	0	0	11	00000000	0000ffff	0	0	0	12	13	217
BWSD1	POST_DR	00000000	00000000	00000000	00000000	ffff1ff0	00000400	12	13	218
BWSD1	NATIVE_TICK	1	12	13	13	219
BWSD1	ATTEMPT	f000	00000018	13	13	220	000f0018	2	e2f8	000f0018	rom	0	0	1	1
BWSD1	QUANTUM	0	f000	00000018	0000003f	003f	00000000	13	14	13	221
BWSD1	BOUNDARY	ordinary	f000	00000018	13	14	222
BWSD1	COHERENCE	publish-only	0	1	0	13	14	223	ordinary	0	0	0	0
BWSD1	POST_STATE	00000000	0000003f	00000000	00000000	00000000	00000000	00000000	00000000	00000012	00000046	7ffffff0	00000000	00000000	f000	0000	0000	00000000	ffff	00000000	ffff	13	14	224
BWSD1	POST_EXTRA	ffff1ff0	00000400	0000	0000	0000	7680	0	0	00000001	1	0	1	3	000f0000	0000ffff	0	0	0	00000000	00000f40	13	14	225
BWSD1	POST_SEG	0	0000	0	0	0	00000007	1	0	1	3	00000000	0000ffff	0	0	0	13	14	226
BWSD1	POST_SEG	1	f000	7680	0	0	00000001	1	0	1	3	000f0000	0000ffff	0	0	0	13	14	227
BWSD1	POST_SEG	2	0000	0	0	0	00000007	1	0	1	3	00000000	0000ffff	0	0	0	13	14	228
BWSD1	POST_SEG	3	0000	0	0	0	00000001	1	0	1	3	00000000	0000ffff	0	0	0	13	14	229
BWSD1	POST_SEG	4	0000	0	0	0	00000007	1	0	1	3	00000000	0000ffff	0	0	0	13	14	230
BWSD1	POST_SEG	5	0000	0	0	0	00000007	1	0	1	3	00000000	0000ffff	0	0	0	13	14	231
BWSD1	POST_SYS	6	0000	0	0	0	00000001	1	0	0	2	00000000	0000ffff	0	0	0	13	14	232
BWSD1	POST_SYS	7	0000	0	0	0	00000001	1	0	0	11	00000000	0000ffff	0	0	0	13	14	233
BWSD1	POST_DR	00000000	00000000	00000000	00000000	ffff1ff0	00000400	13	14	234
BWSD1	NATIVE_TICK	1	13	14	14	235
BWSD1	ATTEMPT	f000	00000012	14	14	236	000f0012	2	e464	000f0012	rom	0	0	1	1
BWSD1	PORT	in	0064	1	00000001	14	237
BWSD1	QUANTUM	0	f000	00000012	0000003f	003f	00000000	14	15	14	238
BWSD1	BOUNDARY	ordinary	f000	00000012	14	15	239
BWSD1	COHERENCE	publish-only	0	1	0	14	15	240	ordinary	0	0	0	0
BWSD1	POST_STATE	00000001	0000003f	00000000	00000000	00000000	00000000	00000000	00000000	00000014	00000046	7ffffff0	00000000	00000000	f000	0000	0000	00000000	ffff	00000000	ffff	14	15	241
BWSD1	POST_EXTRA	ffff1ff0	00000400	0000	0000	0000	7680	0	0	00000001	1	0	1	3	000f0000	0000ffff	0	0	0	00000000	00000f40	14	15	242
BWSD1	POST_SEG	0	0000	0	0	0	00000007	1	0	1	3	00000000	0000ffff	0	0	0	14	15	243
BWSD1	POST_SEG	1	f000	7680	0	0	00000001	1	0	1	3	000f0000	0000ffff	0	0	0	14	15	244
BWSD1	POST_SEG	2	0000	0	0	0	00000007	1	0	1	3	00000000	0000ffff	0	0	0	14	15	245
BWSD1	POST_SEG	3	0000	0	0	0	00000001	1	0	1	3	00000000	0000ffff	0	0	0	14	15	246
BWSD1	POST_SEG	4	0000	0	0	0	00000007	1	0	1	3	00000000	0000ffff	0	0	0	14	15	247
BWSD1	POST_SEG	5	0000	0	0	0	00000007	1	0	1	3	00000000	0000ffff	0	0	0	14	15	248
BWSD1	POST_SYS	6	0000	0	0	0	00000001	1	0	0	2	00000000	0000ffff	0	0	0	14	15	249
BWSD1	POST_SYS	7	0000	0	0	0	00000001	1	0	0	11	00000000	0000ffff	0	0	0	14	15	250
BWSD1	POST_DR	00000000	00000000	00000000	00000000	ffff1ff0	00000400	14	15	251
BWSD1	NATIVE_TICK	1	14	15	15	252
BWSD1	ATTEMPT	f000	00000014	15	15	253	000f0014	2	a801	000f0014	rom	0	0	1	1
BWSD1	QUANTUM	0	f000	00000014	0000003f	003f	00000000	15	16	15	254
BWSD1	BOUNDARY	ordinary	f000	00000014	15	16	255
BWSD1	COHERENCE	publish-only	0	1	0	15	16	256	ordinary	0	0	0	0
BWSD1	POST_STATE	00000001	0000003f	00000000	00000000	00000000	00000000	00000000	00000000	00000016	00000002	7ffffff0	00000000	00000000	f000	0000	0000	00000000	ffff	00000000	ffff	15	16	257
BWSD1	POST_EXTRA	ffff1ff0	00000400	0000	0000	0000	7680	0	0	00000001	1	0	1	3	000f0000	0000ffff	0	0	0	00000000	00000f40	15	16	258
BWSD1	POST_SEG	0	0000	0	0	0	00000007	1	0	1	3	00000000	0000ffff	0	0	0	15	16	259
BWSD1	POST_SEG	1	f000	7680	0	0	00000001	1	0	1	3	000f0000	0000ffff	0	0	0	15	16	260
BWSD1	POST_SEG	2	0000	0	0	0	00000007	1	0	1	3	00000000	0000ffff	0	0	0	15	16	261
BWSD1	POST_SEG	3	0000	0	0	0	00000001	1	0	1	3	00000000	0000ffff	0	0	0	15	16	262
BWSD1	POST_SEG	4	0000	0	0	0	00000007	1	0	1	3	00000000	0000ffff	0	0	0	15	16	263
BWSD1	POST_SEG	5	0000	0	0	0	00000007	1	0	1	3	00000000	0000ffff	0	0	0	15	16	264
BWSD1	POST_SYS	6	0000	0	0	0	00000001	1	0	0	2	00000000	0000ffff	0	0	0	15	16	265
BWSD1	POST_SYS	7	0000	0	0	0	00000001	1	0	0	11	00000000	0000ffff	0	0	0	15	16	266
BWSD1	POST_DR	00000000	00000000	00000000	00000000	ffff1ff0	00000400	15	16	267
BWSD1	NATIVE_TICK	1	15	16	16	268
BWSD1	ATTEMPT	f000	00000016	16	16	269	000f0016	2	7504	000f0016	rom	0	0	1	1
BWSD1	QUANTUM	0	f000	00000016	0000003f	003f	00000000	16	17	16	270
BWSD1	BOUNDARY	ordinary	f000	00000016	16	17	271
BWSD1	COHERENCE	publish-only	0	1	0	16	17	272	ordinary	0	0	0	0
BWSD1	POST_STATE	00000001	0000003f	00000000	00000000	00000000	00000000	00000000	00000000	0000001c	00000002	7ffffff0	00000000	00000000	f000	0000	0000	00000000	ffff	00000000	ffff	16	17	273
BWSD1	POST_EXTRA	ffff1ff0	00000400	0000	0000	0000	7680	0	0	00000001	1	0	1	3	000f0000	0000ffff	0	0	0	00000000	00000f40	16	17	274
BWSD1	POST_SEG	0	0000	0	0	0	00000007	1	0	1	3	00000000	0000ffff	0	0	0	16	17	275
BWSD1	POST_SEG	1	f000	7680	0	0	00000001	1	0	1	3	000f0000	0000ffff	0	0	0	16	17	276
BWSD1	POST_SEG	2	0000	0	0	0	00000007	1	0	1	3	00000000	0000ffff	0	0	0	16	17	277
BWSD1	POST_SEG	3	0000	0	0	0	00000001	1	0	1	3	00000000	0000ffff	0	0	0	16	17	278
BWSD1	POST_SEG	4	0000	0	0	0	00000007	1	0	1	3	00000000	0000ffff	0	0	0	16	17	279
BWSD1	POST_SEG	5	0000	0	0	0	00000007	1	0	1	3	00000000	0000ffff	0	0	0	16	17	280
BWSD1	POST_SYS	6	0000	0	0	0	00000001	1	0	0	2	00000000	0000ffff	0	0	0	16	17	281
BWSD1	POST_SYS	7	0000	0	0	0	00000001	1	0	0	11	00000000	0000ffff	0	0	0	16	17	282
BWSD1	POST_DR	00000000	00000000	00000000	00000000	ffff1ff0	00000400	16	17	283
BWSD1	NATIVE_TICK	1	16	17	17	284
BWSD1	ATTEMPT	f000	0000001c	17	17	285	000f001c	2	e460	000f001c	rom	0	0	1	1
BWSD1	PORT	in	0060	1	00000055	17	286
BWSD1	QUANTUM	0	f000	0000001c	0000003f	003f	00000000	17	18	17	287
BWSD1	BOUNDARY	ordinary	f000	0000001c	17	18	288
BWSD1	COHERENCE	publish-only	0	1	0	17	18	289	ordinary	0	0	0	0
BWSD1	POST_STATE	00000055	0000003f	00000000	00000000	00000000	00000000	00000000	00000000	0000001e	00000002	7ffffff0	00000000	00000000	f000	0000	0000	00000000	ffff	00000000	ffff	17	18	290
BWSD1	POST_EXTRA	ffff1ff0	00000400	0000	0000	0000	7680	0	0	00000001	1	0	1	3	000f0000	0000ffff	0	0	0	00000000	00000f40	17	18	291
BWSD1	POST_SEG	0	0000	0	0	0	00000007	1	0	1	3	00000000	0000ffff	0	0	0	17	18	292
BWSD1	POST_SEG	1	f000	7680	0	0	00000001	1	0	1	3	000f0000	0000ffff	0	0	0	17	18	293
BWSD1	POST_SEG	2	0000	0	0	0	00000007	1	0	1	3	00000000	0000ffff	0	0	0	17	18	294
BWSD1	POST_SEG	3	0000	0	0	0	00000001	1	0	1	3	00000000	0000ffff	0	0	0	17	18	295
BWSD1	POST_SEG	4	0000	0	0	0	00000007	1	0	1	3	00000000	0000ffff	0	0	0	17	18	296
BWSD1	POST_SEG	5	0000	0	0	0	00000007	1	0	1	3	00000000	0000ffff	0	0	0	17	18	297
BWSD1	POST_SYS	6	0000	0	0	0	00000001	1	0	0	2	00000000	0000ffff	0	0	0	17	18	298
BWSD1	POST_SYS	7	0000	0	0	0	00000001	1	0	0	11	00000000	0000ffff	0	0	0	17	18	299
BWSD1	POST_DR	00000000	00000000	00000000	00000000	ffff1ff0	00000400	17	18	300
BWSD1	NATIVE_TICK	1	17	18	18	301
BWSD1	ATTEMPT	f000	0000001e	18	18	302	000f001e	3	a29205	000f001e	rom	0	0	1	1
BWSD1	MEM	W	00000592	00000592	ram	55	ram-commit	18	303	data	0	1
BWSD1	QUANTUM	0	f000	0000001e	0000003f	003f	00000000	18	19	18	304
BWSD1	BOUNDARY	ordinary	f000	0000001e	18	19	305
BWSD1	COMMIT	00000592	00000592	1	55	1	0	18	19	306	ordinary	1	data
BWSD1	COHERENCE	publish-only	0	1	0	18	19	307	ordinary	0	0	0	0
BWSD1	POST_STATE	00000055	0000003f	00000000	00000000	00000000	00000000	00000000	00000000	00000021	00000002	7ffffff0	00000000	00000000	f000	0000	0000	00000000	ffff	00000000	ffff	18	19	308
BWSD1	POST_EXTRA	ffff1ff0	00000400	0000	0000	0000	7680	0	0	00000001	1	0	1	3	000f0000	0000ffff	0	0	0	00000000	00000f40	18	19	309
BWSD1	POST_SEG	0	0000	0	0	0	00000007	1	0	1	3	00000000	0000ffff	0	0	0	18	19	310
BWSD1	POST_SEG	1	f000	7680	0	0	00000001	1	0	1	3	000f0000	0000ffff	0	0	0	18	19	311
BWSD1	POST_SEG	2	0000	0	0	0	00000007	1	0	1	3	00000000	0000ffff	0	0	0	18	19	312
BWSD1	POST_SEG	3	0000	0	0	0	00000007	1	0	1	3	00000000	0000ffff	0	0	0	18	19	313
BWSD1	POST_SEG	4	0000	0	0	0	00000007	1	0	1	3	00000000	0000ffff	0	0	0	18	19	314
BWSD1	POST_SEG	5	0000	0	0	0	00000007	1	0	1	3	00000000	0000ffff	0	0	0	18	19	315
BWSD1	POST_SYS	6	0000	0	0	0	00000001	1	0	0	2	00000000	0000ffff	0	0	0	18	19	316
BWSD1	POST_SYS	7	0000	0	0	0	00000001	1	0	0	11	00000000	0000ffff	0	0	0	18	19	317
BWSD1	POST_DR	00000000	00000000	00000000	00000000	ffff1ff0	00000400	18	19	318
BWSD1	NATIVE_TICK	1	18	19	19	319
BWSD1	ATTEMPT	f000	00000021	19	19	320	000f0021	2	3c55	000f0021	rom	0	0	1	1
BWSD1	QUANTUM	0	f000	00000021	0000003f	003f	00000000	19	20	19	321
BWSD1	BOUNDARY	ordinary	f000	00000021	19	20	322
BWSD1	COHERENCE	publish-only	0	1	0	19	20	323	ordinary	0	0	0	0
BWSD1	POST_STATE	00000055	0000003f	00000000	00000000	00000000	00000000	00000000	00000000	00000023	00000046	7ffffff0	00000000	00000000	f000	0000	0000	00000000	ffff	00000000	ffff	19	20	324
BWSD1	POST_EXTRA	ffff1ff0	00000400	0000	0000	0000	7680	0	0	00000001	1	0	1	3	000f0000	0000ffff	0	0	0	00000000	00000f40	19	20	325
BWSD1	POST_SEG	0	0000	0	0	0	00000007	1	0	1	3	00000000	0000ffff	0	0	0	19	20	326
BWSD1	POST_SEG	1	f000	7680	0	0	00000001	1	0	1	3	000f0000	0000ffff	0	0	0	19	20	327
BWSD1	POST_SEG	2	0000	0	0	0	00000007	1	0	1	3	00000000	0000ffff	0	0	0	19	20	328
BWSD1	POST_SEG	3	0000	0	0	0	00000007	1	0	1	3	00000000	0000ffff	0	0	0	19	20	329
BWSD1	POST_SEG	4	0000	0	0	0	00000007	1	0	1	3	00000000	0000ffff	0	0	0	19	20	330
BWSD1	POST_SEG	5	0000	0	0	0	00000007	1	0	1	3	00000000	0000ffff	0	0	0	19	20	331
BWSD1	POST_SYS	6	0000	0	0	0	00000001	1	0	0	2	00000000	0000ffff	0	0	0	19	20	332
BWSD1	POST_SYS	7	0000	0	0	0	00000001	1	0	0	11	00000000	0000ffff	0	0	0	19	20	333
BWSD1	POST_DR	00000000	00000000	00000000	00000000	ffff1ff0	00000400	19	20	334
BWSD1	NATIVE_TICK	1	19	20	20	335
BWSD1	ATTEMPT	f000	00000023	20	20	336	000f0023	2	7510	000f0023	rom	0	0	1	1
BWSD1	QUANTUM	0	f000	00000023	0000003f	003f	00000000	20	21	20	337
BWSD1	BOUNDARY	ordinary	f000	00000023	20	21	338
BWSD1	COHERENCE	publish-only	0	1	0	20	21	339	ordinary	0	0	0	0
BWSD1	POST_STATE	00000055	0000003f	00000000	00000000	00000000	00000000	00000000	00000000	00000025	00000046	7ffffff0	00000000	00000000	f000	0000	0000	00000000	ffff	00000000	ffff	20	21	340
BWSD1	POST_EXTRA	ffff1ff0	00000400	0000	0000	0000	7680	0	0	00000001	1	0	1	3	000f0000	0000ffff	0	0	0	00000000	00000f40	20	21	341
BWSD1	POST_SEG	0	0000	0	0	0	00000007	1	0	1	3	00000000	0000ffff	0	0	0	20	21	342
BWSD1	POST_SEG	1	f000	7680	0	0	00000001	1	0	1	3	000f0000	0000ffff	0	0	0	20	21	343
BWSD1	POST_SEG	2	0000	0	0	0	00000007	1	0	1	3	00000000	0000ffff	0	0	0	20	21	344
BWSD1	POST_SEG	3	0000	0	0	0	00000007	1	0	1	3	00000000	0000ffff	0	0	0	20	21	345
BWSD1	POST_SEG	4	0000	0	0	0	00000007	1	0	1	3	00000000	0000ffff	0	0	0	20	21	346
BWSD1	POST_SEG	5	0000	0	0	0	00000007	1	0	1	3	00000000	0000ffff	0	0	0	20	21	347
BWSD1	POST_SYS	6	0000	0	0	0	00000001	1	0	0	2	00000000	0000ffff	0	0	0	20	21	348
BWSD1	POST_SYS	7	0000	0	0	0	00000001	1	0	0	11	00000000	0000ffff	0	0	0	20	21	349
BWSD1	POST_DR	00000000	00000000	00000000	00000000	ffff1ff0	00000400	20	21	350
BWSD1	NATIVE_TICK	1	20	21	21	351
BWSD1	ATTEMPT	f000	00000025	21	21	352	000f0025	2	e460	000f0025	rom	0	0	1	1
BWSD1	PORT	in	0060	1	000000ff	21	353
BWSD1	QUANTUM	0	f000	00000025	0000003f	003f	00000000	21	22	21	354
BWSD1	BOUNDARY	ordinary	f000	00000025	21	22	355
BWSD1	COHERENCE	publish-only	0	1	0	21	22	356	ordinary	0	0	0	0
BWSD1	POST_STATE	000000ff	0000003f	00000000	00000000	00000000	00000000	00000000	00000000	00000027	00000046	7ffffff0	00000000	00000000	f000	0000	0000	00000000	ffff	00000000	ffff	21	22	357
BWSD1	POST_EXTRA	ffff1ff0	00000400	0000	0000	0000	7680	0	0	00000001	1	0	1	3	000f0000	0000ffff	0	0	0	00000000	00000f40	21	22	358
BWSD1	POST_SEG	0	0000	0	0	0	00000007	1	0	1	3	00000000	0000ffff	0	0	0	21	22	359
BWSD1	POST_SEG	1	f000	7680	0	0	00000001	1	0	1	3	000f0000	0000ffff	0	0	0	21	22	360
BWSD1	POST_SEG	2	0000	0	0	0	00000007	1	0	1	3	00000000	0000ffff	0	0	0	21	22	361
BWSD1	POST_SEG	3	0000	0	0	0	00000007	1	0	1	3	00000000	0000ffff	0	0	0	21	22	362
BWSD1	POST_SEG	4	0000	0	0	0	00000007	1	0	1	3	00000000	0000ffff	0	0	0	21	22	363
BWSD1	POST_SEG	5	0000	0	0	0	00000007	1	0	1	3	00000000	0000ffff	0	0	0	21	22	364
BWSD1	POST_SYS	6	0000	0	0	0	00000001	1	0	0	2	00000000	0000ffff	0	0	0	21	22	365
BWSD1	POST_SYS	7	0000	0	0	0	00000001	1	0	0	11	00000000	0000ffff	0	0	0	21	22	366
BWSD1	POST_DR	00000000	00000000	00000000	00000000	ffff1ff0	00000400	21	22	367
BWSD1	NATIVE_TICK	1	21	22	22	368
BWSD1	ATTEMPT	f000	00000027	22	22	369	000f0027	3	a29305	000f0027	rom	0	0	1	1
BWSD1	MEM	W	00000593	00000593	ram	ff	ram-commit	22	370	data	0	1
BWSD1	QUANTUM	0	f000	00000027	0000003f	003f	00000000	22	23	22	371
BWSD1	BOUNDARY	ordinary	f000	00000027	22	23	372
BWSD1	COMMIT	00000593	00000593	1	ff	2	0	22	23	373	ordinary	1	data
BWSD1	COHERENCE	publish-only	0	1	0	22	23	374	ordinary	0	0	0	0
BWSD1	POST_STATE	000000ff	0000003f	00000000	00000000	00000000	00000000	00000000	00000000	0000002a	00000046	7ffffff0	00000000	00000000	f000	0000	0000	00000000	ffff	00000000	ffff	22	23	375
BWSD1	POST_EXTRA	ffff1ff0	00000400	0000	0000	0000	7680	0	0	00000001	1	0	1	3	000f0000	0000ffff	0	0	0	00000000	00000f40	22	23	376
BWSD1	POST_SEG	0	0000	0	0	0	00000007	1	0	1	3	00000000	0000ffff	0	0	0	22	23	377
BWSD1	POST_SEG	1	f000	7680	0	0	00000001	1	0	1	3	000f0000	0000ffff	0	0	0	22	23	378
BWSD1	POST_SEG	2	0000	0	0	0	00000007	1	0	1	3	00000000	0000ffff	0	0	0	22	23	379
BWSD1	POST_SEG	3	0000	0	0	0	00000007	1	0	1	3	00000000	0000ffff	0	0	0	22	23	380
BWSD1	POST_SEG	4	0000	0	0	0	00000007	1	0	1	3	00000000	0000ffff	0	0	0	22	23	381
BWSD1	POST_SEG	5	0000	0	0	0	00000007	1	0	1	3	00000000	0000ffff	0	0	0	22	23	382
BWSD1	POST_SYS	6	0000	0	0	0	00000001	1	0	0	2	00000000	0000ffff	0	0	0	22	23	383
BWSD1	POST_SYS	7	0000	0	0	0	00000001	1	0	0	11	00000000	0000ffff	0	0	0	22	23	384
BWSD1	POST_DR	00000000	00000000	00000000	00000000	ffff1ff0	00000400	22	23	385
BWSD1	NATIVE_TICK	1	22	23	23	386
BWSD1	ATTEMPT	f000	0000002a	23	23	387	000f002a	2	3cff	000f002a	rom	0	0	1	1
BWSD1	QUANTUM	0	f000	0000002a	0000003f	003f	00000000	23	24	23	388
BWSD1	BOUNDARY	ordinary	f000	0000002a	23	24	389
BWSD1	COHERENCE	publish-only	0	1	0	23	24	390	ordinary	0	0	0	0
BWSD1	POST_STATE	000000ff	0000003f	00000000	00000000	00000000	00000000	00000000	00000000	0000002c	00000046	7ffffff0	00000000	00000000	f000	0000	0000	00000000	ffff	00000000	ffff	23	24	391
BWSD1	POST_EXTRA	ffff1ff0	00000400	0000	0000	0000	7680	0	0	00000001	1	0	1	3	000f0000	0000ffff	0	0	0	00000000	00000f40	23	24	392
BWSD1	POST_SEG	0	0000	0	0	0	00000007	1	0	1	3	00000000	0000ffff	0	0	0	23	24	393
BWSD1	POST_SEG	1	f000	7680	0	0	00000001	1	0	1	3	000f0000	0000ffff	0	0	0	23	24	394
BWSD1	POST_SEG	2	0000	0	0	0	00000007	1	0	1	3	00000000	0000ffff	0	0	0	23	24	395
BWSD1	POST_SEG	3	0000	0	0	0	00000007	1	0	1	3	00000000	0000ffff	0	0	0	23	24	396
BWSD1	POST_SEG	4	0000	0	0	0	00000007	1	0	1	3	00000000	0000ffff	0	0	0	23	24	397
BWSD1	POST_SEG	5	0000	0	0	0	00000007	1	0	1	3	00000000	0000ffff	0	0	0	23	24	398
BWSD1	POST_SYS	6	0000	0	0	0	00000001	1	0	0	2	00000000	0000ffff	0	0	0	23	24	399
BWSD1	POST_SYS	7	0000	0	0	0	00000001	1	0	0	11	00000000	0000ffff	0	0	0	23	24	400
BWSD1	POST_DR	00000000	00000000	00000000	00000000	ffff1ff0	00000400	23	24	401
BWSD1	NATIVE_TICK	1	23	24	24	402
BWSD1	ATTEMPT	f000	0000002c	24	24	403	000f002c	2	7507	000f002c	rom	0	0	1	1
BWSD1	QUANTUM	0	f000	0000002c	0000003f	003f	00000000	24	25	24	404
BWSD1	BOUNDARY	ordinary	f000	0000002c	24	25	405
BWSD1	COHERENCE	publish-only	0	1	0	24	25	406	ordinary	0	0	0	0
BWSD1	POST_STATE	000000ff	0000003f	00000000	00000000	00000000	00000000	00000000	00000000	0000002e	00000046	7ffffff0	00000000	00000000	f000	0000	0000	00000000	ffff	00000000	ffff	24	25	407
BWSD1	POST_EXTRA	ffff1ff0	00000400	0000	0000	0000	7680	0	0	00000001	1	0	1	3	000f0000	0000ffff	0	0	0	00000000	00000f40	24	25	408
BWSD1	POST_SEG	0	0000	0	0	0	00000007	1	0	1	3	00000000	0000ffff	0	0	0	24	25	409
BWSD1	POST_SEG	1	f000	7680	0	0	00000001	1	0	1	3	000f0000	0000ffff	0	0	0	24	25	410
BWSD1	POST_SEG	2	0000	0	0	0	00000007	1	0	1	3	00000000	0000ffff	0	0	0	24	25	411
BWSD1	POST_SEG	3	0000	0	0	0	00000007	1	0	1	3	00000000	0000ffff	0	0	0	24	25	412
BWSD1	POST_SEG	4	0000	0	0	0	00000007	1	0	1	3	00000000	0000ffff	0	0	0	24	25	413
BWSD1	POST_SEG	5	0000	0	0	0	00000007	1	0	1	3	00000000	0000ffff	0	0	0	24	25	414
BWSD1	POST_SYS	6	0000	0	0	0	00000001	1	0	0	2	00000000	0000ffff	0	0	0	24	25	415
BWSD1	POST_SYS	7	0000	0	0	0	00000001	1	0	0	11	00000000	0000ffff	0	0	0	24	25	416
BWSD1	POST_DR	00000000	00000000	00000000	00000000	ffff1ff0	00000400	24	25	417
BWSD1	NATIVE_TICK	1	24	25	25	418
BWSD1	ATTEMPT	f000	0000002e	25	25	419	000f002e	2	b04b	000f002e	rom	0	0	1	1
BWSD1	QUANTUM	0	f000	0000002e	0000003f	003f	00000000	25	26	25	420
BWSD1	BOUNDARY	ordinary	f000	0000002e	25	26	421
BWSD1	COHERENCE	publish-only	0	1	0	25	26	422	ordinary	0	0	0	0
BWSD1	POST_STATE	0000004b	0000003f	00000000	00000000	00000000	00000000	00000000	00000000	00000030	00000046	7ffffff0	00000000	00000000	f000	0000	0000	00000000	ffff	00000000	ffff	25	26	423
BWSD1	POST_EXTRA	ffff1ff0	00000400	0000	0000	0000	7680	0	0	00000001	1	0	1	3	000f0000	0000ffff	0	0	0	00000000	00000f40	25	26	424
BWSD1	POST_SEG	0	0000	0	0	0	00000007	1	0	1	3	00000000	0000ffff	0	0	0	25	26	425
BWSD1	POST_SEG	1	f000	7680	0	0	00000001	1	0	1	3	000f0000	0000ffff	0	0	0	25	26	426
BWSD1	POST_SEG	2	0000	0	0	0	00000007	1	0	1	3	00000000	0000ffff	0	0	0	25	26	427
BWSD1	POST_SEG	3	0000	0	0	0	00000007	1	0	1	3	00000000	0000ffff	0	0	0	25	26	428
BWSD1	POST_SEG	4	0000	0	0	0	00000007	1	0	1	3	00000000	0000ffff	0	0	0	25	26	429
BWSD1	POST_SEG	5	0000	0	0	0	00000007	1	0	1	3	00000000	0000ffff	0	0	0	25	26	430
BWSD1	POST_SYS	6	0000	0	0	0	00000001	1	0	0	2	00000000	0000ffff	0	0	0	25	26	431
BWSD1	POST_SYS	7	0000	0	0	0	00000001	1	0	0	11	00000000	0000ffff	0	0	0	25	26	432
BWSD1	POST_DR	00000000	00000000	00000000	00000000	ffff1ff0	00000400	25	26	433
BWSD1	NATIVE_TICK	1	25	26	26	434
BWSD1	ATTEMPT	f000	00000030	26	26	435	000f0030	2	e6e9	000f0030	rom	0	0	1	1
BWSD1	PORT	out	00e9	1	0000004b	26	436
BWSD1	QUANTUM	0	f000	00000030	0000003f	003f	00000000	26	27	26	437
BWSD1	BOUNDARY	ordinary	f000	00000030	26	27	438
BWSD1	COHERENCE	publish-only	0	1	0	26	27	439	ordinary	0	0	0	0
BWSD1	POST_STATE	0000004b	0000003f	00000000	00000000	00000000	00000000	00000000	00000000	00000032	00000046	7ffffff0	00000000	00000000	f000	0000	0000	00000000	ffff	00000000	ffff	26	27	440
BWSD1	POST_EXTRA	ffff1ff0	00000400	0000	0000	0000	7680	0	0	00000001	1	0	1	3	000f0000	0000ffff	0	0	0	00000000	00000f40	26	27	441
BWSD1	POST_SEG	0	0000	0	0	0	00000007	1	0	1	3	00000000	0000ffff	0	0	0	26	27	442
BWSD1	POST_SEG	1	f000	7680	0	0	00000001	1	0	1	3	000f0000	0000ffff	0	0	0	26	27	443
BWSD1	POST_SEG	2	0000	0	0	0	00000007	1	0	1	3	00000000	0000ffff	0	0	0	26	27	444
BWSD1	POST_SEG	3	0000	0	0	0	00000007	1	0	1	3	00000000	0000ffff	0	0	0	26	27	445
BWSD1	POST_SEG	4	0000	0	0	0	00000007	1	0	1	3	00000000	0000ffff	0	0	0	26	27	446
BWSD1	POST_SEG	5	0000	0	0	0	00000007	1	0	1	3	00000000	0000ffff	0	0	0	26	27	447
BWSD1	POST_SYS	6	0000	0	0	0	00000001	1	0	0	2	00000000	0000ffff	0	0	0	26	27	448
BWSD1	POST_SYS	7	0000	0	0	0	00000001	1	0	0	11	00000000	0000ffff	0	0	0	26	27	449
BWSD1	POST_DR	00000000	00000000	00000000	00000000	ffff1ff0	00000400	26	27	450
BWSD1	NATIVE_TICK	1	26	27	27	451
BWSD1	ATTEMPT	f000	00000032	27	27	452	000f0032	1	f4	000f0032	rom	0	0	1	1
BWSD1	QUANTUM	0	f000	00000032	0000003f	003f	00000000	27	28	27	453
BWSD1	BOUNDARY	ordinary	f000	00000032	27	28	454
BWSD1	COHERENCE	publish-only	0	1	0	27	28	455	ordinary	0	0	0	0
BWSD1	POST_STATE	0000004b	0000003f	00000000	00000000	00000000	00000000	00000000	00000000	00000033	00000046	7ffffff0	00000000	00000000	f000	0000	0000	00000000	ffff	00000000	ffff	27	28	456
BWSD1	POST_EXTRA	ffff1ff0	00000400	0000	0000	0000	7680	0	0	00000001	1	0	1	3	000f0000	0000ffff	0	0	0	00000000	00000f40	27	28	457
BWSD1	POST_SEG	0	0000	0	0	0	00000007	1	0	1	3	00000000	0000ffff	0	0	0	27	28	458
BWSD1	POST_SEG	1	f000	7680	0	0	00000001	1	0	1	3	000f0000	0000ffff	0	0	0	27	28	459
BWSD1	POST_SEG	2	0000	0	0	0	00000007	1	0	1	3	00000000	0000ffff	0	0	0	27	28	460
BWSD1	POST_SEG	3	0000	0	0	0	00000007	1	0	1	3	00000000	0000ffff	0	0	0	27	28	461
BWSD1	POST_SEG	4	0000	0	0	0	00000007	1	0	1	3	00000000	0000ffff	0	0	0	27	28	462
BWSD1	POST_SEG	5	0000	0	0	0	00000007	1	0	1	3	00000000	0000ffff	0	0	0	27	28	463
BWSD1	POST_SYS	6	0000	0	0	0	00000001	1	0	0	2	00000000	0000ffff	0	0	0	27	28	464
BWSD1	POST_SYS	7	0000	0	0	0	00000001	1	0	0	11	00000000	0000ffff	0	0	0	27	28	465
BWSD1	POST_DR	00000000	00000000	00000000	00000000	ffff1ff0	00000400	27	28	466
BWSD1	NATIVE_TICK	1	27	28	28	467
BWSD1	HALT_IDLE	28	f000	00000033	0	1	00000000	468
BWSD1	STATE	0000004b	0000003f	00000000	00000000	00000000	00000000	00000000	00000000	00000033	00000046	7ffffff0	00000000	00000000	f000	0000	0000	00000000	ffff	00000000	ffff
BWSD1	CALLBACKS	0	2	4	28	28
BWSD1	FALLBACK	0	0	0	0	0
BWSD1	DEACTIVATE	direct-close
