{
  "bochsRevision": "0e45b736ef9792eb9b752b0a35db49eaf2faea47",
  "boardRevision": "5b182d4147020931a4c19c380a088a1587d7d31c",
  "sourceHashes": {
    "scripts/bochs-cpu3-native-direct-board/abi.h": "04f7030ab482caaffa510bd83681f96a3cd3a2a0b900ff9304acefa8d1623a2d",
    "scripts/bochs-cpu3-native-direct-board/runtime.h": "58cf1014f613c450654ec885e2dfc6b0da53581cc5d8883c4dd66aec914f9ea3",
    "scripts/bochs-cpu3-native-direct-board/runtime.inc": "1c0e7b6f58016e875a4e8d53e4dc0427ef519f7b0c64797bdff750089bd8f9c4",
    "scripts/bochs-cpu3-native-direct-board/patch.mjs": "4fd80b72490bd317fb1da9fa7acdd0860235c0df8b4ed0cc9114150de4065c7f",
    "scripts/bochs-cpu3-native-combined-paging-ram/patch.mjs": "4c4d41c5248fd4610669fa192d625c944721058f00fbb5499d831b6d37eb4ada",
    "scripts/prepare-bochs-cpu3-native-direct-board.mjs": "4d466140149cac91e3ae99422f190df3151b9d5277ae9c2110306faa47c7e572",
    "scripts/bochs-cpu3-native-memory-map/patch.mjs": "71d6cf78d93dd083b97af462b9df44d7688b66e81c9eb85d7a1af1a70cecfa66",
    "scripts/bochs-cpu3-native-events/patch.mjs": "cd2e4d1a357dce4d59420526cd8176e554ecd2e9acd12e797a6653201dd787c5",
    "scripts/bochs-cpu3-native-slice/patch.mjs": "c68eed54f117d3285134af787d09242a257d428dc84e7bc29f8ab3ad7bb125b3",
    "scripts/bochs-cpu3-native-device-quanta/patch.mjs": "c737fed6621e2cc79388c1f9af102f3a8e7eac8503f3ef836b69c898ccf5cb37",
    "scripts/bochs-cpu3-native-ram-coherence/patch.mjs": "88305e91af67102eb633fa7946a0d9941acd7b14bd69df57ddfb98815616e45f",
    "scripts/bochs-cpu3-native-rep-pf-pit/patch.mjs": "fd5ce0da16e6873a2c6dcc530e7e76dc66e597b74553de8febef9d32d620a013",
    "test/fixtures/i80386-free-combined-paging-ram.S": "0be1a177c4f59649d90653bf524b8b88c561d00fbb0b05d6b7dd792f966d27ad",
    "scripts/bochs-cpu3-native-direct-board/board.mjs": "02102c01ffce3d12310cffdeb2e16129d4419971d95ce0503d551b822078e2dc",
    "test/i80386-native-direct-board.test.mjs": "794e3032c615a06353da57aba909ec5d95e73e30e71f376f5d2c51f4673f0681",
    "scripts/bochs-cpu3-native-direct-board/addon.mk": "b48992c8a80bdc6fa87b68123cff0c16684802f847f82b02a0fc4d8d40520405",
    "scripts/bochs-cpu3-native-direct-board-adapter/napi.cc": "a131583191a71a4a675c66339440d5ce6b4ae1332d5b14bef10d7a8d47e36c40",
    "scripts/prepare-bochs-cpu3-native-hot-direct.mjs": "6942a881c72151ad075cd757fe4ec39bef793675defebb250f41395dd05c24bb",
    "scripts/bochs-cpu3-native-hot-direct/runtime.mjs": "e668548dbc56ae9835cc341a1efec6ef9acea4ef523ef1852f1d914885441264",
    "scripts/bochs-cpu3-native-hot-direct/profile.mjs": "3f2c0b2773cc3e4e27a71ba1e5c0c154d37f2e2ae20005506f4c3da7f9499117",
    "scripts/bochs-cpu3-native-hot-direct/board.mjs": "95a268d026ee06ceac81e29e2f4c66151f497502bdf1f87483d2c3a0aefefe8b",
    "scripts/bochs-cpu3-native-hot-direct/loader.mjs": "32ba984e07c92a04d1980e34847e44a55038f7910072eab0aba8f5eb3b29e085",
    "test/i80386-native-hot-direct.test.mjs": "3152f6ed5cc2bb7de5ad917e135736f9eb63d086c7015d8f03789cd086f0bded",
    "test/fixtures/i80386-free-combined-hot.S": "6250214b966fb43da511def64e74c34418b3faa1d128ed31d097872a7f6e2055",
    "scripts/i80386-free-combined-hot.mjs": "3b9e78fa2383b83fbaec953765bab98da46fd452197586cb2e8b36e03b84be34",
    ".github/workflows/i80386-native-owned-8042-build.yml": "b8251be32fbf84bdec6f066a19d5655b9b8491bd62e808975d3eb2ba09f04cf9",
    "package.json": "29706d10ae264677b8fcaecce5929acee945f9d27ece8cb3347bdff16431f0ee",
    "roms/free-at-bios/BIOS-bochs-legacy": "6481181809b58a9f805346a7ecf9bebdaf5b322c32825fb49ee89da51552c4ac",
    "roms/free-at-bios/vgabios-lgpl.bin": "76af53f14955df3edd6365daa64393e91fafe55241c2c00384ff05b740431da1",
    "scripts/audit-i80386-native-direct-board-adapter.mjs": "6b905d485bac7f965beef4c10a6a33ee0f53bd7029690fbcc7677ac4b9241343",
    "scripts/bochs-cpu3-native-combined-paging-ram/host.mjs": "80b2022f5b460e4a5a423d47bc0a3d3f81c9f09b6a2654a7f9dd87e9086b0446",
    "scripts/bochs-cpu3-native-direct-board-adapter/loader.mjs": "31d15eba7ac5521f94db600a37877fce5befb5e97f581e037bb6d76b30e430fa",
    "scripts/bochs-cpu3-native-hot-direct/journal.mjs": "e2b9b6f873703703b118ee783f547b521a8bbd3fb162c3a823c69190c8e6f264",
    "scripts/bochs-cpu3-native-hot-packed-scalar/napi.mjs": "62ae4a4371e9446136dac60c8bcc63b2abf29d2eb9445e0092ac16e2d4621123",
    "scripts/bochs-cpu3-native-owned-8042/README.md": "c60b401824d1b501f36ae0dd78435f45c06830d905636d6ce373e8760c3ee99e",
    "scripts/bochs-cpu3-native-owned-8042/controls.mjs": "5bec5da4cabd5dc822553f3dd3f0fab68fa726bf3b8c7baeaf83d105f52a80f3",
    "scripts/bochs-cpu3-native-owned-8042/derivation-plan.md": "d5de7742eb95a683288db050a8381a9dda0a1b4d868867212a92ec13fa53bc36",
    "scripts/bochs-cpu3-native-owned-8042/identity.mjs": "ab9b55241ac4519bdeaa2700e450f3e72535df8f9048145eec7f5adbde0cc553",
    "scripts/bochs-cpu3-native-owned-8042/napi.mjs": "5af49b0c503141618afe750b242df42e2e29af22150db6e46fda1a9fed54dedc",
    "scripts/bochs-cpu3-native-owned-8042/profile.mjs": "e7c3e0127f4363dc68b23f542132b5c388b4e78f198d733bc44c5f3e3a1aa546",
    "scripts/bochs-cpu3-native-owned-8042/provider.mjs": "2ba01a1310e892ea2dd079aa9c9e66ffd62a37ddeaaff2c60a7d3aa4f5be3dc2",
    "scripts/bochs-cpu3-native-owned-8042/reference.mjs": "551907a8c9955f25c6b56e6dd85a6d40d0bb7d7e39857cccfaf9e8a0fc91dce5",
    "scripts/bochs-cpu3-native-owned-8042/runtime.mjs": "d14de53f5bc7076536de1eb01d6c4126cf010aaa2a728de6dbc5ec9ff3ff6eba",
    "scripts/bochs-cpu3-native-owned-clock/abi.h": "8cb93c00c24ca088184f4201fcf97a97a9cf508b7c3a2048ca532848dba7a9bc",
    "scripts/bochs-cpu3-native-owned-clock/clock.inc": "861080333e8e656005d1919bc55191710f98d9af6ef375642ec50efebc0ff0ab",
    "scripts/bochs-cpu3-native-owned-clock/contract.md": "cc844b41da68e3a2a9f3a7ae731dfba77eb6616cd072ff30666968c6604f62df",
    "scripts/bochs-cpu3-native-owned-clock/derive.mjs": "14413e740b13d0fb0b78aea26054578a652c59237aca4ecf807937f7e78459f6",
    "scripts/bochs-cpu3-native-owned-clock/factory.mjs": "2afd7b6434d037d7b568a4af6aeba410f68030ee024220f05ba5d3d68323a0e2",
    "scripts/bochs-cpu3-native-owned-clock/identity.mjs": "8d867c0c3d05c72b6e3b89d7349a99ee2575008c8706d08ecb04db65b9523c71",
    "scripts/bochs-cpu3-native-owned-clock/loader.mjs": "d0b8fa7790a6038150f82c3f932638156164005f08d1b4f4bfc37e9bd7dd7b59",
    "scripts/bochs-cpu3-native-owned-clock/napi.mjs": "a415282d123066a896297388c1f44ee9fcec0d567d721b6ec5878883afa4b292",
    "scripts/bochs-cpu3-native-owned-clock/provider.mjs": "635e6c9f27fb6a86018af987c50d7f958d85134f4475ab6b5ca5806b85b499f5",
    "scripts/bochs-cpu3-native-owned-clock/runtime.mjs": "2a7865f992199397a16fc0989e1c6fb620f1e02c41b66b5e758095302f11af9f",
    "scripts/bochs-cpu3-native-owned-clock/worker.mjs": "b088b4557fb0540b61da29030a137916d61d4fe02152a0a3e65547ed15b66066",
    "scripts/bochs-cpu3-native-owned-in8/abi.h": "3cb214dfa1a1cf74c5aea4ef3642d73d8ca1cc9e9c8362d2513dc3483f284990",
    "scripts/bochs-cpu3-native-owned-in8/napi.mjs": "0bde7031426c5dfcd1caf44938854edf687ada5e5cc69557afec9ea575f61741",
    "scripts/bochs-cpu3-native-owned-in8/reset-witness.mjs": "9013e108b8d8456cb01bcdcacd40d12bb7d08444b395f28d067ae36195c8bf03",
    "scripts/bochs-cpu3-native-owned-in8/runtime.mjs": "b20b0af4322cb3f71c97e7ce04297196bd316750b48ec1bb7213c4ce0f59af73",
    "scripts/ci-build-i80386-native-owned-8042.py": "6abe631e5a3abeca56a8754457225a61c47f32d92bf0db411b2ace7cf9ea0d51",
    "scripts/i80386-combined-paging-ram-oracle.mjs": "e28c213af5e374a7680b82756dc64fb7a97956bbb36005c24aaefdeb4c98fceb",
    "scripts/i80386-native-combined-paging-ram-board-gate.mjs": "7e0e799d56d004652f6971d8af1fbee385aec56e194741461b45d630a5027389",
    "scripts/lib/i80386-source-inventory.mjs": "96188430556fb724fbea8197e0fdfd280e7f52d9f63632c3371779fb3f740604",
    "scripts/prepare-bochs-cpu3-native-owned-8042.mjs": "7c535d4b14d6653e7460d98bdfc558389cf6e75af4e2c27808fc22964cc3f301",
    "scripts/prepare-bochs-cpu3-native-owned-clock.mjs": "84dfb43c82fcbe10d3f8f32dda8b3da210bcdbe04d7b5bcb62b361b8f1c99dc4",
    "scripts/run-i80386-native-owned-8042.mjs": "29cadfdc6546b21ccb27aa22e2b77e2e7e072bb383fa7d97cf741ab6deeed270",
    "scripts/run-i80386-native-owned-clock.mjs": "d9a24d9ac044ae41117bd47bd02768a0b07abe549daf575977e1e58b8dbff0ff",
    "src/adc0809.js": "92926d8bd4315fa837d6cce7bc3770148960d181802eb52ba5d9aa013e5f64af",
    "src/at-8042-a20.js": "c604c8a272034a9a80eeb30abe1c5d6ab09ebe6c816b3f3c778874f6b9a9f6b8",
    "src/at-ps2-mouse.js": "b75f93e3a4473e21568af438d658941e9a9703ab330147b8f444baba278281ea",
    "src/at-system-control.js": "aaeecd1c9ea926f4d35481a46be3f64075367152144756786443041018c443e7",
    "src/audio-bus.js": "95a263b2432f8309b76a64a0b6dcf0ddcc1dd61aeabb7a8727505f343e26ba08",
    "src/cga-card.js": "afb6141ce8420556e8e9acfff7642225d46f5509db20459bd6fdaba8d0b50fdc",
    "src/chip-ledger.js": "b12b5d635086636f0f9f405e4a06816943b74c03c1b036fcbd3ffe813055ac3a",
    "src/dac0832.js": "81b24b9c8f461cbd2f4a9bcd1aceda3e366062841d1c530440eccdb8cbeae787",
    "src/ega-card.js": "5b93057ca256f7a43046b477127862278c80bb9849e062528c1cd603f7e3d2f5",
    "src/experimental/ata16.js": "bcf08d6e5e2316cfefe7e264c587e6d23e94b5a4f4e5099c8aace162164a88b7",
    "src/experimental/i80286-protected.js": "b3e00b7bd10e1e02d9e9a27bf543f620229e5f9f888dddf4c9ef0a2127826e70",
    "src/experimental/i80386-at-machine.js": "6c5f12cc92ba7219ed4b53f6237622f6ce58269402ee14770791e04c68f93cb0",
    "src/experimental/i80386.js": "6fba681208e1443cc9eff00ae6aba444903d23e5feafe62527b25428e72d60ed",
    "src/experimental/vga-memory.js": "966109bdc8c55992474175dae31dcff4a6d609a64a0cbf2db7b6976e16ee001a",
    "src/hercules-card.js": "6e3af9bce88edbc609b2f8a07dc464b8a1fb60ce5fd800a4d345dac61367752b",
    "src/i8086-machine.js": "7cf7fdf4e6de451071809e32e128aa0ac663524eaf8b2e08581780b0ec4f167c",
    "src/i8086-ram-words.js": "5bfdcf9743a73d1fc37afe78949f045d2aeb2d3d7b71561a694af96a443da6c5",
    "src/i8086.js": "814d2a96184f7b490905f25317197ec0dcea8128e234efcf3fe3f173f799300a",
    "src/i8088-cycles.js": "402d869be7c7ca79f1f6116d0861c85887112e46f1f1ba20f59d7e3031ce1477",
    "src/i8088-timing.js": "b1f85cab54484119016e57b954505dfb90821c0b47b5b7851a3d5d787977dc95",
    "src/i8237.js": "a2a774349848e797861108c59a9563a281ce1c1b561a201b8dc022d5584142ad",
    "src/i8251.js": "45a2df29bc0920e7d57188a365e8c05addab0805efc1eb02d8df72a41d4dca2b",
    "src/i8254.js": "4346fc1eb6b2d368480292372ac8cec7db8cac6baf94d6a88c7311b1809a8c30",
    "src/i8255.js": "3445ac6676005f225db542031be51b6d1561045d2be76be339e5853a50f6ff7f",
    "src/i8259.js": "fcfca4a160bac3cf4b72ca0613c63ca702cd26d6822000ba75a0035ef87da278",
    "src/machine-checkpoint.js": "576a8420212a8eedaf89dc0dff27cb26e8a7e73c89162e242d65b8e1cc3f0139",
    "src/mc146818.js": "f6caa1e99c2f0fc323cab7a913df68435c5c13c4a86d3c89a8b55ccdde2ec80c",
    "src/mc6845.js": "30c369c37fc4030162dde6d46bea388ce9acbf489141195ab166f3c0cab5c599",
    "src/mc6850.js": "e987c5243a92a7b43533a99ff9bf2da29e0bd608a2417162c7b5dfeb1cb75889",
    "src/ne2000.js": "12a97f87807aaf74a94245d81acddfb10f43748c09a1d4633e0ba7959b7a1244",
    "src/ns16c550.js": "34633ec3bec4d0826998fadde5e11bf88f20dfd32fc5a09144c6bad64461f41b",
    "src/pc-speaker.js": "50260dcd04eaedd84373e5c2b1e42faa2f1bc924833b6bdf0aa7d23a80ea9499",
    "src/sb-dsp.js": "901fc1d6536e19a552380d226b8e285ff4ab29f871a319d552701c2100044f71",
    "src/upd765.js": "b5a066fd577ee358f40c13682015d28be490acbeb00a50d8c7199671523fcde4",
    "src/vga-card.js": "245d777aeae5513a5cae02e943d1e18a5b333bd03352dd2717eee51b8c3e5d71",
    "src/ym3812.js": "c78833b8efb3048143e7fac898a7af5374ce3f00f1b9e5b55baa6d212a51df04",
    "test/fixtures/i80386-owned-clock-harness.cc": "88c06dbda169a87f929f02e57657fc020a8948ce04af8c46cb167d3b6a58825f",
    "test/i80386-native-owned-8042-derivation.test.mjs": "cd4a9b95f8be25a47ce75424accae4a3e40fdd6ec6bba9e3468835d4470148b2",
    "test/i80386-native-owned-8042-reference.test.mjs": "7cf2adfbd55c36f467e6ba04791819f9273eab1ba2485e4b49ef377d6b9c8533",
    "test/i80386-native-owned-clock-c-harness.test.mjs": "50d484bc15339ea70d9fbc6f2b7db54836cc8991f3a064d162266e16639e4ba2",
    "test/i80386-native-owned-clock.test.mjs": "29cbb6fca8bbf1877eee26e29765c8891d08cc03609a228acce89c8e6654a755"
  },
  "upstreamHashes": {
    "bochs/bochs.h": "6c757bbdf3e0bc188b63b5b70ef4e65eba8b166664b61c918dec5b3589c2482b",
    "bochs/cpu/cpu.cc": "2754d42ed014f72b28af1bfdf7d5fcaa50c7fdedd679f4845a90c191c6904587",
    "bochs/cpu/paging.cc": "3ab63124df3b393624bcd2bf0f8878d56ec638bc0ebdfd1e23cf70d154a122b1",
    "bochs/cpu/exception.cc": "c56022d1ce3a50ec9266e77f5b5cfcab29a8b6a84ceea3f4e25853e5c7460f2d",
    "bochs/cpu/event.cc": "5dfbfc60b8f3ee14acef3cbe9fa9f55ca0b4e6cd8ad4d94fad8119c13bccce31",
    "bochs/main.cc": "294e21dd4290a8f996e7d340e8a5792949474fafc807a7763a5b71766ce6608a",
    "bochs/memory/memory.cc": "40eb2b0ca7ca2caa4a9200fbb468c45ff5d4ffb16bbf7f2244ccd51da42e91a0",
    "bochs/memory/misc_mem.cc": "80eb352a65fdc940ce54894efe045e024416159c77f1cb6037bb1731a7e451cd",
    "bochs/pc_system.h": "52e5f687cba0a5b5c23adbf2ae7817290cfb5ca4d155ae95949f294473a8dc68",
    "bochs/pc_system.cc": "d96b802b79a8093b0e1b8fde7798384b70a7abea0bd4021d5664774ef5732c9c",
    "bochs/iodev/devices.cc": "b64a1a65a3e3d51ba9224dde4c86d70ac8fc82846f9ba962f38ef89e65aa215b",
    "bochs/cpu/init.cc": "4bdf4a39a2a3ceecafdd070836a055b5dec8696acf59652e2150a12fdfa7a9f3"
  },
  "patchedHashes": {
    "bochs/bochs.h": "7c18c551557eb269b52d6a5f804d38ead45c4f268528fc7ea46429b32508c501",
    "bochs/cpu/cpu.cc": "16a7b2a3640f2fb3d8df92f8916f8d5bc628e6ed8a7658c07b8db1c101ec80d9",
    "bochs/cpu/paging.cc": "e72fcf4f21a32b5618eeeb2e783f4faef8feea4f2d1f0dc8b3cb6515858e4f5d",
    "bochs/cpu/exception.cc": "5701d81b89fda61a6c357e63fff653718f6eb6115e3a23d7b23ade15e5d9eb08",
    "bochs/cpu/event.cc": "3f1603ed7e9b668cda9264821af0e03439577a617ba63cea69e95122b6cd2b12",
    "bochs/main.cc": "533de604e9d4e2780cbb2948d12eba73d9b6cab0f5596a70996033ef7cb6f5ac",
    "bochs/memory/memory.cc": "d6ff0d3353336995aa2fdd8326dc25d197a975ea8139827f4c8ab06f7b083e78",
    "bochs/memory/misc_mem.cc": "8647410bd71e6345426052b02d04a0effa9e39a85fb7e50320f9d3f22d4c8ee0",
    "bochs/pc_system.h": "e528b869dc57d85bce7d5e421ca2a4cd26ca2277cd39b27dc6039c311d46d67f",
    "bochs/pc_system.cc": "9831c51c0fc177766ebe1b43862eb4aaf112155aa754b2681648d57959853c73",
    "bochs/iodev/devices.cc": "2a9fb204a658691e4410908ebdd5b9f58d8f982948ede2cd15c3f4d957ea5a44",
    "bochs/cpu/init.cc": "4bdf4a39a2a3ceecafdd070836a055b5dec8696acf59652e2150a12fdfa7a9f3"
  },
  "profile": {
    "kind": "free-8042-self-test-native-v1",
    "romSha256": "b8274e345a5585d2226f982003d1479004cf7f2fb296003caf45e73b3775018f",
    "totalNativeTicks": 512,
    "totalQuanta": 512,
    "successHltOffset": 50,
    "marker": "K",
    "expectedWitness": [
      85,
      255
    ],
    "expectedFaults": 0,
    "expectedIrqDeliveries": 0,
    "abiVersion": 4
  },
  "generatedRuntimeSha256": "8389bcb4383e1f0bd7acb3d46fd9c6bfec731d59aa733f042db6524fd72fd69e",
  "preparedTree": "/home/runner/work/_temp/fixed-8042-prepared",
  "configure": [
    "./configure",
    "--enable-cpu-level=3",
    "--with-nogui",
    "--disable-plugins",
    "--disable-debugger",
    "--disable-repeat-speedups",
    "--disable-handlers-chaining",
    "--enable-instrumentation=instrument/stubs",
    "CFLAGS=-O2 -fPIC",
    "CXXFLAGS=-O2 -fPIC"
  ],
  "build": [
    "nice",
    "make",
    "-j1",
    "-f",
    "Makefile",
    "-f",
    "bw_direct_addon.mk",
    "bw_direct.node"
  ],
  "status": "SOURCE_PREPARED_ONLY_NOT_NATIVE_QUALIFICATION",
  "embedding": {
    "abiVersion": 4,
    "oneLifetimePerLoadedImage": true,
    "loaderCanonicalImageOnly": true,
    "loaderAdmission": "distinct private initializing main-thread owner; one canonical frozen DSO; bounded child process",
    "synchronousCallingThread": true,
    "fatalFailuresAbort": true,
    "executeBuffers": "persistent-native-slots"
  },
  "requiredConfig": {
    "BX_CPU_LEVEL": 3,
    "BX_USE_IDLE_HACK": 0,
    "BX_SUPPORT_HANDLERS_CHAINING_SPEEDUPS": 0,
    "BX_SUPPORT_SMP": 0,
    "BX_DEBUGGER": 0,
    "BX_SUPPORT_REPEAT_SPEEDUPS": 0,
    "BX_SUPPORT_FPU": 1
  },
  "originalH4Provenance": {
    "bochsRevision": "0e45b736ef9792eb9b752b0a35db49eaf2faea47",
    "boardRevision": "5b182d4147020931a4c19c380a088a1587d7d31c",
    "sourceHashes": {
      "scripts/bochs-cpu3-native-direct-board/abi.h": "04f7030ab482caaffa510bd83681f96a3cd3a2a0b900ff9304acefa8d1623a2d",
      "scripts/bochs-cpu3-native-direct-board/runtime.h": "58cf1014f613c450654ec885e2dfc6b0da53581cc5d8883c4dd66aec914f9ea3",
      "scripts/bochs-cpu3-native-direct-board/runtime.inc": "1c0e7b6f58016e875a4e8d53e4dc0427ef519f7b0c64797bdff750089bd8f9c4",
      "scripts/bochs-cpu3-native-direct-board/patch.mjs": "4fd80b72490bd317fb1da9fa7acdd0860235c0df8b4ed0cc9114150de4065c7f",
      "scripts/bochs-cpu3-native-combined-paging-ram/patch.mjs": "4c4d41c5248fd4610669fa192d625c944721058f00fbb5499d831b6d37eb4ada",
      "scripts/prepare-bochs-cpu3-native-direct-board.mjs": "4d466140149cac91e3ae99422f190df3151b9d5277ae9c2110306faa47c7e572",
      "scripts/bochs-cpu3-native-memory-map/patch.mjs": "71d6cf78d93dd083b97af462b9df44d7688b66e81c9eb85d7a1af1a70cecfa66",
      "scripts/bochs-cpu3-native-events/patch.mjs": "cd2e4d1a357dce4d59420526cd8176e554ecd2e9acd12e797a6653201dd787c5",
      "scripts/bochs-cpu3-native-slice/patch.mjs": "c68eed54f117d3285134af787d09242a257d428dc84e7bc29f8ab3ad7bb125b3",
      "scripts/bochs-cpu3-native-device-quanta/patch.mjs": "c737fed6621e2cc79388c1f9af102f3a8e7eac8503f3ef836b69c898ccf5cb37",
      "scripts/bochs-cpu3-native-ram-coherence/patch.mjs": "88305e91af67102eb633fa7946a0d9941acd7b14bd69df57ddfb98815616e45f",
      "scripts/bochs-cpu3-native-rep-pf-pit/patch.mjs": "fd5ce0da16e6873a2c6dcc530e7e76dc66e597b74553de8febef9d32d620a013",
      "test/fixtures/i80386-free-combined-paging-ram.S": "0be1a177c4f59649d90653bf524b8b88c561d00fbb0b05d6b7dd792f966d27ad",
      "scripts/bochs-cpu3-native-direct-board/board.mjs": "02102c01ffce3d12310cffdeb2e16129d4419971d95ce0503d551b822078e2dc",
      "test/i80386-native-direct-board.test.mjs": "794e3032c615a06353da57aba909ec5d95e73e30e71f376f5d2c51f4673f0681",
      "scripts/bochs-cpu3-native-direct-board/addon.mk": "b48992c8a80bdc6fa87b68123cff0c16684802f847f82b02a0fc4d8d40520405",
      "scripts/bochs-cpu3-native-direct-board-adapter/napi.cc": "a131583191a71a4a675c66339440d5ce6b4ae1332d5b14bef10d7a8d47e36c40",
      "scripts/prepare-bochs-cpu3-native-hot-direct.mjs": "6942a881c72151ad075cd757fe4ec39bef793675defebb250f41395dd05c24bb",
      "scripts/bochs-cpu3-native-hot-direct/runtime.mjs": "e668548dbc56ae9835cc341a1efec6ef9acea4ef523ef1852f1d914885441264",
      "scripts/bochs-cpu3-native-hot-direct/profile.mjs": "3f2c0b2773cc3e4e27a71ba1e5c0c154d37f2e2ae20005506f4c3da7f9499117",
      "scripts/bochs-cpu3-native-hot-direct/board.mjs": "95a268d026ee06ceac81e29e2f4c66151f497502bdf1f87483d2c3a0aefefe8b",
      "scripts/bochs-cpu3-native-hot-direct/loader.mjs": "32ba984e07c92a04d1980e34847e44a55038f7910072eab0aba8f5eb3b29e085",
      "test/i80386-native-hot-direct.test.mjs": "3152f6ed5cc2bb7de5ad917e135736f9eb63d086c7015d8f03789cd086f0bded",
      "test/fixtures/i80386-free-combined-hot.S": "6250214b966fb43da511def64e74c34418b3faa1d128ed31d097872a7f6e2055",
      "scripts/i80386-free-combined-hot.mjs": "3b9e78fa2383b83fbaec953765bab98da46fd452197586cb2e8b36e03b84be34"
    },
    "upstreamHashes": {
      "bochs/bochs.h": "6c757bbdf3e0bc188b63b5b70ef4e65eba8b166664b61c918dec5b3589c2482b",
      "bochs/cpu/cpu.cc": "2754d42ed014f72b28af1bfdf7d5fcaa50c7fdedd679f4845a90c191c6904587",
      "bochs/cpu/paging.cc": "3ab63124df3b393624bcd2bf0f8878d56ec638bc0ebdfd1e23cf70d154a122b1",
      "bochs/cpu/exception.cc": "c56022d1ce3a50ec9266e77f5b5cfcab29a8b6a84ceea3f4e25853e5c7460f2d",
      "bochs/cpu/event.cc": "5dfbfc60b8f3ee14acef3cbe9fa9f55ca0b4e6cd8ad4d94fad8119c13bccce31",
      "bochs/main.cc": "294e21dd4290a8f996e7d340e8a5792949474fafc807a7763a5b71766ce6608a",
      "bochs/memory/memory.cc": "40eb2b0ca7ca2caa4a9200fbb468c45ff5d4ffb16bbf7f2244ccd51da42e91a0",
      "bochs/memory/misc_mem.cc": "80eb352a65fdc940ce54894efe045e024416159c77f1cb6037bb1731a7e451cd",
      "bochs/pc_system.h": "52e5f687cba0a5b5c23adbf2ae7817290cfb5ca4d155ae95949f294473a8dc68",
      "bochs/pc_system.cc": "d96b802b79a8093b0e1b8fde7798384b70a7abea0bd4021d5664774ef5732c9c",
      "bochs/iodev/devices.cc": "b64a1a65a3e3d51ba9224dde4c86d70ac8fc82846f9ba962f38ef89e65aa215b",
      "bochs/cpu/init.cc": "4bdf4a39a2a3ceecafdd070836a055b5dec8696acf59652e2150a12fdfa7a9f3"
    },
    "patchedHashes": {
      "bochs/bochs.h": "7c18c551557eb269b52d6a5f804d38ead45c4f268528fc7ea46429b32508c501",
      "bochs/cpu/cpu.cc": "16a7b2a3640f2fb3d8df92f8916f8d5bc628e6ed8a7658c07b8db1c101ec80d9",
      "bochs/cpu/paging.cc": "e72fcf4f21a32b5618eeeb2e783f4faef8feea4f2d1f0dc8b3cb6515858e4f5d",
      "bochs/cpu/exception.cc": "5701d81b89fda61a6c357e63fff653718f6eb6115e3a23d7b23ade15e5d9eb08",
      "bochs/cpu/event.cc": "3f1603ed7e9b668cda9264821af0e03439577a617ba63cea69e95122b6cd2b12",
      "bochs/main.cc": "533de604e9d4e2780cbb2948d12eba73d9b6cab0f5596a70996033ef7cb6f5ac",
      "bochs/memory/memory.cc": "d6ff0d3353336995aa2fdd8326dc25d197a975ea8139827f4c8ab06f7b083e78",
      "bochs/memory/misc_mem.cc": "8647410bd71e6345426052b02d04a0effa9e39a85fb7e50320f9d3f22d4c8ee0",
      "bochs/pc_system.h": "e528b869dc57d85bce7d5e421ca2a4cd26ca2277cd39b27dc6039c311d46d67f",
      "bochs/pc_system.cc": "9831c51c0fc177766ebe1b43862eb4aaf112155aa754b2681648d57959853c73",
      "bochs/iodev/devices.cc": "2a9fb204a658691e4410908ebdd5b9f58d8f982948ede2cd15c3f4d957ea5a44",
      "bochs/cpu/init.cc": "4bdf4a39a2a3ceecafdd070836a055b5dec8696acf59652e2150a12fdfa7a9f3"
    },
    "profile": {
      "name": "free-combined-hot-v1",
      "romSha256": "0c020faecb76160cfc748ca909d498a69ae47dd19a365891ccb20b3b5186b631",
      "totalQuanta": 150000,
      "totalNativeTicks": 160000,
      "resumeQuanta": 300,
      "resumeNativeTicks": 600,
      "marker": "RPGH001",
      "abiVersion": 2,
      "status": "SOURCE_ONLY_NOT_NATIVE_QUALIFIED"
    },
    "generatedRuntimeSha256": "89acf83dda501a097550e0465b4db2351229a991e51cbf8439d43bad77d4a42a",
    "preparedTree": "/home/runner/work/_temp/fixed-8042-prepared",
    "configure": [
      "./configure",
      "--enable-cpu-level=3",
      "--with-nogui",
      "--disable-plugins",
      "--disable-debugger",
      "--disable-repeat-speedups",
      "--disable-handlers-chaining",
      "--enable-instrumentation=instrument/stubs",
      "CFLAGS=-O2 -fPIC",
      "CXXFLAGS=-O2 -fPIC"
    ],
    "build": [
      "nice",
      "make",
      "-j1",
      "-f",
      "Makefile",
      "-f",
      "bw_direct_addon.mk",
      "bw_direct.node"
    ],
    "status": "SOURCE_PREPARED_ONLY_NOT_NATIVE_QUALIFICATION",
    "embedding": {
      "abiVersion": 2,
      "oneLifetimePerLoadedImage": true,
      "loaderCanonicalImageOnly": true,
      "loaderAdmission": "one canonical DSO per main-thread JS realm",
      "synchronousCallingThread": true,
      "fatalFailuresAbort": true,
      "executeBuffers": "persistent-native-slots"
    },
    "requiredConfig": {
      "BX_CPU_LEVEL": 3,
      "BX_USE_IDLE_HACK": 0,
      "BX_SUPPORT_HANDLERS_CHAINING_SPEEDUPS": 0,
      "BX_SUPPORT_SMP": 0,
      "BX_DEBUGGER": 0,
      "BX_SUPPORT_REPEAT_SPEEDUPS": 0,
      "BX_SUPPORT_FPU": 1
    }
  },
  "originalH4SourceHashes": {
    "scripts/bochs-cpu3-native-direct-board/abi.h": "04f7030ab482caaffa510bd83681f96a3cd3a2a0b900ff9304acefa8d1623a2d",
    "scripts/bochs-cpu3-native-direct-board/runtime.h": "58cf1014f613c450654ec885e2dfc6b0da53581cc5d8883c4dd66aec914f9ea3",
    "scripts/bochs-cpu3-native-direct-board/runtime.inc": "1c0e7b6f58016e875a4e8d53e4dc0427ef519f7b0c64797bdff750089bd8f9c4",
    "scripts/bochs-cpu3-native-direct-board/patch.mjs": "4fd80b72490bd317fb1da9fa7acdd0860235c0df8b4ed0cc9114150de4065c7f",
    "scripts/bochs-cpu3-native-combined-paging-ram/patch.mjs": "4c4d41c5248fd4610669fa192d625c944721058f00fbb5499d831b6d37eb4ada",
    "scripts/prepare-bochs-cpu3-native-direct-board.mjs": "4d466140149cac91e3ae99422f190df3151b9d5277ae9c2110306faa47c7e572",
    "scripts/bochs-cpu3-native-memory-map/patch.mjs": "71d6cf78d93dd083b97af462b9df44d7688b66e81c9eb85d7a1af1a70cecfa66",
    "scripts/bochs-cpu3-native-events/patch.mjs": "cd2e4d1a357dce4d59420526cd8176e554ecd2e9acd12e797a6653201dd787c5",
    "scripts/bochs-cpu3-native-slice/patch.mjs": "c68eed54f117d3285134af787d09242a257d428dc84e7bc29f8ab3ad7bb125b3",
    "scripts/bochs-cpu3-native-device-quanta/patch.mjs": "c737fed6621e2cc79388c1f9af102f3a8e7eac8503f3ef836b69c898ccf5cb37",
    "scripts/bochs-cpu3-native-ram-coherence/patch.mjs": "88305e91af67102eb633fa7946a0d9941acd7b14bd69df57ddfb98815616e45f",
    "scripts/bochs-cpu3-native-rep-pf-pit/patch.mjs": "fd5ce0da16e6873a2c6dcc530e7e76dc66e597b74553de8febef9d32d620a013",
    "test/fixtures/i80386-free-combined-paging-ram.S": "0be1a177c4f59649d90653bf524b8b88c561d00fbb0b05d6b7dd792f966d27ad",
    "scripts/bochs-cpu3-native-direct-board/board.mjs": "02102c01ffce3d12310cffdeb2e16129d4419971d95ce0503d551b822078e2dc",
    "test/i80386-native-direct-board.test.mjs": "794e3032c615a06353da57aba909ec5d95e73e30e71f376f5d2c51f4673f0681",
    "scripts/bochs-cpu3-native-direct-board/addon.mk": "b48992c8a80bdc6fa87b68123cff0c16684802f847f82b02a0fc4d8d40520405",
    "scripts/bochs-cpu3-native-direct-board-adapter/napi.cc": "a131583191a71a4a675c66339440d5ce6b4ae1332d5b14bef10d7a8d47e36c40",
    "scripts/prepare-bochs-cpu3-native-hot-direct.mjs": "6942a881c72151ad075cd757fe4ec39bef793675defebb250f41395dd05c24bb",
    "scripts/bochs-cpu3-native-hot-direct/runtime.mjs": "e668548dbc56ae9835cc341a1efec6ef9acea4ef523ef1852f1d914885441264",
    "scripts/bochs-cpu3-native-hot-direct/profile.mjs": "3f2c0b2773cc3e4e27a71ba1e5c0c154d37f2e2ae20005506f4c3da7f9499117",
    "scripts/bochs-cpu3-native-hot-direct/board.mjs": "95a268d026ee06ceac81e29e2f4c66151f497502bdf1f87483d2c3a0aefefe8b",
    "scripts/bochs-cpu3-native-hot-direct/loader.mjs": "32ba984e07c92a04d1980e34847e44a55038f7910072eab0aba8f5eb3b29e085",
    "test/i80386-native-hot-direct.test.mjs": "3152f6ed5cc2bb7de5ad917e135736f9eb63d086c7015d8f03789cd086f0bded",
    "test/fixtures/i80386-free-combined-hot.S": "6250214b966fb43da511def64e74c34418b3faa1d128ed31d097872a7f6e2055",
    "scripts/i80386-free-combined-hot.mjs": "3b9e78fa2383b83fbaec953765bab98da46fd452197586cb2e8b36e03b84be34"
  },
  "originalH4Profile": {
    "name": "free-combined-hot-v1",
    "romSha256": "0c020faecb76160cfc748ca909d498a69ae47dd19a365891ccb20b3b5186b631",
    "totalQuanta": 150000,
    "totalNativeTicks": 160000,
    "resumeQuanta": 300,
    "resumeNativeTicks": 600,
    "marker": "RPGH001",
    "abiVersion": 2,
    "status": "SOURCE_ONLY_NOT_NATIVE_QUALIFIED"
  },
  "native8042Profile": {
    "kind": "free-8042-self-test-native-v1",
    "romSha256": "b8274e345a5585d2226f982003d1479004cf7f2fb296003caf45e73b3775018f",
    "totalNativeTicks": 512,
    "totalQuanta": 512,
    "successHltOffset": 50,
    "marker": "K",
    "expectedWitness": [
      85,
      255
    ],
    "expectedFaults": 0,
    "expectedIrqDeliveries": 0,
    "abiVersion": 4
  },
  "ownedClock": {
    "abiVersion": 4,
    "status": "SOURCE_ONLY_NOT_BUILT_OR_EXECUTED",
    "runtimeSha256": "8389bcb4383e1f0bd7acb3d46fd9c6bfec731d59aa733f042db6524fd72fd69e",
    "napiSha256": "720c63308cc8e979bd71f4401495c3a1a71e33efbbb38ba401e1db0fb2cc5593",
    "abiSha256": "3cb214dfa1a1cf74c5aea4ef3642d73d8ca1cc9e9c8362d2513dc3483f284990",
    "heldRuntimeSha256": "8b1aa9d03e8f4112e504ab16cb977649faae5ce3b04848a327b0c8b9d21f6ae5",
    "heldNapiSha256": "a677f47c66e70d7aae104266425884ec1de61858aa14b1c91fcf82ebdd931ab7",
    "runtimeSeams": [
      "8042 initializer ROM admission",
      "8042 IN8 status/data admission",
      "8042 byte self-test command admission",
      "8042 success marker",
      "8042 exactly one success marker",
      "8042 bounded total cap 0",
      "8042 bounded total cap 1",
      "8042 bounded total cap 2",
      "8042 bounded total cap 3",
      "8042 bounded total cap 4",
      "8042 bounded total cap 5",
      "8042 bounded total cap 6",
      "8042 ROM-only execution admission",
      "8042 fixed ROM forbids REP prefix",
      "8042 no IRQ acknowledgement",
      "8042 only deasserted IRQ line",
      "8042 no native faults",
      "8042 no native IRQ delivery",
      "8042 success-only terminal HLT after held clock flush"
    ],
    "napiSeams": [
      "8042 IN8 preeffect guard"
    ],
    "containment": "main thread in bounded fresh child process; fatal guards kill entire process"
  },
  "actualPreparedHashes": {
    "bochs/cpu/bw_slice_runtime.inc": "8389bcb4383e1f0bd7acb3d46fd9c6bfec731d59aa733f042db6524fd72fd69e",
    "bochs/cpu/bw_slice_abi.h": "3cb214dfa1a1cf74c5aea4ef3642d73d8ca1cc9e9c8362d2513dc3483f284990",
    "bochs/bochs-cpu3-native-direct-board/abi.h": "3cb214dfa1a1cf74c5aea4ef3642d73d8ca1cc9e9c8362d2513dc3483f284990",
    "bochs/bochs-cpu3-native-direct-board-adapter/napi.cc": "720c63308cc8e979bd71f4401495c3a1a71e33efbbb38ba401e1db0fb2cc5593"
  }
}
