00000000000i[      ] BXSHARE not set. using compile time default '/usr/local/share/bochs'
00000000000i[      ] reading configuration from /mnt/volume1/tmp-astra/native-hot-h2-cost-pairs-20261001/2-True/guest.bochsrc
00000000000i[      ] installing nogui module as the Bochs GUI
00000000000i[      ] using log file /mnt/volume1/tmp-astra/native-hot-h2-cost-pairs-20261001/2-True/guest.bochs.log
BWNP1	HEADER	1	nanoseconds	resume-only
BWNP1	CONTROL	439	209839	1	0	1428373	0	0	0
BWNP1	BUCKET	native_resume_inclusive	439	517694049	13701219
BWNP1	BUCKET	resume_return_conversion	439	28456200	387362
BWNP1	BUCKET	scalar_whole	201393	395096932	4641782
BWNP1	BUCKET	memory_whole	8438	55652930	706576
BWNP1	BUCKET	page_whole	8	14483233	6380718
BWNP1	BUCKET	scalar_arguments_scopes	201393	23082253	449280
BWNP1	BUCKET	scalar_op_call	201393	139227473	1290529
BWNP1	BUCKET	scalar_return_validation	201393	12762244	93270
BWNP1	BUCKET	scalar_mapping_call	201367	104696892	4622310
BWNP1	BUCKET	scalar_mapping_fields	201393	100106435	207734
BWNP1	BUCKET	scalar_scope_close	201393	15221635	73706
BWNP1	BUCKET	scalar_native_tick	100684	198361569	4641782
BWNP1	BUCKET	scalar_quantum	100682	193653342	514898
BWNP1	BUCKET	scalar_pio	26	2929924	672005
BWNP1	BUCKET	scalar_ack	1	152097	152097
