00000000000i[      ] BXSHARE not set. using compile time default '/usr/local/share/bochs'
00000000000i[      ] reading configuration from /home/runner/work/_temp/paged-int-iret-execution/protected-source.bochsrc
00000000000i[      ] installing nogui module as the Bochs GUI
00000000000i[      ] using log file /home/runner/work/_temp/paged-int-iret-execution/bochs.log
node:internal/modules/run_main:123
    triggerUncaughtException(
    ^

AssertionError [ERR_ASSERTION]: The expression evaluated to a falsy value:

  assert.ok(Buffer.byteLength(bytes)<=16<<20)

    at write (file:///home/runner/work/bw-board/bw-board/paged-int-iret-driver/scripts/bochs-cpu3-native-paged-int-iret/runner.mjs:30:62)
    at run (file:///home/runner/work/bw-board/bw-board/paged-int-iret-driver/scripts/bochs-cpu3-native-paged-int-iret/runner.mjs:59:36)
    at async file:///home/runner/work/bw-board/bw-board/paged-int-iret-driver/scripts/bochs-cpu3-native-paged-int-iret/runner.mjs:71:135 {
  generatedMessage: true,
  code: 'ERR_ASSERTION',
  actual: false,
  expected: true,
  operator: '==',
  diff: 'simple'
}

Node.js v22.23.3
