                                      1 ;--------------------------------------------------------
                                      2 ; File Created by SDCC : free open source ANSI-C Compiler
                                      3 ; Version 4.2.0 #13081 (Linux)
                                      4 ;--------------------------------------------------------
                                      5 	.module led_buzzer
                                      6 	.optsdcc -mmcs51 --model-small
                                      7 	
                                      8 ;--------------------------------------------------------
                                      9 ; Public variables in this module
                                     10 ;--------------------------------------------------------
                                     11 	.globl _tf0_isr
                                     12 	.globl _main
                                     13 	.globl _timer0_init
                                     14 	.globl _CY
                                     15 	.globl _AC
                                     16 	.globl _F0
                                     17 	.globl _RS1
                                     18 	.globl _RS0
                                     19 	.globl _OV
                                     20 	.globl _F1
                                     21 	.globl _P
                                     22 	.globl _PS
                                     23 	.globl _PT1
                                     24 	.globl _PX1
                                     25 	.globl _PT0
                                     26 	.globl _PX0
                                     27 	.globl _RD
                                     28 	.globl _WR
                                     29 	.globl _T1
                                     30 	.globl _T0
                                     31 	.globl _INT1
                                     32 	.globl _INT0
                                     33 	.globl _TXD
                                     34 	.globl _RXD
                                     35 	.globl _P3_7
                                     36 	.globl _P3_6
                                     37 	.globl _P3_5
                                     38 	.globl _P3_4
                                     39 	.globl _P3_3
                                     40 	.globl _P3_2
                                     41 	.globl _P3_1
                                     42 	.globl _P3_0
                                     43 	.globl _EA
                                     44 	.globl _ES
                                     45 	.globl _ET1
                                     46 	.globl _EX1
                                     47 	.globl _ET0
                                     48 	.globl _EX0
                                     49 	.globl _P2_7
                                     50 	.globl _P2_6
                                     51 	.globl _P2_5
                                     52 	.globl _P2_4
                                     53 	.globl _P2_3
                                     54 	.globl _P2_2
                                     55 	.globl _P2_1
                                     56 	.globl _P2_0
                                     57 	.globl _SM0
                                     58 	.globl _SM1
                                     59 	.globl _SM2
                                     60 	.globl _REN
                                     61 	.globl _TB8
                                     62 	.globl _RB8
                                     63 	.globl _TI
                                     64 	.globl _RI
                                     65 	.globl _P1_7
                                     66 	.globl _P1_6
                                     67 	.globl _P1_5
                                     68 	.globl _P1_4
                                     69 	.globl _P1_3
                                     70 	.globl _P1_2
                                     71 	.globl _P1_1
                                     72 	.globl _P1_0
                                     73 	.globl _TF1
                                     74 	.globl _TR1
                                     75 	.globl _TF0
                                     76 	.globl _TR0
                                     77 	.globl _IE1
                                     78 	.globl _IT1
                                     79 	.globl _IE0
                                     80 	.globl _IT0
                                     81 	.globl _P0_7
                                     82 	.globl _P0_6
                                     83 	.globl _P0_5
                                     84 	.globl _P0_4
                                     85 	.globl _P0_3
                                     86 	.globl _P0_2
                                     87 	.globl _P0_1
                                     88 	.globl _P0_0
                                     89 	.globl _B
                                     90 	.globl _ACC
                                     91 	.globl _PSW
                                     92 	.globl _IP
                                     93 	.globl _P3
                                     94 	.globl _IE
                                     95 	.globl _P2
                                     96 	.globl _SBUF
                                     97 	.globl _SCON
                                     98 	.globl _P1
                                     99 	.globl _TH1
                                    100 	.globl _TH0
                                    101 	.globl _TL1
                                    102 	.globl _TL0
                                    103 	.globl _TMOD
                                    104 	.globl _TCON
                                    105 	.globl _PCON
                                    106 	.globl _DPH
                                    107 	.globl _DPL
                                    108 	.globl _SP
                                    109 	.globl _P0
                                    110 	.globl _buzzer_state
                                    111 ;--------------------------------------------------------
                                    112 ; special function registers
                                    113 ;--------------------------------------------------------
                                    114 	.area RSEG    (ABS,DATA)
      000000                        115 	.org 0x0000
                           000080   116 _P0	=	0x0080
                           000081   117 _SP	=	0x0081
                           000082   118 _DPL	=	0x0082
                           000083   119 _DPH	=	0x0083
                           000087   120 _PCON	=	0x0087
                           000088   121 _TCON	=	0x0088
                           000089   122 _TMOD	=	0x0089
                           00008A   123 _TL0	=	0x008a
                           00008B   124 _TL1	=	0x008b
                           00008C   125 _TH0	=	0x008c
                           00008D   126 _TH1	=	0x008d
                           000090   127 _P1	=	0x0090
                           000098   128 _SCON	=	0x0098
                           000099   129 _SBUF	=	0x0099
                           0000A0   130 _P2	=	0x00a0
                           0000A8   131 _IE	=	0x00a8
                           0000B0   132 _P3	=	0x00b0
                           0000B8   133 _IP	=	0x00b8
                           0000D0   134 _PSW	=	0x00d0
                           0000E0   135 _ACC	=	0x00e0
                           0000F0   136 _B	=	0x00f0
                                    137 ;--------------------------------------------------------
                                    138 ; special function bits
                                    139 ;--------------------------------------------------------
                                    140 	.area RSEG    (ABS,DATA)
      000000                        141 	.org 0x0000
                           000080   142 _P0_0	=	0x0080
                           000081   143 _P0_1	=	0x0081
                           000082   144 _P0_2	=	0x0082
                           000083   145 _P0_3	=	0x0083
                           000084   146 _P0_4	=	0x0084
                           000085   147 _P0_5	=	0x0085
                           000086   148 _P0_6	=	0x0086
                           000087   149 _P0_7	=	0x0087
                           000088   150 _IT0	=	0x0088
                           000089   151 _IE0	=	0x0089
                           00008A   152 _IT1	=	0x008a
                           00008B   153 _IE1	=	0x008b
                           00008C   154 _TR0	=	0x008c
                           00008D   155 _TF0	=	0x008d
                           00008E   156 _TR1	=	0x008e
                           00008F   157 _TF1	=	0x008f
                           000090   158 _P1_0	=	0x0090
                           000091   159 _P1_1	=	0x0091
                           000092   160 _P1_2	=	0x0092
                           000093   161 _P1_3	=	0x0093
                           000094   162 _P1_4	=	0x0094
                           000095   163 _P1_5	=	0x0095
                           000096   164 _P1_6	=	0x0096
                           000097   165 _P1_7	=	0x0097
                           000098   166 _RI	=	0x0098
                           000099   167 _TI	=	0x0099
                           00009A   168 _RB8	=	0x009a
                           00009B   169 _TB8	=	0x009b
                           00009C   170 _REN	=	0x009c
                           00009D   171 _SM2	=	0x009d
                           00009E   172 _SM1	=	0x009e
                           00009F   173 _SM0	=	0x009f
                           0000A0   174 _P2_0	=	0x00a0
                           0000A1   175 _P2_1	=	0x00a1
                           0000A2   176 _P2_2	=	0x00a2
                           0000A3   177 _P2_3	=	0x00a3
                           0000A4   178 _P2_4	=	0x00a4
                           0000A5   179 _P2_5	=	0x00a5
                           0000A6   180 _P2_6	=	0x00a6
                           0000A7   181 _P2_7	=	0x00a7
                           0000A8   182 _EX0	=	0x00a8
                           0000A9   183 _ET0	=	0x00a9
                           0000AA   184 _EX1	=	0x00aa
                           0000AB   185 _ET1	=	0x00ab
                           0000AC   186 _ES	=	0x00ac
                           0000AF   187 _EA	=	0x00af
                           0000B0   188 _P3_0	=	0x00b0
                           0000B1   189 _P3_1	=	0x00b1
                           0000B2   190 _P3_2	=	0x00b2
                           0000B3   191 _P3_3	=	0x00b3
                           0000B4   192 _P3_4	=	0x00b4
                           0000B5   193 _P3_5	=	0x00b5
                           0000B6   194 _P3_6	=	0x00b6
                           0000B7   195 _P3_7	=	0x00b7
                           0000B0   196 _RXD	=	0x00b0
                           0000B1   197 _TXD	=	0x00b1
                           0000B2   198 _INT0	=	0x00b2
                           0000B3   199 _INT1	=	0x00b3
                           0000B4   200 _T0	=	0x00b4
                           0000B5   201 _T1	=	0x00b5
                           0000B6   202 _WR	=	0x00b6
                           0000B7   203 _RD	=	0x00b7
                           0000B8   204 _PX0	=	0x00b8
                           0000B9   205 _PT0	=	0x00b9
                           0000BA   206 _PX1	=	0x00ba
                           0000BB   207 _PT1	=	0x00bb
                           0000BC   208 _PS	=	0x00bc
                           0000D0   209 _P	=	0x00d0
                           0000D1   210 _F1	=	0x00d1
                           0000D2   211 _OV	=	0x00d2
                           0000D3   212 _RS0	=	0x00d3
                           0000D4   213 _RS1	=	0x00d4
                           0000D5   214 _F0	=	0x00d5
                           0000D6   215 _AC	=	0x00d6
                           0000D7   216 _CY	=	0x00d7
                                    217 ;--------------------------------------------------------
                                    218 ; overlayable register banks
                                    219 ;--------------------------------------------------------
                                    220 	.area REG_BANK_0	(REL,OVR,DATA)
      000000                        221 	.ds 8
                                    222 ;--------------------------------------------------------
                                    223 ; internal ram data
                                    224 ;--------------------------------------------------------
                                    225 	.area DSEG    (DATA)
                                    226 ;--------------------------------------------------------
                                    227 ; overlayable items in internal ram
                                    228 ;--------------------------------------------------------
                                    229 ;--------------------------------------------------------
                                    230 ; Stack segment in internal ram
                                    231 ;--------------------------------------------------------
                                    232 	.area	SSEG
      000000                        233 __start__stack:
      000000                        234 	.ds	1
                                    235 
                                    236 ;--------------------------------------------------------
                                    237 ; indirectly addressable internal ram data
                                    238 ;--------------------------------------------------------
                                    239 	.area ISEG    (DATA)
                                    240 ;--------------------------------------------------------
                                    241 ; absolute internal ram data
                                    242 ;--------------------------------------------------------
                                    243 	.area IABS    (ABS,DATA)
                                    244 	.area IABS    (ABS,DATA)
                                    245 ;--------------------------------------------------------
                                    246 ; bit data
                                    247 ;--------------------------------------------------------
                                    248 	.area BSEG    (BIT)
      000000                        249 _buzzer_state::
      000000                        250 	.ds 1
                                    251 ;--------------------------------------------------------
                                    252 ; paged external ram data
                                    253 ;--------------------------------------------------------
                                    254 	.area PSEG    (PAG,XDATA)
                                    255 ;--------------------------------------------------------
                                    256 ; external ram data
                                    257 ;--------------------------------------------------------
                                    258 	.area XSEG    (XDATA)
                                    259 ;--------------------------------------------------------
                                    260 ; absolute external ram data
                                    261 ;--------------------------------------------------------
                                    262 	.area XABS    (ABS,XDATA)
                                    263 ;--------------------------------------------------------
                                    264 ; external initialized ram data
                                    265 ;--------------------------------------------------------
                                    266 	.area XISEG   (XDATA)
                                    267 	.area HOME    (CODE)
                                    268 	.area GSINIT0 (CODE)
                                    269 	.area GSINIT1 (CODE)
                                    270 	.area GSINIT2 (CODE)
                                    271 	.area GSINIT3 (CODE)
                                    272 	.area GSINIT4 (CODE)
                                    273 	.area GSINIT5 (CODE)
                                    274 	.area GSINIT  (CODE)
                                    275 	.area GSFINAL (CODE)
                                    276 	.area CSEG    (CODE)
                                    277 ;--------------------------------------------------------
                                    278 ; interrupt vector
                                    279 ;--------------------------------------------------------
                                    280 	.area HOME    (CODE)
      000000                        281 __interrupt_vect:
      000000 02r00r00         [24]  282 	ljmp	__sdcc_gsinit_startup
      000003 32               [24]  283 	reti
      000004                        284 	.ds	7
      00000B 02r00r1A         [24]  285 	ljmp	_tf0_isr
                                    286 ;--------------------------------------------------------
                                    287 ; global & static initialisations
                                    288 ;--------------------------------------------------------
                                    289 	.area HOME    (CODE)
                                    290 	.area GSINIT  (CODE)
                                    291 	.area GSFINAL (CODE)
                                    292 	.area GSINIT  (CODE)
                                    293 	.globl __sdcc_gsinit_startup
                                    294 	.globl __sdcc_program_startup
                                    295 	.globl __start__stack
                                    296 	.globl __mcs51_genXINIT
                                    297 	.globl __mcs51_genXRAMCLEAR
                                    298 	.globl __mcs51_genRAMCLEAR
                                    299 ;	01_led_buzzer/led_buzzer.c:37: __bit buzzer_state = 0;
                                    300 ;	assignBit
      000000 C2*00            [12]  301 	clr	_buzzer_state
                                    302 	.area GSFINAL (CODE)
      000000 02r00r0E         [24]  303 	ljmp	__sdcc_program_startup
                                    304 ;--------------------------------------------------------
                                    305 ; Home
                                    306 ;--------------------------------------------------------
                                    307 	.area HOME    (CODE)
                                    308 	.area HOME    (CODE)
      00000E                        309 __sdcc_program_startup:
      00000E 02r00r11         [24]  310 	ljmp	_main
                                    311 ;	return from main will return to caller
                                    312 ;--------------------------------------------------------
                                    313 ; code
                                    314 ;--------------------------------------------------------
                                    315 	.area CSEG    (CODE)
                                    316 ;------------------------------------------------------------
                                    317 ;Allocation info for local variables in function 'timer0_init'
                                    318 ;------------------------------------------------------------
                                    319 ;	01_led_buzzer/led_buzzer.c:19: void timer0_init(void) {
                                    320 ;	-----------------------------------------
                                    321 ;	 function timer0_init
                                    322 ;	-----------------------------------------
      000000                        323 _timer0_init:
                           000007   324 	ar7 = 0x07
                           000006   325 	ar6 = 0x06
                           000005   326 	ar5 = 0x05
                           000004   327 	ar4 = 0x04
                           000003   328 	ar3 = 0x03
                           000002   329 	ar2 = 0x02
                           000001   330 	ar1 = 0x01
                           000000   331 	ar0 = 0x00
                                    332 ;	01_led_buzzer/led_buzzer.c:20: TMOD &= 0xF0;	/* Clear Timer 0 mode bits */
      000000 53 89 F0         [24]  333 	anl	_TMOD,#0xf0
                                    334 ;	01_led_buzzer/led_buzzer.c:21: TMOD |= 0x1;	/* Set Timer 0 mode to 16-bit */
      000003 43 89 01         [24]  335 	orl	_TMOD,#0x01
                                    336 ;	01_led_buzzer/led_buzzer.c:22: TH0 = 0xFC;	/* Set Timer 0 high byte for 16-bit mode */
      000006 75 8C FC         [24]  337 	mov	_TH0,#0xfc
                                    338 ;	01_led_buzzer/led_buzzer.c:23: TL0 = 0x18;	/* Set Timer 0 low byte for 16-bit mode */
      000009 75 8A 18         [24]  339 	mov	_TL0,#0x18
                                    340 ;	01_led_buzzer/led_buzzer.c:24: TF0 = 0;	/* Clear Timer 0 overflow flag */
                                    341 ;	assignBit
      00000C C2 8D            [12]  342 	clr	_TF0
                                    343 ;	01_led_buzzer/led_buzzer.c:25: TR0 = 1;	/* Start Timer 0 */
                                    344 ;	assignBit
      00000E D2 8C            [12]  345 	setb	_TR0
                                    346 ;	01_led_buzzer/led_buzzer.c:26: }
      000010 22               [24]  347 	ret
                                    348 ;------------------------------------------------------------
                                    349 ;Allocation info for local variables in function 'main'
                                    350 ;------------------------------------------------------------
                                    351 ;	01_led_buzzer/led_buzzer.c:28: void main(void) {
                                    352 ;	-----------------------------------------
                                    353 ;	 function main
                                    354 ;	-----------------------------------------
      000011                        355 _main:
                                    356 ;	01_led_buzzer/led_buzzer.c:29: timer0_init();
      000011 12r00r00         [24]  357 	lcall	_timer0_init
                                    358 ;	01_led_buzzer/led_buzzer.c:31: ET0 = 1;	/* Enable Timer 0 interrupt */
                                    359 ;	assignBit
      000014 D2 A9            [12]  360 	setb	_ET0
                                    361 ;	01_led_buzzer/led_buzzer.c:32: EA  = 1; /* Enable global interrupts */
                                    362 ;	assignBit
      000016 D2 AF            [12]  363 	setb	_EA
      000018                        364 00103$:
                                    365 ;	01_led_buzzer/led_buzzer.c:35: }
      000018 80 FE            [24]  366 	sjmp	00103$
                                    367 ;------------------------------------------------------------
                                    368 ;Allocation info for local variables in function 'tf0_isr'
                                    369 ;------------------------------------------------------------
                                    370 ;	01_led_buzzer/led_buzzer.c:39: void tf0_isr(void) __interrupt(TF0_VECTOR) {
                                    371 ;	-----------------------------------------
                                    372 ;	 function tf0_isr
                                    373 ;	-----------------------------------------
      00001A                        374 _tf0_isr:
      00001A C0 D0            [24]  375 	push	psw
                                    376 ;	01_led_buzzer/led_buzzer.c:41: P2_0 = P3_2; // LED 0 mirrors button 0
                                    377 ;	assignBit
      00001C A2 B2            [12]  378 	mov	c,_P3_2
      00001E 92 A0            [24]  379 	mov	_P2_0,c
                                    380 ;	01_led_buzzer/led_buzzer.c:44: if(P3_3 == 0) {
      000020 20 B3 02         [24]  381 	jb	_P3_3,00102$
                                    382 ;	01_led_buzzer/led_buzzer.c:45: buzzer_state = !buzzer_state;
      000023 B2*00            [12]  383 	cpl	_buzzer_state
      000025                        384 00102$:
                                    385 ;	01_led_buzzer/led_buzzer.c:47: P1_5 = buzzer_state;
                                    386 ;	assignBit
      000025 A2*00            [12]  387 	mov	c,_buzzer_state
      000027 92 95            [24]  388 	mov	_P1_5,c
                                    389 ;	01_led_buzzer/led_buzzer.c:50: TH0 = 0xFC;	/* Set Timer 0 high byte for 16-bit mode */
      000029 75 8C FC         [24]  390 	mov	_TH0,#0xfc
                                    391 ;	01_led_buzzer/led_buzzer.c:51: TL0 = 0x18;	/* Set Timer 0 low byte for 16-bit mode */
      00002C 75 8A 18         [24]  392 	mov	_TL0,#0x18
                                    393 ;	01_led_buzzer/led_buzzer.c:52: TF0 = 0;	/* Clear Timer 0 overflow flag */
                                    394 ;	assignBit
      00002F C2 8D            [12]  395 	clr	_TF0
                                    396 ;	01_led_buzzer/led_buzzer.c:53: }
      000031 D0 D0            [24]  397 	pop	psw
      000033 32               [24]  398 	reti
                                    399 ;	eliminated unneeded mov psw,# (no regs used in bank)
                                    400 ;	eliminated unneeded push/pop dpl
                                    401 ;	eliminated unneeded push/pop dph
                                    402 ;	eliminated unneeded push/pop b
                                    403 ;	eliminated unneeded push/pop acc
                                    404 	.area CSEG    (CODE)
                                    405 	.area CONST   (CODE)
                                    406 	.area XINIT   (CODE)
                                    407 	.area CABS    (ABS,CODE)
