                                      1 ;--------------------------------------------------------
                                      2 ; File Created by SDCC : free open source ANSI-C Compiler
                                      3 ; Version 4.2.0 #13081 (Linux)
                                      4 ;--------------------------------------------------------
                                      5 	.module led_matrix
                                      6 	.optsdcc -mmcs51 --model-small
                                      7 	
                                      8 ;--------------------------------------------------------
                                      9 ; Public variables in this module
                                     10 ;--------------------------------------------------------
                                     11 	.globl _main
                                     12 	.globl _HC575_write
                                     13 	.globl _CY
                                     14 	.globl _AC
                                     15 	.globl _F0
                                     16 	.globl _RS1
                                     17 	.globl _RS0
                                     18 	.globl _OV
                                     19 	.globl _F1
                                     20 	.globl _P
                                     21 	.globl _PS
                                     22 	.globl _PT1
                                     23 	.globl _PX1
                                     24 	.globl _PT0
                                     25 	.globl _PX0
                                     26 	.globl _RD
                                     27 	.globl _WR
                                     28 	.globl _T1
                                     29 	.globl _T0
                                     30 	.globl _INT1
                                     31 	.globl _INT0
                                     32 	.globl _TXD
                                     33 	.globl _RXD
                                     34 	.globl _P3_7
                                     35 	.globl _P3_6
                                     36 	.globl _P3_5
                                     37 	.globl _P3_4
                                     38 	.globl _P3_3
                                     39 	.globl _P3_2
                                     40 	.globl _P3_1
                                     41 	.globl _P3_0
                                     42 	.globl _EA
                                     43 	.globl _ES
                                     44 	.globl _ET1
                                     45 	.globl _EX1
                                     46 	.globl _ET0
                                     47 	.globl _EX0
                                     48 	.globl _P2_7
                                     49 	.globl _P2_6
                                     50 	.globl _P2_5
                                     51 	.globl _P2_4
                                     52 	.globl _P2_3
                                     53 	.globl _P2_2
                                     54 	.globl _P2_1
                                     55 	.globl _P2_0
                                     56 	.globl _SM0
                                     57 	.globl _SM1
                                     58 	.globl _SM2
                                     59 	.globl _REN
                                     60 	.globl _TB8
                                     61 	.globl _RB8
                                     62 	.globl _TI
                                     63 	.globl _RI
                                     64 	.globl _P1_7
                                     65 	.globl _P1_6
                                     66 	.globl _P1_5
                                     67 	.globl _P1_4
                                     68 	.globl _P1_3
                                     69 	.globl _P1_2
                                     70 	.globl _P1_1
                                     71 	.globl _P1_0
                                     72 	.globl _TF1
                                     73 	.globl _TR1
                                     74 	.globl _TF0
                                     75 	.globl _TR0
                                     76 	.globl _IE1
                                     77 	.globl _IT1
                                     78 	.globl _IE0
                                     79 	.globl _IT0
                                     80 	.globl _P0_7
                                     81 	.globl _P0_6
                                     82 	.globl _P0_5
                                     83 	.globl _P0_4
                                     84 	.globl _P0_3
                                     85 	.globl _P0_2
                                     86 	.globl _P0_1
                                     87 	.globl _P0_0
                                     88 	.globl _B
                                     89 	.globl _ACC
                                     90 	.globl _PSW
                                     91 	.globl _IP
                                     92 	.globl _P3
                                     93 	.globl _IE
                                     94 	.globl _P2
                                     95 	.globl _SBUF
                                     96 	.globl _SCON
                                     97 	.globl _P1
                                     98 	.globl _TH1
                                     99 	.globl _TH0
                                    100 	.globl _TL1
                                    101 	.globl _TL0
                                    102 	.globl _TMOD
                                    103 	.globl _TCON
                                    104 	.globl _PCON
                                    105 	.globl _DPH
                                    106 	.globl _DPL
                                    107 	.globl _SP
                                    108 	.globl _P0
                                    109 	.globl _matrix_rows
                                    110 ;--------------------------------------------------------
                                    111 ; special function registers
                                    112 ;--------------------------------------------------------
                                    113 	.area RSEG    (ABS,DATA)
      000000                        114 	.org 0x0000
                           000080   115 _P0	=	0x0080
                           000081   116 _SP	=	0x0081
                           000082   117 _DPL	=	0x0082
                           000083   118 _DPH	=	0x0083
                           000087   119 _PCON	=	0x0087
                           000088   120 _TCON	=	0x0088
                           000089   121 _TMOD	=	0x0089
                           00008A   122 _TL0	=	0x008a
                           00008B   123 _TL1	=	0x008b
                           00008C   124 _TH0	=	0x008c
                           00008D   125 _TH1	=	0x008d
                           000090   126 _P1	=	0x0090
                           000098   127 _SCON	=	0x0098
                           000099   128 _SBUF	=	0x0099
                           0000A0   129 _P2	=	0x00a0
                           0000A8   130 _IE	=	0x00a8
                           0000B0   131 _P3	=	0x00b0
                           0000B8   132 _IP	=	0x00b8
                           0000D0   133 _PSW	=	0x00d0
                           0000E0   134 _ACC	=	0x00e0
                           0000F0   135 _B	=	0x00f0
                                    136 ;--------------------------------------------------------
                                    137 ; special function bits
                                    138 ;--------------------------------------------------------
                                    139 	.area RSEG    (ABS,DATA)
      000000                        140 	.org 0x0000
                           000080   141 _P0_0	=	0x0080
                           000081   142 _P0_1	=	0x0081
                           000082   143 _P0_2	=	0x0082
                           000083   144 _P0_3	=	0x0083
                           000084   145 _P0_4	=	0x0084
                           000085   146 _P0_5	=	0x0085
                           000086   147 _P0_6	=	0x0086
                           000087   148 _P0_7	=	0x0087
                           000088   149 _IT0	=	0x0088
                           000089   150 _IE0	=	0x0089
                           00008A   151 _IT1	=	0x008a
                           00008B   152 _IE1	=	0x008b
                           00008C   153 _TR0	=	0x008c
                           00008D   154 _TF0	=	0x008d
                           00008E   155 _TR1	=	0x008e
                           00008F   156 _TF1	=	0x008f
                           000090   157 _P1_0	=	0x0090
                           000091   158 _P1_1	=	0x0091
                           000092   159 _P1_2	=	0x0092
                           000093   160 _P1_3	=	0x0093
                           000094   161 _P1_4	=	0x0094
                           000095   162 _P1_5	=	0x0095
                           000096   163 _P1_6	=	0x0096
                           000097   164 _P1_7	=	0x0097
                           000098   165 _RI	=	0x0098
                           000099   166 _TI	=	0x0099
                           00009A   167 _RB8	=	0x009a
                           00009B   168 _TB8	=	0x009b
                           00009C   169 _REN	=	0x009c
                           00009D   170 _SM2	=	0x009d
                           00009E   171 _SM1	=	0x009e
                           00009F   172 _SM0	=	0x009f
                           0000A0   173 _P2_0	=	0x00a0
                           0000A1   174 _P2_1	=	0x00a1
                           0000A2   175 _P2_2	=	0x00a2
                           0000A3   176 _P2_3	=	0x00a3
                           0000A4   177 _P2_4	=	0x00a4
                           0000A5   178 _P2_5	=	0x00a5
                           0000A6   179 _P2_6	=	0x00a6
                           0000A7   180 _P2_7	=	0x00a7
                           0000A8   181 _EX0	=	0x00a8
                           0000A9   182 _ET0	=	0x00a9
                           0000AA   183 _EX1	=	0x00aa
                           0000AB   184 _ET1	=	0x00ab
                           0000AC   185 _ES	=	0x00ac
                           0000AF   186 _EA	=	0x00af
                           0000B0   187 _P3_0	=	0x00b0
                           0000B1   188 _P3_1	=	0x00b1
                           0000B2   189 _P3_2	=	0x00b2
                           0000B3   190 _P3_3	=	0x00b3
                           0000B4   191 _P3_4	=	0x00b4
                           0000B5   192 _P3_5	=	0x00b5
                           0000B6   193 _P3_6	=	0x00b6
                           0000B7   194 _P3_7	=	0x00b7
                           0000B0   195 _RXD	=	0x00b0
                           0000B1   196 _TXD	=	0x00b1
                           0000B2   197 _INT0	=	0x00b2
                           0000B3   198 _INT1	=	0x00b3
                           0000B4   199 _T0	=	0x00b4
                           0000B5   200 _T1	=	0x00b5
                           0000B6   201 _WR	=	0x00b6
                           0000B7   202 _RD	=	0x00b7
                           0000B8   203 _PX0	=	0x00b8
                           0000B9   204 _PT0	=	0x00b9
                           0000BA   205 _PX1	=	0x00ba
                           0000BB   206 _PT1	=	0x00bb
                           0000BC   207 _PS	=	0x00bc
                           0000D0   208 _P	=	0x00d0
                           0000D1   209 _F1	=	0x00d1
                           0000D2   210 _OV	=	0x00d2
                           0000D3   211 _RS0	=	0x00d3
                           0000D4   212 _RS1	=	0x00d4
                           0000D5   213 _F0	=	0x00d5
                           0000D6   214 _AC	=	0x00d6
                           0000D7   215 _CY	=	0x00d7
                                    216 ;--------------------------------------------------------
                                    217 ; overlayable register banks
                                    218 ;--------------------------------------------------------
                                    219 	.area REG_BANK_0	(REL,OVR,DATA)
      000000                        220 	.ds 8
                                    221 ;--------------------------------------------------------
                                    222 ; internal ram data
                                    223 ;--------------------------------------------------------
                                    224 	.area DSEG    (DATA)
      000000                        225 _matrix_rows::
      000000                        226 	.ds 8
                                    227 ;--------------------------------------------------------
                                    228 ; overlayable items in internal ram
                                    229 ;--------------------------------------------------------
                                    230 	.area	OSEG    (OVR,DATA)
                                    231 ;--------------------------------------------------------
                                    232 ; Stack segment in internal ram
                                    233 ;--------------------------------------------------------
                                    234 	.area	SSEG
      000000                        235 __start__stack:
      000000                        236 	.ds	1
                                    237 
                                    238 ;--------------------------------------------------------
                                    239 ; indirectly addressable internal ram data
                                    240 ;--------------------------------------------------------
                                    241 	.area ISEG    (DATA)
                                    242 ;--------------------------------------------------------
                                    243 ; absolute internal ram data
                                    244 ;--------------------------------------------------------
                                    245 	.area IABS    (ABS,DATA)
                                    246 	.area IABS    (ABS,DATA)
                                    247 ;--------------------------------------------------------
                                    248 ; bit data
                                    249 ;--------------------------------------------------------
                                    250 	.area BSEG    (BIT)
                                    251 ;--------------------------------------------------------
                                    252 ; paged external ram data
                                    253 ;--------------------------------------------------------
                                    254 	.area PSEG    (PAG,XDATA)
                                    255 ;--------------------------------------------------------
                                    256 ; external ram data
                                    257 ;--------------------------------------------------------
                                    258 	.area XSEG    (XDATA)
                                    259 ;--------------------------------------------------------
                                    260 ; absolute external ram data
                                    261 ;--------------------------------------------------------
                                    262 	.area XABS    (ABS,XDATA)
                                    263 ;--------------------------------------------------------
                                    264 ; external initialized ram data
                                    265 ;--------------------------------------------------------
                                    266 	.area XISEG   (XDATA)
                                    267 	.area HOME    (CODE)
                                    268 	.area GSINIT0 (CODE)
                                    269 	.area GSINIT1 (CODE)
                                    270 	.area GSINIT2 (CODE)
                                    271 	.area GSINIT3 (CODE)
                                    272 	.area GSINIT4 (CODE)
                                    273 	.area GSINIT5 (CODE)
                                    274 	.area GSINIT  (CODE)
                                    275 	.area GSFINAL (CODE)
                                    276 	.area CSEG    (CODE)
                                    277 ;--------------------------------------------------------
                                    278 ; interrupt vector
                                    279 ;--------------------------------------------------------
                                    280 	.area HOME    (CODE)
      000000                        281 __interrupt_vect:
      000000 02r00r00         [24]  282 	ljmp	__sdcc_gsinit_startup
                                    283 ;--------------------------------------------------------
                                    284 ; global & static initialisations
                                    285 ;--------------------------------------------------------
                                    286 	.area HOME    (CODE)
                                    287 	.area GSINIT  (CODE)
                                    288 	.area GSFINAL (CODE)
                                    289 	.area GSINIT  (CODE)
                                    290 	.globl __sdcc_gsinit_startup
                                    291 	.globl __sdcc_program_startup
                                    292 	.globl __start__stack
                                    293 	.globl __mcs51_genXINIT
                                    294 	.globl __mcs51_genXRAMCLEAR
                                    295 	.globl __mcs51_genRAMCLEAR
                                    296 ;	01_led_matrix/led_matrix.c:26: uint8_t matrix_rows[] = {
      000000 75*00 00         [24]  297 	mov	_matrix_rows,#0x00
      000003 75*01 1C         [24]  298 	mov	(_matrix_rows + 0x0001),#0x1c
      000006 75*02 22         [24]  299 	mov	(_matrix_rows + 0x0002),#0x22
      000009 75*03 22         [24]  300 	mov	(_matrix_rows + 0x0003),#0x22
      00000C 75*04 22         [24]  301 	mov	(_matrix_rows + 0x0004),#0x22
      00000F 75*05 22         [24]  302 	mov	(_matrix_rows + 0x0005),#0x22
      000012 75*06 22         [24]  303 	mov	(_matrix_rows + 0x0006),#0x22
      000015 75*07 1C         [24]  304 	mov	(_matrix_rows + 0x0007),#0x1c
                                    305 	.area GSFINAL (CODE)
      000000 02r00r03         [24]  306 	ljmp	__sdcc_program_startup
                                    307 ;--------------------------------------------------------
                                    308 ; Home
                                    309 ;--------------------------------------------------------
                                    310 	.area HOME    (CODE)
                                    311 	.area HOME    (CODE)
      000003                        312 __sdcc_program_startup:
      000003 02r00r2A         [24]  313 	ljmp	_main
                                    314 ;	return from main will return to caller
                                    315 ;--------------------------------------------------------
                                    316 ; code
                                    317 ;--------------------------------------------------------
                                    318 	.area CSEG    (CODE)
                                    319 ;------------------------------------------------------------
                                    320 ;Allocation info for local variables in function 'HC575_write'
                                    321 ;------------------------------------------------------------
                                    322 ;value                     Allocated to registers r7 
                                    323 ;i                         Allocated to registers r6 
                                    324 ;------------------------------------------------------------
                                    325 ;	01_led_matrix/led_matrix.c:37: void HC575_write(uint8_t value) {
                                    326 ;	-----------------------------------------
                                    327 ;	 function HC575_write
                                    328 ;	-----------------------------------------
      000000                        329 _HC575_write:
                           000007   330 	ar7 = 0x07
                           000006   331 	ar6 = 0x06
                           000005   332 	ar5 = 0x05
                           000004   333 	ar4 = 0x04
                           000003   334 	ar3 = 0x03
                           000002   335 	ar2 = 0x02
                           000001   336 	ar1 = 0x01
                           000000   337 	ar0 = 0x00
      000000 AF 82            [24]  338 	mov	r7,dpl
                                    339 ;	01_led_matrix/led_matrix.c:38: SRCLK=0;
                                    340 ;	assignBit
      000002 C2 B6            [12]  341 	clr	_P3_6
                                    342 ;	01_led_matrix/led_matrix.c:39: RCLK=0;
                                    343 ;	assignBit
      000004 C2 B5            [12]  344 	clr	_P3_5
                                    345 ;	01_led_matrix/led_matrix.c:40: for(uint8_t i=0; i<8; i++) {
      000006 7E 00            [12]  346 	mov	r6,#0x00
      000008                        347 00103$:
      000008 BE 08 00         [24]  348 	cjne	r6,#0x08,00116$
      00000B                        349 00116$:
      00000B 50 16            [24]  350 	jnc	00101$
                                    351 ;	01_led_matrix/led_matrix.c:41: SER = value >> 7;
      00000D EF               [12]  352 	mov	a,r7
      00000E 23               [12]  353 	rl	a
      00000F 54 01            [12]  354 	anl	a,#0x01
                                    355 ;	assignBit
      000011 24 FF            [12]  356 	add	a,#0xff
      000013 92 B4            [24]  357 	mov	_P3_4,c
                                    358 ;	01_led_matrix/led_matrix.c:42: value <<= 1;
      000015 8F 05            [24]  359 	mov	ar5,r7
      000017 ED               [12]  360 	mov	a,r5
      000018 2D               [12]  361 	add	a,r5
      000019 FF               [12]  362 	mov	r7,a
                                    363 ;	01_led_matrix/led_matrix.c:43: SRCLK = 1;
                                    364 ;	assignBit
      00001A D2 B6            [12]  365 	setb	_P3_6
                                    366 ;	01_led_matrix/led_matrix.c:44: NOP();
      00001C 00               [12]  367 	NOP	
                                    368 ;	01_led_matrix/led_matrix.c:45: NOP();
      00001D 00               [12]  369 	NOP	
                                    370 ;	01_led_matrix/led_matrix.c:46: SRCLK = 0;
                                    371 ;	assignBit
      00001E C2 B6            [12]  372 	clr	_P3_6
                                    373 ;	01_led_matrix/led_matrix.c:40: for(uint8_t i=0; i<8; i++) {
      000020 0E               [12]  374 	inc	r6
      000021 80 E5            [24]  375 	sjmp	00103$
      000023                        376 00101$:
                                    377 ;	01_led_matrix/led_matrix.c:48: RCLK = 1;
                                    378 ;	assignBit
      000023 D2 B5            [12]  379 	setb	_P3_5
                                    380 ;	01_led_matrix/led_matrix.c:49: NOP();
      000025 00               [12]  381 	NOP	
                                    382 ;	01_led_matrix/led_matrix.c:50: NOP();
      000026 00               [12]  383 	NOP	
                                    384 ;	01_led_matrix/led_matrix.c:51: RCLK = 0;
                                    385 ;	assignBit
      000027 C2 B5            [12]  386 	clr	_P3_5
                                    387 ;	01_led_matrix/led_matrix.c:52: }
      000029 22               [24]  388 	ret
                                    389 ;------------------------------------------------------------
                                    390 ;Allocation info for local variables in function 'main'
                                    391 ;------------------------------------------------------------
                                    392 ;i                         Allocated to registers r7 
                                    393 ;scan_line                 Allocated to registers r6 
                                    394 ;j                         Allocated to registers r5 r6 
                                    395 ;------------------------------------------------------------
                                    396 ;	01_led_matrix/led_matrix.c:54: void main(void) {
                                    397 ;	-----------------------------------------
                                    398 ;	 function main
                                    399 ;	-----------------------------------------
      00002A                        400 _main:
      00002A                        401 00110$:
                                    402 ;	01_led_matrix/led_matrix.c:56: P0 = 0xFF;
      00002A 75 80 FF         [24]  403 	mov	_P0,#0xff
                                    404 ;	01_led_matrix/led_matrix.c:58: for(uint8_t i=0; i<8; i++) {
      00002D 7F 00            [12]  405 	mov	r7,#0x00
      00002F                        406 00108$:
      00002F BF 08 00         [24]  407 	cjne	r7,#0x08,00135$
      000032                        408 00135$:
      000032 50 F6            [24]  409 	jnc	00110$
                                    410 ;	01_led_matrix/led_matrix.c:59: P0 = ~matrix_rows[i];
      000034 EF               [12]  411 	mov	a,r7
      000035 24r00            [12]  412 	add	a,#_matrix_rows
      000037 F9               [12]  413 	mov	r1,a
      000038 E7               [12]  414 	mov	a,@r1
      000039 F4               [12]  415 	cpl	a
      00003A F5 80            [12]  416 	mov	_P0,a
                                    417 ;	01_led_matrix/led_matrix.c:60: uint8_t scan_line = 7-i; // Scan from top to bottom
      00003C 8F 06            [24]  418 	mov	ar6,r7
      00003E 74 07            [12]  419 	mov	a,#0x07
      000040 C3               [12]  420 	clr	c
      000041 9E               [12]  421 	subb	a,r6
      000042 FE               [12]  422 	mov	r6,a
                                    423 ;	01_led_matrix/led_matrix.c:61: HC575_write((1 << scan_line)); // invert since active low
      000043 8E F0            [24]  424 	mov	b,r6
      000045 05 F0            [12]  425 	inc	b
      000047 74 01            [12]  426 	mov	a,#0x01
      000049 80 02            [24]  427 	sjmp	00139$
      00004B                        428 00137$:
      00004B 25 E0            [12]  429 	add	a,acc
      00004D                        430 00139$:
      00004D D5 F0 FB         [24]  431 	djnz	b,00137$
      000050 F5 82            [12]  432 	mov	dpl,a
      000052 C0 07            [24]  433 	push	ar7
      000054 12r00r00         [24]  434 	lcall	_HC575_write
                                    435 ;	01_led_matrix/led_matrix.c:62: HC575_write(0); // invert since active low, to avoid ghosting
      000057 75 82 00         [24]  436 	mov	dpl,#0x00
      00005A 12r00r00         [24]  437 	lcall	_HC575_write
      00005D D0 07            [24]  438 	pop	ar7
                                    439 ;	01_led_matrix/led_matrix.c:63: for(uint16_t j=0; j<30000; j++); // Simple delay (reduce for perceptible zero)
      00005F 7D 00            [12]  440 	mov	r5,#0x00
      000061 7E 00            [12]  441 	mov	r6,#0x00
      000063                        442 00105$:
      000063 8D 03            [24]  443 	mov	ar3,r5
      000065 8E 04            [24]  444 	mov	ar4,r6
      000067 C3               [12]  445 	clr	c
      000068 EB               [12]  446 	mov	a,r3
      000069 94 30            [12]  447 	subb	a,#0x30
      00006B EC               [12]  448 	mov	a,r4
      00006C 94 75            [12]  449 	subb	a,#0x75
      00006E 50 07            [24]  450 	jnc	00109$
      000070 0D               [12]  451 	inc	r5
      000071 BD 00 EF         [24]  452 	cjne	r5,#0x00,00105$
      000074 0E               [12]  453 	inc	r6
      000075 80 EC            [24]  454 	sjmp	00105$
      000077                        455 00109$:
                                    456 ;	01_led_matrix/led_matrix.c:58: for(uint8_t i=0; i<8; i++) {
      000077 0F               [12]  457 	inc	r7
                                    458 ;	01_led_matrix/led_matrix.c:66: }
      000078 80 B5            [24]  459 	sjmp	00108$
                                    460 	.area CSEG    (CODE)
                                    461 	.area CONST   (CODE)
                                    462 	.area XINIT   (CODE)
                                    463 	.area CABS    (ABS,CODE)
