                                      1 ;--------------------------------------------------------
                                      2 ; File Created by SDCC : free open source ANSI-C Compiler
                                      3 ; Version 4.2.0 #13081 (Linux)
                                      4 ;--------------------------------------------------------
                                      5 	.module lcd
                                      6 	.optsdcc -mmcs51 --model-small
                                      7 	
                                      8 ;--------------------------------------------------------
                                      9 ; Public variables in this module
                                     10 ;--------------------------------------------------------
                                     11 	.globl _custom_char_heart
                                     12 	.globl _main
                                     13 	.globl _hd44780_custom_char
                                     14 	.globl _hd44780_init
                                     15 	.globl _hd44780_text
                                     16 	.globl _hd44780_data
                                     17 	.globl _hd44780_command
                                     18 	.globl _hd44780_byte
                                     19 	.globl _delay
                                     20 	.globl _CY
                                     21 	.globl _AC
                                     22 	.globl _F0
                                     23 	.globl _RS1
                                     24 	.globl _RS0
                                     25 	.globl _OV
                                     26 	.globl _F1
                                     27 	.globl _P
                                     28 	.globl _PS
                                     29 	.globl _PT1
                                     30 	.globl _PX1
                                     31 	.globl _PT0
                                     32 	.globl _PX0
                                     33 	.globl _RD
                                     34 	.globl _WR
                                     35 	.globl _T1
                                     36 	.globl _T0
                                     37 	.globl _INT1
                                     38 	.globl _INT0
                                     39 	.globl _TXD
                                     40 	.globl _RXD
                                     41 	.globl _P3_7
                                     42 	.globl _P3_6
                                     43 	.globl _P3_5
                                     44 	.globl _P3_4
                                     45 	.globl _P3_3
                                     46 	.globl _P3_2
                                     47 	.globl _P3_1
                                     48 	.globl _P3_0
                                     49 	.globl _EA
                                     50 	.globl _ES
                                     51 	.globl _ET1
                                     52 	.globl _EX1
                                     53 	.globl _ET0
                                     54 	.globl _EX0
                                     55 	.globl _P2_7
                                     56 	.globl _P2_6
                                     57 	.globl _P2_5
                                     58 	.globl _P2_4
                                     59 	.globl _P2_3
                                     60 	.globl _P2_2
                                     61 	.globl _P2_1
                                     62 	.globl _P2_0
                                     63 	.globl _SM0
                                     64 	.globl _SM1
                                     65 	.globl _SM2
                                     66 	.globl _REN
                                     67 	.globl _TB8
                                     68 	.globl _RB8
                                     69 	.globl _TI
                                     70 	.globl _RI
                                     71 	.globl _P1_7
                                     72 	.globl _P1_6
                                     73 	.globl _P1_5
                                     74 	.globl _P1_4
                                     75 	.globl _P1_3
                                     76 	.globl _P1_2
                                     77 	.globl _P1_1
                                     78 	.globl _P1_0
                                     79 	.globl _TF1
                                     80 	.globl _TR1
                                     81 	.globl _TF0
                                     82 	.globl _TR0
                                     83 	.globl _IE1
                                     84 	.globl _IT1
                                     85 	.globl _IE0
                                     86 	.globl _IT0
                                     87 	.globl _P0_7
                                     88 	.globl _P0_6
                                     89 	.globl _P0_5
                                     90 	.globl _P0_4
                                     91 	.globl _P0_3
                                     92 	.globl _P0_2
                                     93 	.globl _P0_1
                                     94 	.globl _P0_0
                                     95 	.globl _B
                                     96 	.globl _ACC
                                     97 	.globl _PSW
                                     98 	.globl _IP
                                     99 	.globl _P3
                                    100 	.globl _IE
                                    101 	.globl _P2
                                    102 	.globl _SBUF
                                    103 	.globl _SCON
                                    104 	.globl _P1
                                    105 	.globl _TH1
                                    106 	.globl _TH0
                                    107 	.globl _TL1
                                    108 	.globl _TL0
                                    109 	.globl _TMOD
                                    110 	.globl _TCON
                                    111 	.globl _PCON
                                    112 	.globl _DPH
                                    113 	.globl _DPL
                                    114 	.globl _SP
                                    115 	.globl _P0
                                    116 	.globl _hd44780_custom_char_PARM_2
                                    117 ;--------------------------------------------------------
                                    118 ; special function registers
                                    119 ;--------------------------------------------------------
                                    120 	.area RSEG    (ABS,DATA)
      000000                        121 	.org 0x0000
                           000080   122 _P0	=	0x0080
                           000081   123 _SP	=	0x0081
                           000082   124 _DPL	=	0x0082
                           000083   125 _DPH	=	0x0083
                           000087   126 _PCON	=	0x0087
                           000088   127 _TCON	=	0x0088
                           000089   128 _TMOD	=	0x0089
                           00008A   129 _TL0	=	0x008a
                           00008B   130 _TL1	=	0x008b
                           00008C   131 _TH0	=	0x008c
                           00008D   132 _TH1	=	0x008d
                           000090   133 _P1	=	0x0090
                           000098   134 _SCON	=	0x0098
                           000099   135 _SBUF	=	0x0099
                           0000A0   136 _P2	=	0x00a0
                           0000A8   137 _IE	=	0x00a8
                           0000B0   138 _P3	=	0x00b0
                           0000B8   139 _IP	=	0x00b8
                           0000D0   140 _PSW	=	0x00d0
                           0000E0   141 _ACC	=	0x00e0
                           0000F0   142 _B	=	0x00f0
                                    143 ;--------------------------------------------------------
                                    144 ; special function bits
                                    145 ;--------------------------------------------------------
                                    146 	.area RSEG    (ABS,DATA)
      000000                        147 	.org 0x0000
                           000080   148 _P0_0	=	0x0080
                           000081   149 _P0_1	=	0x0081
                           000082   150 _P0_2	=	0x0082
                           000083   151 _P0_3	=	0x0083
                           000084   152 _P0_4	=	0x0084
                           000085   153 _P0_5	=	0x0085
                           000086   154 _P0_6	=	0x0086
                           000087   155 _P0_7	=	0x0087
                           000088   156 _IT0	=	0x0088
                           000089   157 _IE0	=	0x0089
                           00008A   158 _IT1	=	0x008a
                           00008B   159 _IE1	=	0x008b
                           00008C   160 _TR0	=	0x008c
                           00008D   161 _TF0	=	0x008d
                           00008E   162 _TR1	=	0x008e
                           00008F   163 _TF1	=	0x008f
                           000090   164 _P1_0	=	0x0090
                           000091   165 _P1_1	=	0x0091
                           000092   166 _P1_2	=	0x0092
                           000093   167 _P1_3	=	0x0093
                           000094   168 _P1_4	=	0x0094
                           000095   169 _P1_5	=	0x0095
                           000096   170 _P1_6	=	0x0096
                           000097   171 _P1_7	=	0x0097
                           000098   172 _RI	=	0x0098
                           000099   173 _TI	=	0x0099
                           00009A   174 _RB8	=	0x009a
                           00009B   175 _TB8	=	0x009b
                           00009C   176 _REN	=	0x009c
                           00009D   177 _SM2	=	0x009d
                           00009E   178 _SM1	=	0x009e
                           00009F   179 _SM0	=	0x009f
                           0000A0   180 _P2_0	=	0x00a0
                           0000A1   181 _P2_1	=	0x00a1
                           0000A2   182 _P2_2	=	0x00a2
                           0000A3   183 _P2_3	=	0x00a3
                           0000A4   184 _P2_4	=	0x00a4
                           0000A5   185 _P2_5	=	0x00a5
                           0000A6   186 _P2_6	=	0x00a6
                           0000A7   187 _P2_7	=	0x00a7
                           0000A8   188 _EX0	=	0x00a8
                           0000A9   189 _ET0	=	0x00a9
                           0000AA   190 _EX1	=	0x00aa
                           0000AB   191 _ET1	=	0x00ab
                           0000AC   192 _ES	=	0x00ac
                           0000AF   193 _EA	=	0x00af
                           0000B0   194 _P3_0	=	0x00b0
                           0000B1   195 _P3_1	=	0x00b1
                           0000B2   196 _P3_2	=	0x00b2
                           0000B3   197 _P3_3	=	0x00b3
                           0000B4   198 _P3_4	=	0x00b4
                           0000B5   199 _P3_5	=	0x00b5
                           0000B6   200 _P3_6	=	0x00b6
                           0000B7   201 _P3_7	=	0x00b7
                           0000B0   202 _RXD	=	0x00b0
                           0000B1   203 _TXD	=	0x00b1
                           0000B2   204 _INT0	=	0x00b2
                           0000B3   205 _INT1	=	0x00b3
                           0000B4   206 _T0	=	0x00b4
                           0000B5   207 _T1	=	0x00b5
                           0000B6   208 _WR	=	0x00b6
                           0000B7   209 _RD	=	0x00b7
                           0000B8   210 _PX0	=	0x00b8
                           0000B9   211 _PT0	=	0x00b9
                           0000BA   212 _PX1	=	0x00ba
                           0000BB   213 _PT1	=	0x00bb
                           0000BC   214 _PS	=	0x00bc
                           0000D0   215 _P	=	0x00d0
                           0000D1   216 _F1	=	0x00d1
                           0000D2   217 _OV	=	0x00d2
                           0000D3   218 _RS0	=	0x00d3
                           0000D4   219 _RS1	=	0x00d4
                           0000D5   220 _F0	=	0x00d5
                           0000D6   221 _AC	=	0x00d6
                           0000D7   222 _CY	=	0x00d7
                                    223 ;--------------------------------------------------------
                                    224 ; overlayable register banks
                                    225 ;--------------------------------------------------------
                                    226 	.area REG_BANK_0	(REL,OVR,DATA)
      000000                        227 	.ds 8
                                    228 ;--------------------------------------------------------
                                    229 ; internal ram data
                                    230 ;--------------------------------------------------------
                                    231 	.area DSEG    (DATA)
      000000                        232 _hd44780_custom_char_PARM_2:
      000000                        233 	.ds 3
                                    234 ;--------------------------------------------------------
                                    235 ; overlayable items in internal ram
                                    236 ;--------------------------------------------------------
                                    237 	.area	OSEG    (OVR,DATA)
                                    238 ;--------------------------------------------------------
                                    239 ; Stack segment in internal ram
                                    240 ;--------------------------------------------------------
                                    241 	.area	SSEG
      000000                        242 __start__stack:
      000000                        243 	.ds	1
                                    244 
                                    245 ;--------------------------------------------------------
                                    246 ; indirectly addressable internal ram data
                                    247 ;--------------------------------------------------------
                                    248 	.area ISEG    (DATA)
                                    249 ;--------------------------------------------------------
                                    250 ; absolute internal ram data
                                    251 ;--------------------------------------------------------
                                    252 	.area IABS    (ABS,DATA)
                                    253 	.area IABS    (ABS,DATA)
                                    254 ;--------------------------------------------------------
                                    255 ; bit data
                                    256 ;--------------------------------------------------------
                                    257 	.area BSEG    (BIT)
                                    258 ;--------------------------------------------------------
                                    259 ; paged external ram data
                                    260 ;--------------------------------------------------------
                                    261 	.area PSEG    (PAG,XDATA)
                                    262 ;--------------------------------------------------------
                                    263 ; external ram data
                                    264 ;--------------------------------------------------------
                                    265 	.area XSEG    (XDATA)
                                    266 ;--------------------------------------------------------
                                    267 ; absolute external ram data
                                    268 ;--------------------------------------------------------
                                    269 	.area XABS    (ABS,XDATA)
                                    270 ;--------------------------------------------------------
                                    271 ; external initialized ram data
                                    272 ;--------------------------------------------------------
                                    273 	.area XISEG   (XDATA)
                                    274 	.area HOME    (CODE)
                                    275 	.area GSINIT0 (CODE)
                                    276 	.area GSINIT1 (CODE)
                                    277 	.area GSINIT2 (CODE)
                                    278 	.area GSINIT3 (CODE)
                                    279 	.area GSINIT4 (CODE)
                                    280 	.area GSINIT5 (CODE)
                                    281 	.area GSINIT  (CODE)
                                    282 	.area GSFINAL (CODE)
                                    283 	.area CSEG    (CODE)
                                    284 ;--------------------------------------------------------
                                    285 ; interrupt vector
                                    286 ;--------------------------------------------------------
                                    287 	.area HOME    (CODE)
      000000                        288 __interrupt_vect:
      000000 02r00r00         [24]  289 	ljmp	__sdcc_gsinit_startup
                                    290 ;--------------------------------------------------------
                                    291 ; global & static initialisations
                                    292 ;--------------------------------------------------------
                                    293 	.area HOME    (CODE)
                                    294 	.area GSINIT  (CODE)
                                    295 	.area GSFINAL (CODE)
                                    296 	.area GSINIT  (CODE)
                                    297 	.globl __sdcc_gsinit_startup
                                    298 	.globl __sdcc_program_startup
                                    299 	.globl __start__stack
                                    300 	.globl __mcs51_genXINIT
                                    301 	.globl __mcs51_genXRAMCLEAR
                                    302 	.globl __mcs51_genRAMCLEAR
                                    303 	.area GSFINAL (CODE)
      000000 02r00r03         [24]  304 	ljmp	__sdcc_program_startup
                                    305 ;--------------------------------------------------------
                                    306 ; Home
                                    307 ;--------------------------------------------------------
                                    308 	.area HOME    (CODE)
                                    309 	.area HOME    (CODE)
      000003                        310 __sdcc_program_startup:
      000003 02r00rF2         [24]  311 	ljmp	_main
                                    312 ;	return from main will return to caller
                                    313 ;--------------------------------------------------------
                                    314 ; code
                                    315 ;--------------------------------------------------------
                                    316 	.area CSEG    (CODE)
                                    317 ;------------------------------------------------------------
                                    318 ;Allocation info for local variables in function 'delay'
                                    319 ;------------------------------------------------------------
                                    320 ;t                         Allocated to registers 
                                    321 ;------------------------------------------------------------
                                    322 ;	03_hd44780_lcd/lcd.c:52: void delay(uint16_t t) {
                                    323 ;	-----------------------------------------
                                    324 ;	 function delay
                                    325 ;	-----------------------------------------
      000000                        326 _delay:
                           000007   327 	ar7 = 0x07
                           000006   328 	ar6 = 0x06
                           000005   329 	ar5 = 0x05
                           000004   330 	ar4 = 0x04
                           000003   331 	ar3 = 0x03
                           000002   332 	ar2 = 0x02
                           000001   333 	ar1 = 0x01
                           000000   334 	ar0 = 0x00
      000000 AE 82            [24]  335 	mov	r6,dpl
      000002 AF 83            [24]  336 	mov	r7,dph
                                    337 ;	03_hd44780_lcd/lcd.c:53: while (t--) // Simple delay loop (more than 1us at 12MHz)
      000004                        338 00101$:
      000004 8E 04            [24]  339 	mov	ar4,r6
      000006 8F 05            [24]  340 	mov	ar5,r7
      000008 1E               [12]  341 	dec	r6
      000009 BE FF 01         [24]  342 	cjne	r6,#0xff,00111$
      00000C 1F               [12]  343 	dec	r7
      00000D                        344 00111$:
      00000D EC               [12]  345 	mov	a,r4
      00000E 4D               [12]  346 	orl	a,r5
      00000F 70 F3            [24]  347 	jnz	00101$
                                    348 ;	03_hd44780_lcd/lcd.c:55: }
      000011 22               [24]  349 	ret
                                    350 ;------------------------------------------------------------
                                    351 ;Allocation info for local variables in function 'hd44780_byte'
                                    352 ;------------------------------------------------------------
                                    353 ;d                         Allocated to registers r7 
                                    354 ;------------------------------------------------------------
                                    355 ;	03_hd44780_lcd/lcd.c:57: void hd44780_byte(uint8_t d) {
                                    356 ;	-----------------------------------------
                                    357 ;	 function hd44780_byte
                                    358 ;	-----------------------------------------
      000012                        359 _hd44780_byte:
      000012 AF 82            [24]  360 	mov	r7,dpl
                                    361 ;	03_hd44780_lcd/lcd.c:58: HD44780_E = 1;
                                    362 ;	assignBit
      000014 D2 A7            [12]  363 	setb	_P2_7
                                    364 ;	03_hd44780_lcd/lcd.c:59: HD44780_DATA = d;
      000016 8F 80            [24]  365 	mov	_P0,r7
                                    366 ;	03_hd44780_lcd/lcd.c:60: delay(10); // Enable pulse width
      000018 90 00 0A         [24]  367 	mov	dptr,#0x000a
      00001B 12r00r00         [24]  368 	lcall	_delay
                                    369 ;	03_hd44780_lcd/lcd.c:61: HD44780_E = 0;
                                    370 ;	assignBit
      00001E C2 A7            [12]  371 	clr	_P2_7
                                    372 ;	03_hd44780_lcd/lcd.c:62: delay(10); // Data hold time
      000020 90 00 0A         [24]  373 	mov	dptr,#0x000a
                                    374 ;	03_hd44780_lcd/lcd.c:63: }
      000023 02r00r00         [24]  375 	ljmp	_delay
                                    376 ;------------------------------------------------------------
                                    377 ;Allocation info for local variables in function 'hd44780_command'
                                    378 ;------------------------------------------------------------
                                    379 ;cmd                       Allocated to registers r7 
                                    380 ;------------------------------------------------------------
                                    381 ;	03_hd44780_lcd/lcd.c:65: void hd44780_command(uint8_t cmd) {
                                    382 ;	-----------------------------------------
                                    383 ;	 function hd44780_command
                                    384 ;	-----------------------------------------
      000026                        385 _hd44780_command:
      000026 AF 82            [24]  386 	mov	r7,dpl
                                    387 ;	03_hd44780_lcd/lcd.c:66: HD44780_RS = 0; // Command mode
                                    388 ;	assignBit
      000028 C2 A6            [12]  389 	clr	_P2_6
                                    390 ;	03_hd44780_lcd/lcd.c:67: HD44780_RW = 0; // Write mode
                                    391 ;	assignBit
      00002A C2 A5            [12]  392 	clr	_P2_5
                                    393 ;	03_hd44780_lcd/lcd.c:68: hd44780_byte(cmd);
      00002C 8F 82            [24]  394 	mov	dpl,r7
      00002E 12r00r12         [24]  395 	lcall	_hd44780_byte
                                    396 ;	03_hd44780_lcd/lcd.c:69: delay(100); // Wait for command to process
      000031 90 00 64         [24]  397 	mov	dptr,#0x0064
                                    398 ;	03_hd44780_lcd/lcd.c:70: }
      000034 02r00r00         [24]  399 	ljmp	_delay
                                    400 ;------------------------------------------------------------
                                    401 ;Allocation info for local variables in function 'hd44780_data'
                                    402 ;------------------------------------------------------------
                                    403 ;data                      Allocated to registers r7 
                                    404 ;------------------------------------------------------------
                                    405 ;	03_hd44780_lcd/lcd.c:72: void hd44780_data(uint8_t data) {
                                    406 ;	-----------------------------------------
                                    407 ;	 function hd44780_data
                                    408 ;	-----------------------------------------
      000037                        409 _hd44780_data:
      000037 AF 82            [24]  410 	mov	r7,dpl
                                    411 ;	03_hd44780_lcd/lcd.c:73: HD44780_RS = 1; // Data mode
                                    412 ;	assignBit
      000039 D2 A6            [12]  413 	setb	_P2_6
                                    414 ;	03_hd44780_lcd/lcd.c:74: HD44780_RW = 0; // Write mode
                                    415 ;	assignBit
      00003B C2 A5            [12]  416 	clr	_P2_5
                                    417 ;	03_hd44780_lcd/lcd.c:75: hd44780_byte(data);
      00003D 8F 82            [24]  418 	mov	dpl,r7
      00003F 12r00r12         [24]  419 	lcall	_hd44780_byte
                                    420 ;	03_hd44780_lcd/lcd.c:76: delay(100); // Wait for data to process
      000042 90 00 64         [24]  421 	mov	dptr,#0x0064
                                    422 ;	03_hd44780_lcd/lcd.c:77: }
      000045 02r00r00         [24]  423 	ljmp	_delay
                                    424 ;------------------------------------------------------------
                                    425 ;Allocation info for local variables in function 'hd44780_text'
                                    426 ;------------------------------------------------------------
                                    427 ;str                       Allocated to registers 
                                    428 ;------------------------------------------------------------
                                    429 ;	03_hd44780_lcd/lcd.c:79: void hd44780_text(const char* str) {
                                    430 ;	-----------------------------------------
                                    431 ;	 function hd44780_text
                                    432 ;	-----------------------------------------
      000048                        433 _hd44780_text:
      000048 AD 82            [24]  434 	mov	r5,dpl
      00004A AE 83            [24]  435 	mov	r6,dph
      00004C AF F0            [24]  436 	mov	r7,b
                                    437 ;	03_hd44780_lcd/lcd.c:80: while (*str) {
      00004E                        438 00101$:
      00004E 8D 82            [24]  439 	mov	dpl,r5
      000050 8E 83            [24]  440 	mov	dph,r6
      000052 8F F0            [24]  441 	mov	b,r7
      000054 12r00r00         [24]  442 	lcall	__gptrget
      000057 FC               [12]  443 	mov	r4,a
      000058 60 18            [24]  444 	jz	00104$
                                    445 ;	03_hd44780_lcd/lcd.c:81: hd44780_data((uint8_t)(*str));
      00005A 8C 82            [24]  446 	mov	dpl,r4
      00005C C0 07            [24]  447 	push	ar7
      00005E C0 06            [24]  448 	push	ar6
      000060 C0 05            [24]  449 	push	ar5
      000062 12r00r37         [24]  450 	lcall	_hd44780_data
      000065 D0 05            [24]  451 	pop	ar5
      000067 D0 06            [24]  452 	pop	ar6
      000069 D0 07            [24]  453 	pop	ar7
                                    454 ;	03_hd44780_lcd/lcd.c:82: str++;
      00006B 0D               [12]  455 	inc	r5
      00006C BD 00 DF         [24]  456 	cjne	r5,#0x00,00101$
      00006F 0E               [12]  457 	inc	r6
      000070 80 DC            [24]  458 	sjmp	00101$
      000072                        459 00104$:
                                    460 ;	03_hd44780_lcd/lcd.c:84: }
      000072 22               [24]  461 	ret
                                    462 ;------------------------------------------------------------
                                    463 ;Allocation info for local variables in function 'hd44780_init'
                                    464 ;------------------------------------------------------------
                                    465 ;	03_hd44780_lcd/lcd.c:86: void hd44780_init() { // Figure 23 from HD44780 datasheet
                                    466 ;	-----------------------------------------
                                    467 ;	 function hd44780_init
                                    468 ;	-----------------------------------------
      000073                        469 _hd44780_init:
                                    470 ;	03_hd44780_lcd/lcd.c:87: delay(15000); // Wait for more than 15ms after Vcc rises to 4.5V
      000073 90 3A 98         [24]  471 	mov	dptr,#0x3a98
      000076 12r00r00         [24]  472 	lcall	_delay
                                    473 ;	03_hd44780_lcd/lcd.c:89: hd44780_command(HD44780_FUNC_SET);
      000079 75 82 30         [24]  474 	mov	dpl,#0x30
      00007C 12r00r26         [24]  475 	lcall	_hd44780_command
                                    476 ;	03_hd44780_lcd/lcd.c:90: delay(5000); // Wait for more than 4.1ms
      00007F 90 13 88         [24]  477 	mov	dptr,#0x1388
      000082 12r00r00         [24]  478 	lcall	_delay
                                    479 ;	03_hd44780_lcd/lcd.c:91: hd44780_command(HD44780_FUNC_SET);
      000085 75 82 30         [24]  480 	mov	dpl,#0x30
      000088 12r00r26         [24]  481 	lcall	_hd44780_command
                                    482 ;	03_hd44780_lcd/lcd.c:92: delay(1000); // Wait for more than 1ms
      00008B 90 03 E8         [24]  483 	mov	dptr,#0x03e8
      00008E 12r00r00         [24]  484 	lcall	_delay
                                    485 ;	03_hd44780_lcd/lcd.c:93: hd44780_command(HD44780_FUNC_SET);
      000091 75 82 30         [24]  486 	mov	dpl,#0x30
      000094 12r00r26         [24]  487 	lcall	_hd44780_command
                                    488 ;	03_hd44780_lcd/lcd.c:94: delay(100); // Wait for more than 100us
      000097 90 00 64         [24]  489 	mov	dptr,#0x0064
      00009A 12r00r00         [24]  490 	lcall	_delay
                                    491 ;	03_hd44780_lcd/lcd.c:96: hd44780_command(HD44780_FUNC_SET | HD44780_2_ROWS);
      00009D 75 82 38         [24]  492 	mov	dpl,#0x38
      0000A0 12r00r26         [24]  493 	lcall	_hd44780_command
                                    494 ;	03_hd44780_lcd/lcd.c:97: hd44780_command(HD44780_DISP_OFF);
      0000A3 75 82 08         [24]  495 	mov	dpl,#0x08
      0000A6 12r00r26         [24]  496 	lcall	_hd44780_command
                                    497 ;	03_hd44780_lcd/lcd.c:98: hd44780_command(HD44780_DISP_CLEAR);
      0000A9 75 82 01         [24]  498 	mov	dpl,#0x01
      0000AC 12r00r26         [24]  499 	lcall	_hd44780_command
                                    500 ;	03_hd44780_lcd/lcd.c:99: hd44780_command(HD44780_ENTRY_MODE);
      0000AF 75 82 06         [24]  501 	mov	dpl,#0x06
                                    502 ;	03_hd44780_lcd/lcd.c:100: }
      0000B2 02r00r26         [24]  503 	ljmp	_hd44780_command
                                    504 ;------------------------------------------------------------
                                    505 ;Allocation info for local variables in function 'hd44780_custom_char'
                                    506 ;------------------------------------------------------------
                                    507 ;charmap                   Allocated with name '_hd44780_custom_char_PARM_2'
                                    508 ;location                  Allocated to registers r7 
                                    509 ;i                         Allocated to registers r7 
                                    510 ;------------------------------------------------------------
                                    511 ;	03_hd44780_lcd/lcd.c:102: void hd44780_custom_char(uint8_t location, const uint8_t* charmap) {
                                    512 ;	-----------------------------------------
                                    513 ;	 function hd44780_custom_char
                                    514 ;	-----------------------------------------
      0000B5                        515 _hd44780_custom_char:
                                    516 ;	03_hd44780_lcd/lcd.c:103: location &= 0x7; // We only have 8 locations 0-7
                                    517 ;	03_hd44780_lcd/lcd.c:104: hd44780_command(HD44780_CGRAM_ADDR | (location << 3)); // each location takes 8 bytes
      0000B5 E5 82            [12]  518 	mov	a,dpl
      0000B7 54 07            [12]  519 	anl	a,#0x07
      0000B9 C4               [12]  520 	swap	a
      0000BA 03               [12]  521 	rr	a
      0000BB 54 F8            [12]  522 	anl	a,#0xf8
      0000BD FF               [12]  523 	mov	r7,a
      0000BE 74 40            [12]  524 	mov	a,#0x40
      0000C0 4F               [12]  525 	orl	a,r7
      0000C1 F5 82            [12]  526 	mov	dpl,a
      0000C3 12r00r26         [24]  527 	lcall	_hd44780_command
                                    528 ;	03_hd44780_lcd/lcd.c:105: for (uint8_t i = 0; i < 8; i++) {
      0000C6 7F 00            [12]  529 	mov	r7,#0x00
      0000C8                        530 00103$:
      0000C8 BF 08 00         [24]  531 	cjne	r7,#0x08,00118$
      0000CB                        532 00118$:
      0000CB 50 1F            [24]  533 	jnc	00101$
                                    534 ;	03_hd44780_lcd/lcd.c:106: hd44780_data(charmap[i]);
      0000CD EF               [12]  535 	mov	a,r7
      0000CE 25*00            [12]  536 	add	a,_hd44780_custom_char_PARM_2
      0000D0 FC               [12]  537 	mov	r4,a
      0000D1 E4               [12]  538 	clr	a
      0000D2 35*01            [12]  539 	addc	a,(_hd44780_custom_char_PARM_2 + 1)
      0000D4 FD               [12]  540 	mov	r5,a
      0000D5 AE*02            [24]  541 	mov	r6,(_hd44780_custom_char_PARM_2 + 2)
      0000D7 8C 82            [24]  542 	mov	dpl,r4
      0000D9 8D 83            [24]  543 	mov	dph,r5
      0000DB 8E F0            [24]  544 	mov	b,r6
      0000DD 12r00r00         [24]  545 	lcall	__gptrget
      0000E0 F5 82            [12]  546 	mov	dpl,a
      0000E2 C0 07            [24]  547 	push	ar7
      0000E4 12r00r37         [24]  548 	lcall	_hd44780_data
      0000E7 D0 07            [24]  549 	pop	ar7
                                    550 ;	03_hd44780_lcd/lcd.c:105: for (uint8_t i = 0; i < 8; i++) {
      0000E9 0F               [12]  551 	inc	r7
      0000EA 80 DC            [24]  552 	sjmp	00103$
      0000EC                        553 00101$:
                                    554 ;	03_hd44780_lcd/lcd.c:109: hd44780_command(HD44780_DRAM_ADDR);
      0000EC 75 82 80         [24]  555 	mov	dpl,#0x80
                                    556 ;	03_hd44780_lcd/lcd.c:110: }
      0000EF 02r00r26         [24]  557 	ljmp	_hd44780_command
                                    558 ;------------------------------------------------------------
                                    559 ;Allocation info for local variables in function 'main'
                                    560 ;------------------------------------------------------------
                                    561 ;	03_hd44780_lcd/lcd.c:112: void main(void) {
                                    562 ;	-----------------------------------------
                                    563 ;	 function main
                                    564 ;	-----------------------------------------
      0000F2                        565 _main:
                                    566 ;	03_hd44780_lcd/lcd.c:113: hd44780_init();
      0000F2 12r00r73         [24]  567 	lcall	_hd44780_init
                                    568 ;	03_hd44780_lcd/lcd.c:114: hd44780_custom_char(0, custom_char_heart);
      0000F5 75*00r00         [24]  569 	mov	_hd44780_custom_char_PARM_2,#_custom_char_heart
      0000F8 75*01s00         [24]  570 	mov	(_hd44780_custom_char_PARM_2 + 1),#(_custom_char_heart >> 8)
      0000FB 75*02 80         [24]  571 	mov	(_hd44780_custom_char_PARM_2 + 2),#0x80
      0000FE 75 82 00         [24]  572 	mov	dpl,#0x00
      000101 12r00rB5         [24]  573 	lcall	_hd44780_custom_char
                                    574 ;	03_hd44780_lcd/lcd.c:115: hd44780_command(HD44780_DISP_ON);
      000104 75 82 0C         [24]  575 	mov	dpl,#0x0c
      000107 12r00r26         [24]  576 	lcall	_hd44780_command
                                    577 ;	03_hd44780_lcd/lcd.c:116: hd44780_text("Hello, World!");
      00010A 90r00r08         [24]  578 	mov	dptr,#___str_0
      00010D 75 F0 80         [24]  579 	mov	b,#0x80
      000110 12r00r48         [24]  580 	lcall	_hd44780_text
                                    581 ;	03_hd44780_lcd/lcd.c:117: hd44780_command((HD44780_POSITION | HD44780_ROW2_START) | 1);
      000113 75 82 C1         [24]  582 	mov	dpl,#0xc1
      000116 12r00r26         [24]  583 	lcall	_hd44780_command
                                    584 ;	03_hd44780_lcd/lcd.c:118: hd44780_data('\x00'); // Custom heart character
      000119 75 82 00         [24]  585 	mov	dpl,#0x00
      00011C 12r00r37         [24]  586 	lcall	_hd44780_data
                                    587 ;	03_hd44780_lcd/lcd.c:119: hd44780_text("From 8051!");
      00011F 90r00r16         [24]  588 	mov	dptr,#___str_1
      000122 75 F0 80         [24]  589 	mov	b,#0x80
      000125 12r00r48         [24]  590 	lcall	_hd44780_text
                                    591 ;	03_hd44780_lcd/lcd.c:120: hd44780_data('\x00'); // Custom heart character
      000128 75 82 00         [24]  592 	mov	dpl,#0x00
      00012B 12r00r37         [24]  593 	lcall	_hd44780_data
      00012E                        594 00103$:
                                    595 ;	03_hd44780_lcd/lcd.c:123: }
      00012E 80 FE            [24]  596 	sjmp	00103$
                                    597 	.area CSEG    (CODE)
                                    598 	.area CONST   (CODE)
      000000                        599 _custom_char_heart:
      000000 00                     600 	.db #0x00	; 0
      000001 0A                     601 	.db #0x0a	; 10
      000002 1F                     602 	.db #0x1f	; 31
      000003 1F                     603 	.db #0x1f	; 31
      000004 1F                     604 	.db #0x1f	; 31
      000005 0E                     605 	.db #0x0e	; 14
      000006 04                     606 	.db #0x04	; 4
      000007 00                     607 	.db #0x00	; 0
                                    608 	.area CONST   (CODE)
      000008                        609 ___str_0:
      000008 48 65 6C 6C 6F 2C 20   610 	.ascii "Hello, World!"
             57 6F 72 6C 64 21
      000015 00                     611 	.db 0x00
                                    612 	.area CSEG    (CODE)
                                    613 	.area CONST   (CODE)
      000016                        614 ___str_1:
      000016 46 72 6F 6D 20 38 30   615 	.ascii "From 8051!"
             35 31 21
      000020 00                     616 	.db 0x00
                                    617 	.area CSEG    (CODE)
                                    618 	.area XINIT   (CODE)
                                    619 	.area CABS    (ABS,CODE)
