ASxxxx Linker V03.00 + NoICE + sdld,  page 1.
Hexadecimal  [32-Bits]

Area                                    Addr        Size        Decimal Bytes (Attributes)
--------------------------------        ----        ----        ------- ----- ------------
CABS                                00000000    00000000 =           0. bytes (ABS,CON,CODE)

      Value  Global                              Global Defined In Module
      -----  --------------------------------   ------------------------
C:   00000000  l_BIT_BANK                      
C:   00000000  l_BSEG                          
C:   00000000  l_BSEG_BYTES                    
C:   00000000  l_CABS                          
C:   00000000  l_GSINIT1                       
C:   00000000  l_GSINIT5                       
C:   00000000  l_IABS                          
C:   00000000  l_ISEG                          
C:   00000000  l_PSEG                          
C:   00000000  l_REG_BANK_1                    
C:   00000000  l_REG_BANK_2                    
C:   00000000  l_REG_BANK_3                    
C:   00000000  l_RSEG                          
C:   00000000  l_RSEG0                         
C:   00000000  l_RSEG1                         
C:   00000000  l_XABS                          
C:   00000000  l_XINIT                         
C:   00000000  l_XISEG                         
C:   00000000  l_XSEG                          
C:   00000000  l__CODE                         
C:   00000000  s_BSEG                          
C:   00000000  s_CABS                          
C:   00000000  s_DSEG                          
C:   00000000  s_HOME                          
C:   00000000  s_IABS                          
C:   00000000  s_ISEG                          
C:   00000000  s_REG_BANK_0                    
C:   00000000  s_RSEG                          
C:   00000000  s_RSEG0                         
C:   00000000  s_RSEG1                         
C:   00000000  s_XABS                          
C:   00000001  s_PSEG                          
C:   00000001  s_XISEG                         
C:   00000001  s_XSEG                          
C:   00000002  l_OSEG                          
C:   00000003  l_GSFINAL                       
C:   00000003  l_GSINIT0                       
C:   00000006  l_GSINIT                        
C:   00000008  l_REG_BANK_0                    
C:   00000008  s_REG_BANK_1                    
C:   0000000A  l_GSINIT2                       
C:   00000010  s_REG_BANK_2                    
C:   00000011  l_CONST                         
C:   00000011  l_HOME                          
C:   00000011  s_GSINIT0                       
C:   00000014  s_GSINIT1                       
C:   00000014  s_GSINIT2                       
C:   00000018  s_BIT_BANK                      
C:   00000018  s_REG_BANK_3                    
C:   0000001A  s_OSEG                          
ASxxxx Linker V03.00 + NoICE + sdld,  page 2.
Hexadecimal  [32-Bits]

Area                                    Addr        Size        Decimal Bytes (Attributes)
--------------------------------        ----        ----        ------- ----- ------------
CABS                                00000000    00000000 =           0. bytes (ABS,CON,CODE)

      Value  Global                              Global Defined In Module
      -----  --------------------------------   ------------------------
C:   0000001C  s_SSEG                          
C:   0000001E  s_GSINIT3                       
C:   00000020  s_BSEG_BYTES                    
C:   00000020  s__CODE                         
C:   00000022  l_GSINIT3                       
C:   0000002A  l_GSINIT4                       
C:   00000040  s_GSINIT4                       
C:   0000006A  s_GSINIT                        
C:   0000006A  s_GSINIT5                       
C:   00000070  s_GSFINAL                       
C:   00000073  s_CSEG                          
C:   00000080  l_DSEG                          
C:   000000E4  l_SSEG                          
C:   00000100  l_IRAM                          
C:   00000385  l_CSEG                          
C:   000003F8  s_CONST                         
C:   00000409  s_XINIT                         

ASxxxx Linker V03.00 + NoICE + sdld,  page 3.
Hexadecimal  [32-Bits]

Area                                    Addr        Size        Decimal Bytes (Attributes)
--------------------------------        ----        ----        ------- ----- ------------
.  .ABS.                            00000000    00000000 =           0. bytes (ABS,CON)

      Value  Global                              Global Defined In Module
      -----  --------------------------------   ------------------------
     00000000  .__.ABS.                           _startup
     00000080  _P0                                wire
     00000080  _P0_0                              wire
     00000081  _P0_1                              wire
     00000081  _SP                                wire
     00000082  _DPL                               wire
     00000082  _P0_2                              wire
     00000083  _DPH                               wire
     00000083  _P0_3                              wire
     00000084  _P0_4                              wire
     00000085  _P0_5                              wire
     00000086  _P0_6                              wire
     00000087  _P0_7                              wire
     00000087  _PCON                              wire
     00000088  _IT0                               wire
     00000088  _TCON                              wire
     00000089  _IE0                               wire
     00000089  _TMOD                              wire
     0000008A  _IT1                               wire
     0000008A  _TL0                               wire
     0000008B  _IE1                               wire
     0000008B  _TL1                               wire
     0000008C  _TH0                               wire
     0000008C  _TR0                               wire
     0000008D  _TF0                               wire
     0000008D  _TH1                               wire
     0000008E  _TR1                               wire
     0000008F  _TF1                               wire
     00000090  _P1                                wire
     00000090  _P1_0                              wire
     00000091  _P1_1                              wire
     00000092  _P1_2                              wire
     00000093  _P1_3                              wire
     00000094  _P1_4                              wire
     00000095  _P1_5                              wire
     00000096  _P1_6                              wire
     00000097  _P1_7                              wire
     00000098  _RI                                wire
     00000098  _SCON                              wire
     00000099  _SBUF                              wire
     00000099  _TI                                wire
     0000009A  _RB8                               wire
     0000009B  _TB8                               wire
     0000009C  _REN                               wire
     0000009D  _SM2                               wire
     0000009E  _SM1                               wire
     0000009F  _SM0                               wire
     000000A0  _P2                                wire
     000000A0  _P2_0                              wire
     000000A0  __XPAGE                            
ASxxxx Linker V03.00 + NoICE + sdld,  page 4.
Hexadecimal  [32-Bits]

Area                                    Addr        Size        Decimal Bytes (Attributes)
--------------------------------        ----        ----        ------- ----- ------------
.  .ABS.                            00000000    00000000 =           0. bytes (ABS,CON)

      Value  Global                              Global Defined In Module
      -----  --------------------------------   ------------------------
     000000A1  _P2_1                              wire
     000000A2  _P2_2                              wire
     000000A3  _P2_3                              wire
     000000A4  _P2_4                              wire
     000000A5  _P2_5                              wire
     000000A6  _P2_6                              wire
     000000A7  _P2_7                              wire
     000000A8  _EX0                               wire
     000000A8  _IE                                wire
     000000A9  _ET0                               wire
     000000AA  _EX1                               wire
     000000AB  _ET1                               wire
     000000AC  _ES                                wire
     000000AF  _EA                                wire
     000000B0  _P3                                wire
     000000B0  _P3_0                              wire
     000000B0  _RXD                               wire
     000000B1  _P3_1                              wire
     000000B1  _TXD                               wire
     000000B2  _INT0                              wire
     000000B2  _P3_2                              wire
     000000B3  _INT1                              wire
     000000B3  _P3_3                              wire
     000000B4  _P3_4                              wire
     000000B4  _T0                                wire
     000000B5  _P3_5                              wire
     000000B5  _T1                                wire
     000000B6  _P3_6                              wire
     000000B6  _WR                                wire
     000000B7  _P3_7                              wire
     000000B7  _RD                                wire
     000000B8  _IP                                wire
     000000B8  _PX0                               wire
     000000B9  _PT0                               wire
     000000BA  _PX1                               wire
     000000BB  _PT1                               wire
     000000BC  _PS                                wire
     000000D0  _P                                 wire
     000000D0  _PSW                               wire
     000000D1  _F1                                wire
     000000D2  _OV                                wire
     000000D3  _RS0                               wire
     000000D4  _RS1                               wire
     000000D5  _F0                                wire
     000000D6  _AC                                wire
     000000D7  _CY                                wire
     000000E0  _ACC                               wire
     000000F0  _B                                 wire
     000000F5  _B_5                               _gptrput
     000000F6  _B_6                               _gptrput
     000000F7  _B_7                               _gptrput

ASxxxx Linker V03.00 + NoICE + sdld,  page 5.
Hexadecimal  [32-Bits]

Area                                    Addr        Size        Decimal Bytes (Attributes)
--------------------------------        ----        ----        ------- ----- ------------
REG_BANK_0                          00000000    00000008 =           8. bytes (REL,OVR)

      Value  Global                              Global Defined In Module
      -----  --------------------------------   ------------------------
ASxxxx Linker V03.00 + NoICE + sdld,  page 6.
Hexadecimal  [32-Bits]

Area                                    Addr        Size        Decimal Bytes (Attributes)
--------------------------------        ----        ----        ------- ----- ------------
DSEG                                00000000    00000080 =         128. bytes (REL,CON)

      Value  Global                              Global Defined In Module
      -----  --------------------------------   ------------------------
     00000008  _seg_digit                         wire
     00000009  _decimal_index                     wire
     0000000A  _digits                            wire
     00000012  _int_to_digits_PARM_2              wire

ASxxxx Linker V03.00 + NoICE + sdld,  page 7.
Hexadecimal  [32-Bits]

Area                                    Addr        Size        Decimal Bytes (Attributes)
--------------------------------        ----        ----        ------- ----- ------------
OSEG                                0000001A    00000002 =           2. bytes (REL,OVR)

      Value  Global                              Global Defined In Module
      -----  --------------------------------   ------------------------
     0000001A  __divsint_PARM_2                   _divuint
     0000001A  __divuint_PARM_2                   _divuint
     0000001A  __gptrput_PARM_2                   _gptrput
     0000001A  __modsint_PARM_2                   _moduint
     0000001A  __moduint_PARM_2                   _moduint
     0000001A  __mulint_PARM_2                    _mulint
ASxxxx Linker V03.00 + NoICE + sdld,  page 8.
Hexadecimal  [32-Bits]

Area                                    Addr        Size        Decimal Bytes (Attributes)
--------------------------------        ----        ----        ------- ----- ------------
SSEG                                0000001C    000000E4 =         228. bytes (REL,OVR)

      Value  Global                              Global Defined In Module
      -----  --------------------------------   ------------------------
     0000001C  __start__stack                     wire

ASxxxx Linker V03.00 + NoICE + sdld,  page 9.
Hexadecimal  [32-Bits]

Area                                    Addr        Size        Decimal Bytes (Attributes)
--------------------------------        ----        ----        ------- ----- ------------
HOME                                00000000    00000011 =          17. bytes (REL,CON,CODE)

      Value  Global                              Global Defined In Module
      -----  --------------------------------   ------------------------
C:   0000000E  __sdcc_program_startup             wire

ASxxxx Linker V03.00 + NoICE + sdld,  page 10.
Hexadecimal  [32-Bits]

Area                                    Addr        Size        Decimal Bytes (Attributes)
--------------------------------        ----        ----        ------- ----- ------------
GSINIT0                             00000011    00000003 =           3. bytes (REL,CON,CODE)

      Value  Global                              Global Defined In Module
      -----  --------------------------------   ------------------------
C:   00000011  __sdcc_gsinit_startup              

ASxxxx Linker V03.00 + NoICE + sdld,  page 11.
Hexadecimal  [32-Bits]

Area                                    Addr        Size        Decimal Bytes (Attributes)
--------------------------------        ----        ----        ------- ----- ------------
GSINIT2                             00000014    0000000A =          10. bytes (REL,CON,CODE)

      Value  Global                              Global Defined In Module
      -----  --------------------------------   ------------------------
ASxxxx Linker V03.00 + NoICE + sdld,  page 12.
Hexadecimal  [32-Bits]

Area                                    Addr        Size        Decimal Bytes (Attributes)
--------------------------------        ----        ----        ------- ----- ------------
GSINIT3                             0000001E    00000022 =          34. bytes (REL,CON,CODE)

      Value  Global                              Global Defined In Module
      -----  --------------------------------   ------------------------
C:   0000001E  __mcs51_genXINIT                   

ASxxxx Linker V03.00 + NoICE + sdld,  page 13.
Hexadecimal  [32-Bits]

Area                                    Addr        Size        Decimal Bytes (Attributes)
--------------------------------        ----        ----        ------- ----- ------------
GSINIT4                             00000040    0000002A =          42. bytes (REL,CON,CODE)

      Value  Global                              Global Defined In Module
      -----  --------------------------------   ------------------------
C:   00000040  __mcs51_genRAMCLEAR                
C:   00000046  __mcs51_genXRAMCLEAR               

ASxxxx Linker V03.00 + NoICE + sdld,  page 14.
Hexadecimal  [32-Bits]

Area                                    Addr        Size        Decimal Bytes (Attributes)
--------------------------------        ----        ----        ------- ----- ------------
GSINIT                              0000006A    00000006 =           6. bytes (REL,CON,CODE)

      Value  Global                              Global Defined In Module
      -----  --------------------------------   ------------------------
ASxxxx Linker V03.00 + NoICE + sdld,  page 15.
Hexadecimal  [32-Bits]

Area                                    Addr        Size        Decimal Bytes (Attributes)
--------------------------------        ----        ----        ------- ----- ------------
GSFINAL                             00000070    00000003 =           3. bytes (REL,CON,CODE)

      Value  Global                              Global Defined In Module
      -----  --------------------------------   ------------------------
ASxxxx Linker V03.00 + NoICE + sdld,  page 16.
Hexadecimal  [32-Bits]

Area                                    Addr        Size        Decimal Bytes (Attributes)
--------------------------------        ----        ----        ------- ----- ------------
CSEG                                00000073    00000385 =         901. bytes (REL,CON,CODE)

      Value  Global                              Global Defined In Module
      -----  --------------------------------   ------------------------
C:   00000073  _delay                             wire
C:   00000085  _wire_init                         wire
C:   0000009E  _wire_write_byte                   wire
C:   000000CF  _wire_read_byte                    wire
C:   0000010C  _ds18b20_start_conversion          wire
C:   0000011B  _ds18b20_read_temperature          wire
C:   0000014D  _temp_to_celsius                   wire
C:   00000170  _timer0_init                       wire
C:   00000181  _tf0_isr                           wire
C:   000001DC  _int_to_digits                     wire
C:   0000028E  _main                              wire
C:   000002D8  __gptrput                          _gptrput
C:   000002F3  __mulint                           _mulint
C:   000002F3  __mulint_dummy                     _mulint
C:   00000310  __moduint                          _moduint
C:   0000035D  __divuint                          _divuint
C:   00000386  __modsint                          _modsint
C:   000003BC  __divsint                          _divsint
C:   000003F4  __sdcc_external_startup            _startup

ASxxxx Linker V03.00 + NoICE + sdld,  page 17.
Hexadecimal  [32-Bits]

Area                                    Addr        Size        Decimal Bytes (Attributes)
--------------------------------        ----        ----        ------- ----- ------------
CONST                               000003F8    00000011 =          17. bytes (REL,CON,CODE)

      Value  Global                              Global Defined In Module
      -----  --------------------------------   ------------------------
C:   000003F8  _segment_map                       wire
C:   00000408  _segment_dp                        wire

ASxxxx Linker V03.00 + NoICE + sdld,  page 18.

Files Linked                              [ module(s) ]

/mnt/volume1/code/bw-board/rom/stc89c52-demos/06_DS18B20_1wire.rel
                                          [  ]


Libraries Linked                          [ object file ]

/usr/bin/../share/sdcc/lib/small/mcs51.lib
                                          [ crtclear.rel ]
/usr/bin/../share/sdcc/lib/small/mcs51.lib
                                          [ crtxinit.rel ]
/usr/bin/../share/sdcc/lib/small/libsdcc.lib
                                          [ _gptrput.rel ]
/usr/bin/../share/sdcc/lib/small/libint.lib
                                          [ _mulint.rel ]
/usr/bin/../share/sdcc/lib/small/libint.lib
                                          [ _moduint.rel ]
/usr/bin/../share/sdcc/lib/small/mcs51.lib
                                          [ crtxclear.rel ]
/usr/bin/../share/sdcc/lib/small/libint.lib
                                          [ _divuint.rel ]
/usr/bin/../share/sdcc/lib/small/mcs51.lib
                                          [ crtpagesfr.rel ]
/usr/bin/../share/sdcc/lib/small/mcs51.lib
                                          [ crtstart.rel ]
/usr/bin/../share/sdcc/lib/small/libint.lib
                                          [ _modsint.rel ]
/usr/bin/../share/sdcc/lib/small/libint.lib
                                          [ _divsint.rel ]
/usr/bin/../share/sdcc/lib/small/libsdcc.lib
                                          [ _startup.rel ]

ASxxxx Linker V03.00 + NoICE + sdld,  page 19.

User Base Address Definitions

HOME = 0x0000
XSEG = 0x0001
PSEG = 0x0001
ISEG = 0x0000
BSEG = 0x0000

