ASxxxx Linker V03.00 + NoICE + sdld,  page 1.
Hexadecimal  [32-Bits]

Area                                    Addr        Size        Decimal Bytes (Attributes)
--------------------------------        ----        ----        ------- ----- ------------
CABS                                00000000    00000000 =           0. bytes (ABS,CON,CODE)

      Value  Global                              Global Defined In Module
      -----  --------------------------------   ------------------------
C:   00000000  l_BIT_BANK                      
C:   00000000  l_BSEG                          
C:   00000000  l_BSEG_BYTES                    
C:   00000000  l_CABS                          
C:   00000000  l_GSINIT1                       
C:   00000000  l_GSINIT5                       
C:   00000000  l_IABS                          
C:   00000000  l_ISEG                          
C:   00000000  l_OSEG                          
C:   00000000  l_PSEG                          
C:   00000000  l_REG_BANK_1                    
C:   00000000  l_REG_BANK_2                    
C:   00000000  l_REG_BANK_3                    
C:   00000000  l_RSEG                          
C:   00000000  l_RSEG0                         
C:   00000000  l_RSEG1                         
C:   00000000  l_XABS                          
C:   00000000  l_XINIT                         
C:   00000000  l_XISEG                         
C:   00000000  l_XSEG                          
C:   00000000  l__CODE                         
C:   00000000  s_BSEG                          
C:   00000000  s_CABS                          
C:   00000000  s_DSEG                          
C:   00000000  s_HOME                          
C:   00000000  s_IABS                          
C:   00000000  s_ISEG                          
C:   00000000  s_REG_BANK_0                    
C:   00000000  s_RSEG                          
C:   00000000  s_RSEG0                         
C:   00000000  s_RSEG1                         
C:   00000000  s_XABS                          
C:   00000001  s_PSEG                          
C:   00000001  s_XISEG                         
C:   00000001  s_XSEG                          
C:   00000003  l_GSFINAL                       
C:   00000003  l_GSINIT0                       
C:   00000008  l_REG_BANK_0                    
C:   00000008  s_REG_BANK_1                    
C:   0000000A  l_GSINIT2                       
C:   00000010  l_CONST                         
C:   00000010  s_REG_BANK_2                    
C:   00000011  l_HOME                          
C:   00000011  s_GSINIT0                       
C:   00000012  s_SSEG                          
C:   00000014  s_GSINIT1                       
C:   00000014  s_GSINIT2                       
C:   00000018  l_GSINIT                        
C:   00000018  s_BIT_BANK                      
C:   00000018  s_OSEG                          
ASxxxx Linker V03.00 + NoICE + sdld,  page 2.
Hexadecimal  [32-Bits]

Area                                    Addr        Size        Decimal Bytes (Attributes)
--------------------------------        ----        ----        ------- ----- ------------
CABS                                00000000    00000000 =           0. bytes (ABS,CON,CODE)

      Value  Global                              Global Defined In Module
      -----  --------------------------------   ------------------------
C:   00000018  s_REG_BANK_3                    
C:   0000001E  s_GSINIT3                       
C:   00000020  s_BSEG_BYTES                    
C:   00000020  s__CODE                         
C:   00000022  l_GSINIT3                       
C:   0000002A  l_GSINIT4                       
C:   00000040  s_GSINIT4                       
C:   0000006A  s_GSINIT                        
C:   0000006A  s_GSINIT5                       
C:   00000080  l_DSEG                          
C:   00000082  s_GSFINAL                       
C:   00000085  s_CSEG                          
C:   000000EE  l_SSEG                          
C:   00000100  l_IRAM                          
C:   00000132  l_CSEG                          
C:   000001B7  s_CONST                         
C:   000001C7  s_XINIT                         

ASxxxx Linker V03.00 + NoICE + sdld,  page 3.
Hexadecimal  [32-Bits]

Area                                    Addr        Size        Decimal Bytes (Attributes)
--------------------------------        ----        ----        ------- ----- ------------
.  .ABS.                            00000000    00000000 =           0. bytes (ABS,CON)

      Value  Global                              Global Defined In Module
      -----  --------------------------------   ------------------------
     00000000  .__.ABS.                           _startup
     00000080  _P0                                irda
     00000080  _P0_0                              irda
     00000081  _P0_1                              irda
     00000081  _SP                                irda
     00000082  _DPL                               irda
     00000082  _P0_2                              irda
     00000083  _DPH                               irda
     00000083  _P0_3                              irda
     00000084  _P0_4                              irda
     00000085  _P0_5                              irda
     00000086  _P0_6                              irda
     00000087  _P0_7                              irda
     00000087  _PCON                              irda
     00000088  _IT0                               irda
     00000088  _TCON                              irda
     00000089  _IE0                               irda
     00000089  _TMOD                              irda
     0000008A  _IT1                               irda
     0000008A  _TL0                               irda
     0000008B  _IE1                               irda
     0000008B  _TL1                               irda
     0000008C  _TH0                               irda
     0000008C  _TR0                               irda
     0000008D  _TF0                               irda
     0000008D  _TH1                               irda
     0000008E  _TR1                               irda
     0000008F  _TF1                               irda
     00000090  _P1                                irda
     00000090  _P1_0                              irda
     00000091  _P1_1                              irda
     00000092  _P1_2                              irda
     00000093  _P1_3                              irda
     00000094  _P1_4                              irda
     00000095  _P1_5                              irda
     00000096  _P1_6                              irda
     00000097  _P1_7                              irda
     00000098  _RI                                irda
     00000098  _SCON                              irda
     00000099  _SBUF                              irda
     00000099  _TI                                irda
     0000009A  _RB8                               irda
     0000009B  _TB8                               irda
     0000009C  _REN                               irda
     0000009D  _SM2                               irda
     0000009E  _SM1                               irda
     0000009F  _SM0                               irda
     000000A0  _P2                                irda
     000000A0  _P2_0                              irda
     000000A0  __XPAGE                            
ASxxxx Linker V03.00 + NoICE + sdld,  page 4.
Hexadecimal  [32-Bits]

Area                                    Addr        Size        Decimal Bytes (Attributes)
--------------------------------        ----        ----        ------- ----- ------------
.  .ABS.                            00000000    00000000 =           0. bytes (ABS,CON)

      Value  Global                              Global Defined In Module
      -----  --------------------------------   ------------------------
     000000A1  _P2_1                              irda
     000000A2  _P2_2                              irda
     000000A3  _P2_3                              irda
     000000A4  _P2_4                              irda
     000000A5  _P2_5                              irda
     000000A6  _P2_6                              irda
     000000A7  _P2_7                              irda
     000000A8  _EX0                               irda
     000000A8  _IE                                irda
     000000A9  _ET0                               irda
     000000AA  _EX1                               irda
     000000AB  _ET1                               irda
     000000AC  _ES                                irda
     000000AF  _EA                                irda
     000000B0  _P3                                irda
     000000B0  _P3_0                              irda
     000000B0  _RXD                               irda
     000000B1  _P3_1                              irda
     000000B1  _TXD                               irda
     000000B2  _INT0                              irda
     000000B2  _P3_2                              irda
     000000B3  _INT1                              irda
     000000B3  _P3_3                              irda
     000000B4  _P3_4                              irda
     000000B4  _T0                                irda
     000000B5  _P3_5                              irda
     000000B5  _T1                                irda
     000000B6  _P3_6                              irda
     000000B6  _WR                                irda
     000000B7  _P3_7                              irda
     000000B7  _RD                                irda
     000000B8  _IP                                irda
     000000B8  _PX0                               irda
     000000B9  _PT0                               irda
     000000BA  _PX1                               irda
     000000BB  _PT1                               irda
     000000BC  _PS                                irda
     000000D0  _P                                 irda
     000000D0  _PSW                               irda
     000000D1  _F1                                irda
     000000D2  _OV                                irda
     000000D3  _RS0                               irda
     000000D4  _RS1                               irda
     000000D5  _F0                                irda
     000000D6  _AC                                irda
     000000D7  _CY                                irda
     000000E0  _ACC                               irda
     000000F0  _B                                 irda

ASxxxx Linker V03.00 + NoICE + sdld,  page 5.
Hexadecimal  [32-Bits]

Area                                    Addr        Size        Decimal Bytes (Attributes)
--------------------------------        ----        ----        ------- ----- ------------
REG_BANK_0                          00000000    00000008 =           8. bytes (REL,OVR)

      Value  Global                              Global Defined In Module
      -----  --------------------------------   ------------------------
ASxxxx Linker V03.00 + NoICE + sdld,  page 6.
Hexadecimal  [32-Bits]

Area                                    Addr        Size        Decimal Bytes (Attributes)
--------------------------------        ----        ----        ------- ----- ------------
DSEG                                00000000    00000080 =         128. bytes (REL,CON)

      Value  Global                              Global Defined In Module
      -----  --------------------------------   ------------------------
     00000008  _ms_counter                        irda
     00000009  _pulse_count                       irda
     0000000A  _pattern                           irda
     0000000E  _last_pattern                      irda

ASxxxx Linker V03.00 + NoICE + sdld,  page 7.
Hexadecimal  [32-Bits]

Area                                    Addr        Size        Decimal Bytes (Attributes)
--------------------------------        ----        ----        ------- ----- ------------
SSEG                                00000012    000000EE =         238. bytes (REL,OVR)

      Value  Global                              Global Defined In Module
      -----  --------------------------------   ------------------------
     00000012  __start__stack                     irda

ASxxxx Linker V03.00 + NoICE + sdld,  page 8.
Hexadecimal  [32-Bits]

Area                                    Addr        Size        Decimal Bytes (Attributes)
--------------------------------        ----        ----        ------- ----- ------------
HOME                                00000000    00000011 =          17. bytes (REL,CON,CODE)

      Value  Global                              Global Defined In Module
      -----  --------------------------------   ------------------------
C:   0000000E  __sdcc_program_startup             irda

ASxxxx Linker V03.00 + NoICE + sdld,  page 9.
Hexadecimal  [32-Bits]

Area                                    Addr        Size        Decimal Bytes (Attributes)
--------------------------------        ----        ----        ------- ----- ------------
GSINIT0                             00000011    00000003 =           3. bytes (REL,CON,CODE)

      Value  Global                              Global Defined In Module
      -----  --------------------------------   ------------------------
C:   00000011  __sdcc_gsinit_startup              

ASxxxx Linker V03.00 + NoICE + sdld,  page 10.
Hexadecimal  [32-Bits]

Area                                    Addr        Size        Decimal Bytes (Attributes)
--------------------------------        ----        ----        ------- ----- ------------
GSINIT2                             00000014    0000000A =          10. bytes (REL,CON,CODE)

      Value  Global                              Global Defined In Module
      -----  --------------------------------   ------------------------
ASxxxx Linker V03.00 + NoICE + sdld,  page 11.
Hexadecimal  [32-Bits]

Area                                    Addr        Size        Decimal Bytes (Attributes)
--------------------------------        ----        ----        ------- ----- ------------
GSINIT3                             0000001E    00000022 =          34. bytes (REL,CON,CODE)

      Value  Global                              Global Defined In Module
      -----  --------------------------------   ------------------------
C:   0000001E  __mcs51_genXINIT                   

ASxxxx Linker V03.00 + NoICE + sdld,  page 12.
Hexadecimal  [32-Bits]

Area                                    Addr        Size        Decimal Bytes (Attributes)
--------------------------------        ----        ----        ------- ----- ------------
GSINIT4                             00000040    0000002A =          42. bytes (REL,CON,CODE)

      Value  Global                              Global Defined In Module
      -----  --------------------------------   ------------------------
C:   00000040  __mcs51_genRAMCLEAR                
C:   00000046  __mcs51_genXRAMCLEAR               

ASxxxx Linker V03.00 + NoICE + sdld,  page 13.
Hexadecimal  [32-Bits]

Area                                    Addr        Size        Decimal Bytes (Attributes)
--------------------------------        ----        ----        ------- ----- ------------
GSINIT                              0000006A    00000018 =          24. bytes (REL,CON,CODE)

      Value  Global                              Global Defined In Module
      -----  --------------------------------   ------------------------
ASxxxx Linker V03.00 + NoICE + sdld,  page 14.
Hexadecimal  [32-Bits]

Area                                    Addr        Size        Decimal Bytes (Attributes)
--------------------------------        ----        ----        ------- ----- ------------
GSFINAL                             00000082    00000003 =           3. bytes (REL,CON,CODE)

      Value  Global                              Global Defined In Module
      -----  --------------------------------   ------------------------
ASxxxx Linker V03.00 + NoICE + sdld,  page 15.
Hexadecimal  [32-Bits]

Area                                    Addr        Size        Decimal Bytes (Attributes)
--------------------------------        ----        ----        ------- ----- ------------
CSEG                                00000085    00000132 =         306. bytes (REL,CON,CODE)

      Value  Global                              Global Defined In Module
      -----  --------------------------------   ------------------------
C:   00000085  _timer0_init                       irda
C:   00000098  _ext_init                          irda
C:   0000009D  _tf0_isr                           irda
C:   000000B6  _int0_isr                          irda
C:   00000148  _delay                             irda
C:   0000015A  _main                              irda
C:   000001B3  __sdcc_external_startup            _startup

ASxxxx Linker V03.00 + NoICE + sdld,  page 16.
Hexadecimal  [32-Bits]

Area                                    Addr        Size        Decimal Bytes (Attributes)
--------------------------------        ----        ----        ------- ----- ------------
CONST                               000001B7    00000010 =          16. bytes (REL,CON,CODE)

      Value  Global                              Global Defined In Module
      -----  --------------------------------   ------------------------
C:   000001B7  _segment_map                       irda

ASxxxx Linker V03.00 + NoICE + sdld,  page 17.

Files Linked                              [ module(s) ]

/mnt/volume1/code/bw-board/rom/stc89c52-demos/08_irda.rel
                                          [  ]


Libraries Linked                          [ object file ]

/usr/bin/../share/sdcc/lib/small/mcs51.lib
                                          [ crtclear.rel ]
/usr/bin/../share/sdcc/lib/small/mcs51.lib
                                          [ crtxinit.rel ]
/usr/bin/../share/sdcc/lib/small/mcs51.lib
                                          [ crtxclear.rel ]
/usr/bin/../share/sdcc/lib/small/mcs51.lib
                                          [ crtpagesfr.rel ]
/usr/bin/../share/sdcc/lib/small/mcs51.lib
                                          [ crtstart.rel ]
/usr/bin/../share/sdcc/lib/small/libsdcc.lib
                                          [ _startup.rel ]

ASxxxx Linker V03.00 + NoICE + sdld,  page 18.

User Base Address Definitions

HOME = 0x0000
XSEG = 0x0001
PSEG = 0x0001
ISEG = 0x0000
BSEG = 0x0000

